<?xml version="1.0" encoding="ISO-8859-1" ?>
<link_info>
   <banner>TI ARM Linker PC v18.1.2.LTS</banner>
   <copyright>Copyright (c) 1996-2017 Texas Instruments Incorporated</copyright>
   <link_time>0x5bd0c061</link_time>
   <link_errors>0x0</link_errors>
   <output_file>SpiConTrf.out</output_file>
   <entry_point>
      <name>_c_int00_noargs</name>
      <address>0x200054a9</address>
   </entry_point>
   <input_file_list>
      <input_file id="fl-2">
         <path>.\</path>
         <kind>object</kind>
         <file>main.obj</file>
         <name>main.obj</name>
      </input_file>
      <input_file id="fl-3">
         <path>.\</path>
         <kind>object</kind>
         <file>rom_pin_mux_config.obj</file>
         <name>rom_pin_mux_config.obj</name>
      </input_file>
      <input_file id="fl-4">
         <path>.\</path>
         <kind>object</kind>
         <file>startup_ccs.obj</file>
         <name>startup_ccs.obj</name>
      </input_file>
      <input_file id="fl-9">
         <kind>object</kind>
         <file>&lt;internal&gt;</file>
         <name>&lt;internal&gt;</name>
      </input_file>
      <input_file id="fl-bf">
         <path>C:\ti\ccsv8\tools\compiler\ti-cgt-arm_18.1.2.LTS\lib\</path>
         <kind>archive</kind>
         <file>rtsv7M4_T_le_eabi.lib</file>
         <name>copy_zero_init.c.obj</name>
      </input_file>
      <input_file id="fl-c0">
         <path>C:\ti\ccsv8\tools\compiler\ti-cgt-arm_18.1.2.LTS\lib\</path>
         <kind>archive</kind>
         <file>rtsv7M4_T_le_eabi.lib</file>
         <name>copy_decompress_none.c.obj</name>
      </input_file>
      <input_file id="fl-c1">
         <path>C:\ti\ccsv8\tools\compiler\ti-cgt-arm_18.1.2.LTS\lib\</path>
         <kind>archive</kind>
         <file>rtsv7M4_T_le_eabi.lib</file>
         <name>copy_decompress_lzss.c.obj</name>
      </input_file>
      <input_file id="fl-c2">
         <path>C:\ti\ccsv8\tools\compiler\ti-cgt-arm_18.1.2.LTS\lib\</path>
         <kind>archive</kind>
         <file>rtsv7M4_T_le_eabi.lib</file>
         <name>boot_cortex_m.c.obj</name>
      </input_file>
      <input_file id="fl-c3">
         <path>C:\ti\ccsv8\tools\compiler\ti-cgt-arm_18.1.2.LTS\lib\</path>
         <kind>archive</kind>
         <file>rtsv7M4_T_le_eabi.lib</file>
         <name>exit.c.obj</name>
      </input_file>
      <input_file id="fl-c4">
         <path>C:\ti\ccsv8\tools\compiler\ti-cgt-arm_18.1.2.LTS\lib\</path>
         <kind>archive</kind>
         <file>rtsv7M4_T_le_eabi.lib</file>
         <name>_lock.c.obj</name>
      </input_file>
      <input_file id="fl-c5">
         <path>C:\ti\ccsv8\tools\compiler\ti-cgt-arm_18.1.2.LTS\lib\</path>
         <kind>archive</kind>
         <file>rtsv7M4_T_le_eabi.lib</file>
         <name>args_main.c.obj</name>
      </input_file>
      <input_file id="fl-c6">
         <path>C:\ti\ccsv8\tools\compiler\ti-cgt-arm_18.1.2.LTS\lib\</path>
         <kind>archive</kind>
         <file>rtsv7M4_T_le_eabi.lib</file>
         <name>memset_t2.asm.obj</name>
      </input_file>
      <input_file id="fl-c7">
         <path>C:\ti\ccsv8\tools\compiler\ti-cgt-arm_18.1.2.LTS\lib\</path>
         <kind>archive</kind>
         <file>rtsv7M4_T_le_eabi.lib</file>
         <name>memcpy_t2.asm.obj</name>
      </input_file>
      <input_file id="fl-c8">
         <path>C:\ti\ccsv8\tools\compiler\ti-cgt-arm_18.1.2.LTS\lib\</path>
         <kind>archive</kind>
         <file>rtsv7M4_T_le_eabi.lib</file>
         <name>autoinit.c.obj</name>
      </input_file>
      <input_file id="fl-c9">
         <path>C:\ti\ccsv8\tools\compiler\ti-cgt-arm_18.1.2.LTS\lib\</path>
         <kind>archive</kind>
         <file>rtsv7M4_T_le_eabi.lib</file>
         <name>pre_init.c.obj</name>
      </input_file>
      <input_file id="fl-ca">
         <path>C:\ti\ccsv8\tools\compiler\ti-cgt-arm_18.1.2.LTS\lib\</path>
         <kind>archive</kind>
         <file>rtsv7M4_T_le_eabi.lib</file>
         <name>cpy_tbl.c.obj</name>
      </input_file>
      <input_file id="fl-cb">
         <path>C:\ti\CC3200SDK_1.3.0\cc3200-sdk\driverlib\ccs\Release\</path>
         <kind>archive</kind>
         <file>driverlib.a</file>
         <name>gpio.obj</name>
      </input_file>
      <input_file id="fl-cc">
         <path>C:\ti\CC3200SDK_1.3.0\cc3200-sdk\driverlib\ccs\Release\</path>
         <kind>archive</kind>
         <file>driverlib.a</file>
         <name>interrupt.obj</name>
      </input_file>
      <input_file id="fl-cd">
         <path>C:\ti\CC3200SDK_1.3.0\cc3200-sdk\driverlib\ccs\Release\</path>
         <kind>archive</kind>
         <file>driverlib.a</file>
         <name>pin.obj</name>
      </input_file>
      <input_file id="fl-ce">
         <path>C:\ti\CC3200SDK_1.3.0\cc3200-sdk\driverlib\ccs\Release\</path>
         <kind>archive</kind>
         <file>driverlib.a</file>
         <name>prcm.obj</name>
      </input_file>
      <input_file id="fl-cf">
         <path>C:\ti\CC3200SDK_1.3.0\cc3200-sdk\driverlib\ccs\Release\</path>
         <kind>archive</kind>
         <file>driverlib.a</file>
         <name>spi.obj</name>
      </input_file>
      <input_file id="fl-d0">
         <path>C:\ti\CC3200SDK_1.3.0\cc3200-sdk\driverlib\ccs\Release\</path>
         <kind>archive</kind>
         <file>driverlib.a</file>
         <name>uart.obj</name>
      </input_file>
      <input_file id="fl-d1">
         <path>C:\ti\CC3200SDK_1.3.0\cc3200-sdk\driverlib\ccs\Release\</path>
         <kind>archive</kind>
         <file>driverlib.a</file>
         <name>utils.obj</name>
      </input_file>
      <input_file id="fl-d2">
         <path>C:\ti\CC3200SDK_1.3.0\cc3200-sdk\driverlib\ccs\Release\</path>
         <kind>archive</kind>
         <file>driverlib.a</file>
         <name>cpu.obj</name>
      </input_file>
      <input_file id="fl-d3">
         <path>C:\ti\CC3200SDK_1.3.0\cc3200-sdk\driverlib\ccs\Release\</path>
         <kind>archive</kind>
         <file>driverlib.a</file>
         <name>flash.obj</name>
      </input_file>
      <input_file id="fl-d4">
         <path>C:\ti\ccsv8\tools\compiler\ti-cgt-arm_18.1.2.LTS\lib\</path>
         <kind>archive</kind>
         <file>rtsv7M4_T_le_eabi.lib</file>
         <name>ull_div_t2.asm.obj</name>
      </input_file>
      <input_file id="fl-d5">
         <path>C:\ti\ccsv8\tools\compiler\ti-cgt-arm_18.1.2.LTS\lib\</path>
         <kind>archive</kind>
         <file>rtsv7M4_T_le_eabi.lib</file>
         <name>div0.asm.obj</name>
      </input_file>
   </input_file_list>
   <object_component_list>
      <object_component id="oc-f">
         <name>.intvecs</name>
         <load_address>0x20004000</load_address>
         <run_address>0x20004000</run_address>
         <size>0x400</size>
         <input_file_ref idref="fl-4"/>
      </object_component>
      <object_component id="oc-8d">
         <name>.text</name>
         <load_address>0x20004400</load_address>
         <run_address>0x20004400</run_address>
         <size>0x310</size>
         <input_file_ref idref="fl-2"/>
      </object_component>
      <object_component id="oc-e5">
         <name>.text:PRCMCC3200MCUInit</name>
         <load_address>0x20004710</load_address>
         <run_address>0x20004710</run_address>
         <size>0x178</size>
         <input_file_ref idref="fl-ce"/>
      </object_component>
      <object_component id="oc-eb">
         <name>.text</name>
         <load_address>0x20004888</load_address>
         <run_address>0x20004888</run_address>
         <size>0x110</size>
         <input_file_ref idref="fl-3"/>
      </object_component>
      <object_component id="oc-234">
         <name>.text:SPITransfer32</name>
         <load_address>0x20004998</load_address>
         <run_address>0x20004998</run_address>
         <size>0xd0</size>
         <input_file_ref idref="fl-cf"/>
      </object_component>
      <object_component id="oc-22e">
         <name>.text:SPITransfer16</name>
         <load_address>0x20004a68</load_address>
         <run_address>0x20004a68</run_address>
         <size>0xce</size>
         <input_file_ref idref="fl-cf"/>
      </object_component>
      <object_component id="oc-228">
         <name>.text:SPITransfer8</name>
         <load_address>0x20004b36</load_address>
         <run_address>0x20004b36</run_address>
         <size>0xb8</size>
         <input_file_ref idref="fl-cf"/>
      </object_component>
      <object_component id="oc-df">
         <name>.text:IntEnable</name>
         <load_address>0x20004bf0</load_address>
         <run_address>0x20004bf0</run_address>
         <size>0xa8</size>
         <input_file_ref idref="fl-cc"/>
      </object_component>
      <object_component id="oc-121">
         <name>.text:SPIConfigSetExpClk</name>
         <load_address>0x20004c98</load_address>
         <run_address>0x20004c98</run_address>
         <size>0xa0</size>
         <input_file_ref idref="fl-cf"/>
      </object_component>
      <object_component id="oc-37">
         <name>.text</name>
         <load_address>0x20004d38</load_address>
         <run_address>0x20004d38</run_address>
         <size>0x9c</size>
         <input_file_ref idref="fl-c7"/>
      </object_component>
      <object_component id="oc-103">
         <name>.text:PRCMPeripheralClockGet</name>
         <load_address>0x20004dd4</load_address>
         <run_address>0x20004dd4</run_address>
         <size>0x94</size>
         <input_file_ref idref="fl-ce"/>
      </object_component>
      <object_component id="oc-273">
         <name>.text:PinConfigSet</name>
         <load_address>0x20004e68</load_address>
         <run_address>0x20004e68</run_address>
         <size>0x88</size>
         <input_file_ref idref="fl-cd"/>
      </object_component>
      <object_component id="oc-151">
         <name>.text:SPITransfer</name>
         <load_address>0x20004ef0</load_address>
         <run_address>0x20004ef0</run_address>
         <size>0x88</size>
         <input_file_ref idref="fl-cf"/>
      </object_component>
      <object_component id="oc-139">
         <name>.text:GPIOIntTypeSet</name>
         <load_address>0x20004f78</load_address>
         <run_address>0x20004f78</run_address>
         <size>0x82</size>
         <input_file_ref idref="fl-cb"/>
      </object_component>
      <object_component id="oc-af">
         <name>.text:SPIIntStatus</name>
         <load_address>0x20004ffc</load_address>
         <run_address>0x20004ffc</run_address>
         <size>0x7c</size>
         <input_file_ref idref="fl-cf"/>
      </object_component>
      <object_component id="oc-109">
         <name>.text:UARTConfigSetExpClk</name>
         <load_address>0x20005078</load_address>
         <run_address>0x20005078</run_address>
         <size>0x76</size>
         <input_file_ref idref="fl-d0"/>
      </object_component>
      <object_component id="oc-12">
         <name>.text:decompress:lzss:__TI_decompress_lzss</name>
         <load_address>0x200050ee</load_address>
         <run_address>0x200050ee</run_address>
         <size>0x68</size>
         <input_file_ref idref="fl-c1"/>
      </object_component>
      <object_component id="oc-115">
         <name>.text:PRCMPeripheralReset</name>
         <load_address>0x20005158</load_address>
         <run_address>0x20005158</run_address>
         <size>0x58</size>
         <input_file_ref idref="fl-ce"/>
      </object_component>
      <object_component id="oc-133">
         <name>.text:IntPrioritySet</name>
         <load_address>0x200051b0</load_address>
         <run_address>0x200051b0</run_address>
         <size>0x54</size>
         <input_file_ref idref="fl-cc"/>
      </object_component>
      <object_component id="oc-b5">
         <name>.text:SPIIntClear</name>
         <load_address>0x20005204</load_address>
         <run_address>0x20005204</run_address>
         <size>0x48</size>
         <input_file_ref idref="fl-cf"/>
      </object_component>
      <object_component id="oc-1a8">
         <name>.text:SPIDmaMaskGet</name>
         <load_address>0x2000524c</load_address>
         <run_address>0x2000524c</run_address>
         <size>0x44</size>
         <input_file_ref idref="fl-cf"/>
      </object_component>
      <object_component id="oc-1fe">
         <name>.text:UARTIntNumberGet</name>
         <load_address>0x20005290</load_address>
         <run_address>0x20005290</run_address>
         <size>0x44</size>
         <input_file_ref idref="fl-d0"/>
      </object_component>
      <object_component id="oc-176">
         <name>.text:__TI_auto_init_nobinit_nopinit:__TI_auto_init_nobinit_nopinit</name>
         <load_address>0x200052d4</load_address>
         <run_address>0x200052d4</run_address>
         <size>0x44</size>
         <input_file_ref idref="fl-c8"/>
      </object_component>
      <object_component id="oc-1de">
         <name>.text:PinModeSet</name>
         <load_address>0x20005318</load_address>
         <run_address>0x20005318</run_address>
         <size>0x40</size>
         <input_file_ref idref="fl-cd"/>
      </object_component>
      <object_component id="oc-10f">
         <name>.text:PRCMPeripheralClkEnable</name>
         <load_address>0x20005358</load_address>
         <run_address>0x20005358</run_address>
         <size>0x3c</size>
         <input_file_ref idref="fl-ce"/>
      </object_component>
      <object_component id="oc-1ea">
         <name>.text:GPIODirModeSet</name>
         <load_address>0x20005394</load_address>
         <run_address>0x20005394</run_address>
         <size>0x36</size>
         <input_file_ref idref="fl-cb"/>
      </object_component>
      <object_component id="oc-1e4">
         <name>.text:PinTypeGPIO</name>
         <load_address>0x200053ca</load_address>
         <run_address>0x200053ca</run_address>
         <size>0x30</size>
         <input_file_ref idref="fl-cd"/>
      </object_component>
      <object_component id="oc-208">
         <name>.text:UARTDisable</name>
         <load_address>0x200053fc</load_address>
         <run_address>0x200053fc</run_address>
         <size>0x30</size>
         <input_file_ref idref="fl-d0"/>
      </object_component>
      <object_component id="oc-1c5">
         <name>.text:PRCMSysResetCauseGet</name>
         <load_address>0x2000542c</load_address>
         <run_address>0x2000542c</run_address>
         <size>0x2c</size>
         <input_file_ref idref="fl-ce"/>
      </object_component>
      <object_component id="oc-1d7">
         <name>.text:PRCMPeripheralClkDisable</name>
         <load_address>0x20005458</load_address>
         <run_address>0x20005458</run_address>
         <size>0x28</size>
         <input_file_ref idref="fl-ce"/>
      </object_component>
      <object_component id="oc-bb">
         <name>.text:SPIDataPutNonBlocking</name>
         <load_address>0x20005480</load_address>
         <run_address>0x20005480</run_address>
         <size>0x28</size>
         <input_file_ref idref="fl-cf"/>
      </object_component>
      <object_component id="oc-55">
         <name>.text:_c_int00_noargs:_c_int00_noargs</name>
         <load_address>0x200054a8</load_address>
         <run_address>0x200054a8</run_address>
         <size>0x28</size>
         <input_file_ref idref="fl-c2"/>
      </object_component>
      <object_component id="oc-c1">
         <name>.text:UARTCharPutNonBlocking</name>
         <load_address>0x200054d0</load_address>
         <run_address>0x200054d0</run_address>
         <size>0x24</size>
         <input_file_ref idref="fl-d0"/>
      </object_component>
      <object_component id="oc-20e">
         <name>.text:UARTEnable</name>
         <load_address>0x200054f4</load_address>
         <run_address>0x200054f4</run_address>
         <size>0x24</size>
         <input_file_ref idref="fl-d0"/>
      </object_component>
      <object_component id="oc-11b">
         <name>.text:SPIReset</name>
         <load_address>0x20005518</load_address>
         <run_address>0x20005518</run_address>
         <size>0x22</size>
         <input_file_ref idref="fl-cf"/>
      </object_component>
      <object_component id="oc-f1">
         <name>.text:GPIOPinWrite</name>
         <load_address>0x2000553a</load_address>
         <run_address>0x2000553a</run_address>
         <size>0x20</size>
         <input_file_ref idref="fl-cb"/>
      </object_component>
      <object_component id="oc-12d">
         <name>.text:IntRegister</name>
         <load_address>0x2000555c</load_address>
         <run_address>0x2000555c</run_address>
         <size>0x20</size>
         <input_file_ref idref="fl-cc"/>
      </object_component>
      <object_component id="oc-15d">
         <name>.text:SPIDataGet</name>
         <load_address>0x2000557c</load_address>
         <run_address>0x2000557c</run_address>
         <size>0x20</size>
         <input_file_ref idref="fl-cf"/>
      </object_component>
      <object_component id="oc-157">
         <name>.text:SPIDataPut</name>
         <load_address>0x2000559c</load_address>
         <run_address>0x2000559c</run_address>
         <size>0x1e</size>
         <input_file_ref idref="fl-cf"/>
      </object_component>
      <object_component id="oc-14b">
         <name>.text:UARTCharPut</name>
         <load_address>0x200055ba</load_address>
         <run_address>0x200055ba</run_address>
         <size>0x1e</size>
         <input_file_ref idref="fl-d0"/>
      </object_component>
      <object_component id="oc-f7">
         <name>.text:UARTIntRegister</name>
         <load_address>0x200055d8</load_address>
         <run_address>0x200055d8</run_address>
         <size>0x1e</size>
         <input_file_ref idref="fl-d0"/>
      </object_component>
      <object_component id="oc-c7">
         <name>.text:UARTIntStatus</name>
         <load_address>0x200055f6</load_address>
         <run_address>0x200055f6</run_address>
         <size>0x1e</size>
         <input_file_ref idref="fl-d0"/>
      </object_component>
      <object_component id="oc-145">
         <name>.text:GPIOIntEnable</name>
         <load_address>0x20005614</load_address>
         <run_address>0x20005614</run_address>
         <size>0x1a</size>
         <input_file_ref idref="fl-cb"/>
      </object_component>
      <object_component id="oc-1f0">
         <name>.text:PinTypeSPI</name>
         <load_address>0x2000562e</load_address>
         <run_address>0x2000562e</run_address>
         <size>0x1a</size>
         <input_file_ref idref="fl-cd"/>
      </object_component>
      <object_component id="oc-1f6">
         <name>.text:PinTypeUART</name>
         <load_address>0x20005648</load_address>
         <run_address>0x20005648</run_address>
         <size>0x1a</size>
         <input_file_ref idref="fl-cd"/>
      </object_component>
      <object_component id="oc-127">
         <name>.text:SPIEnable</name>
         <load_address>0x20005662</load_address>
         <run_address>0x20005662</run_address>
         <size>0x18</size>
         <input_file_ref idref="fl-cf"/>
      </object_component>
      <object_component id="oc-fd">
         <name>.text:UARTIntEnable</name>
         <load_address>0x2000567a</load_address>
         <run_address>0x2000567a</run_address>
         <size>0x18</size>
         <input_file_ref idref="fl-d0"/>
      </object_component>
      <object_component id="oc-1cb">
         <name>.text:PRCMHIBRegRead</name>
         <load_address>0x20005692</load_address>
         <run_address>0x20005692</run_address>
         <size>0x16</size>
         <input_file_ref idref="fl-ce"/>
      </object_component>
      <object_component id="oc-1d1">
         <name>.text:PRCMHIBRegWrite</name>
         <load_address>0x200056a8</load_address>
         <run_address>0x200056a8</run_address>
         <size>0x16</size>
         <input_file_ref idref="fl-ce"/>
      </object_component>
      <object_component id="oc-1ba">
         <name>.text:CPUcpsie</name>
         <load_address>0x200056be</load_address>
         <run_address>0x200056be</run_address>
         <size>0x14</size>
         <input_file_ref idref="fl-d2"/>
      </object_component>
      <object_component id="oc-13f">
         <name>.text:GPIOIntClear</name>
         <load_address>0x200056d2</load_address>
         <run_address>0x200056d2</run_address>
         <size>0x14</size>
         <input_file_ref idref="fl-cb"/>
      </object_component>
      <object_component id="oc-d3">
         <name>.text:IntVTableBaseSet</name>
         <load_address>0x200056e8</load_address>
         <run_address>0x200056e8</run_address>
         <size>0x14</size>
         <input_file_ref idref="fl-cc"/>
      </object_component>
      <object_component id="oc-cd">
         <name>.text:UARTIntClear</name>
         <load_address>0x200056fc</load_address>
         <run_address>0x200056fc</run_address>
         <size>0x12</size>
         <input_file_ref idref="fl-d0"/>
      </object_component>
      <object_component id="oc-18">
         <name>.text:decompress:none:__TI_decompress_none</name>
         <load_address>0x2000570e</load_address>
         <run_address>0x2000570e</run_address>
         <size>0xe</size>
         <input_file_ref idref="fl-c0"/>
      </object_component>
      <object_component id="oc-23">
         <name>.text</name>
         <load_address>0x2000571c</load_address>
         <run_address>0x2000571c</run_address>
         <size>0xe</size>
         <input_file_ref idref="fl-4"/>
      </object_component>
      <object_component id="oc-d9">
         <name>.text:IntMasterEnable</name>
         <load_address>0x2000572a</load_address>
         <run_address>0x2000572a</run_address>
         <size>0xa</size>
         <input_file_ref idref="fl-cc"/>
      </object_component>
      <object_component id="oc-26b">
         <name>.text:UtilsDelay</name>
         <load_address>0x20005734</load_address>
         <run_address>0x20005734</run_address>
         <size>0x6</size>
         <input_file_ref idref="fl-d1"/>
      </object_component>
      <object_component id="oc-87">
         <name>.text:_system_pre_init</name>
         <load_address>0x2000573a</load_address>
         <run_address>0x2000573a</run_address>
         <size>0x4</size>
         <input_file_ref idref="fl-c9"/>
      </object_component>
      <object_component id="oc-16a">
         <name>.text:abort:abort</name>
         <load_address>0x2000573e</load_address>
         <run_address>0x2000573e</run_address>
         <size>0x4</size>
         <input_file_ref idref="fl-c3"/>
      </object_component>
      <object_component id="oc-26f">
         <name>.const:g_ulPinToPadMap</name>
         <load_address>0x20005744</load_address>
         <run_address>0x20005744</run_address>
         <size>0x100</size>
         <input_file_ref idref="fl-cd"/>
      </object_component>
      <object_component id="oc-220">
         <name>.const:g_pulRegs</name>
         <load_address>0x20005844</load_address>
         <run_address>0x20005844</run_address>
         <size>0xd4</size>
         <input_file_ref idref="fl-cc"/>
      </object_component>
      <object_component id="oc-215">
         <name>.const:PRCM_PeriphRegsList</name>
         <load_address>0x20005918</load_address>
         <run_address>0x20005918</run_address>
         <size>0xa8</size>
         <input_file_ref idref="fl-ce"/>
      </object_component>
      <object_component id="oc-1c1">
         <name>.const</name>
         <load_address>0x200059c0</load_address>
         <run_address>0x200059c0</run_address>
         <size>0x80</size>
         <input_file_ref idref="fl-cc"/>
      </object_component>
      <object_component id="oc-263">
         <name>.const</name>
         <load_address>0x20005a40</load_address>
         <run_address>0x20005a40</run_address>
         <size>0x18</size>
         <input_file_ref idref="fl-cf"/>
      </object_component>
      <object_component id="oc-27d">
         <name>.const</name>
         <load_address>0x20005a58</load_address>
         <run_address>0x20005a58</run_address>
         <size>0x10</size>
         <input_file_ref idref="fl-d0"/>
      </object_component>
      <object_component id="oc-2fc">
         <name>.cinit..data.load</name>
         <load_address>0x20005a68</load_address>
         <run_address>0x20005a68</run_address>
         <size>0x23</size>
      </object_component>
      <object_component id="oc-2fa">
         <name>__TI_handler_table</name>
         <load_address>0x20005a8c</load_address>
         <run_address>0x20005a8c</run_address>
         <size>0x8</size>
      </object_component>
      <object_component id="oc-2fb">
         <name>__TI_cinit_table</name>
         <load_address>0x20005a94</load_address>
         <run_address>0x20005a94</run_address>
         <size>0x8</size>
      </object_component>
      <object_component id="oc-163">
         <name>.data</name>
         <load_address>0x20017014</load_address>
         <run_address>0x20017014</run_address>
         <size>0xc</size>
         <input_file_ref idref="fl-2"/>
      </object_component>
      <object_component id="oc-166">
         <name>.data:str</name>
         <load_address>0x20017000</load_address>
         <run_address>0x20017000</run_address>
         <size>0x11</size>
         <input_file_ref idref="fl-2"/>
      </object_component>
      <object_component id="oc-20">
         <name>.stack</name>
         <uninitialized>true</uninitialized>
         <run_address>0x2002fae8</run_address>
         <size>0x4</size>
         <input_file_ref idref="fl-c2"/>
      </object_component>
      <object_component id="oc-2fd">
         <name>.stack</name>
         <uninitialized>true</uninitialized>
         <run_address>0x2002fae8</run_address>
         <size>0x0</size>
      </object_component>
      <object_component id="oc-242">
         <name>.debug_info</name>
         <load_address>0x0</load_address>
         <run_address>0x0</run_address>
         <size>0x77d</size>
         <input_file_ref idref="fl-2"/>
      </object_component>
      <object_component id="oc-164">
         <name>.debug_info</name>
         <load_address>0x77d</load_address>
         <run_address>0x77d</run_address>
         <size>0x103</size>
         <input_file_ref idref="fl-2"/>
      </object_component>
      <object_component id="oc-167">
         <name>.debug_info</name>
         <load_address>0x880</load_address>
         <run_address>0x880</run_address>
         <size>0xb7</size>
         <input_file_ref idref="fl-2"/>
      </object_component>
      <object_component id="oc-8e">
         <name>.debug_info</name>
         <load_address>0x937</load_address>
         <run_address>0x937</run_address>
         <size>0x69b</size>
         <input_file_ref idref="fl-2"/>
      </object_component>
      <object_component id="oc-289">
         <name>.debug_info</name>
         <load_address>0xfd2</load_address>
         <run_address>0xfd2</run_address>
         <size>0x62</size>
         <input_file_ref idref="fl-2"/>
      </object_component>
      <object_component id="oc-32">
         <name>.debug_info</name>
         <load_address>0x1034</load_address>
         <run_address>0x1034</run_address>
         <size>0x84</size>
         <input_file_ref idref="fl-2"/>
      </object_component>
      <object_component id="oc-1af">
         <name>.debug_info</name>
         <load_address>0x10b8</load_address>
         <run_address>0x10b8</run_address>
         <size>0x2c</size>
         <input_file_ref idref="fl-2"/>
      </object_component>
      <object_component id="oc-ec">
         <name>.debug_info</name>
         <load_address>0x10e4</load_address>
         <run_address>0x10e4</run_address>
         <size>0x380</size>
         <input_file_ref idref="fl-3"/>
      </object_component>
      <object_component id="oc-2b">
         <name>.debug_info</name>
         <load_address>0x1464</load_address>
         <run_address>0x1464</run_address>
         <size>0x143</size>
         <input_file_ref idref="fl-4"/>
      </object_component>
      <object_component id="oc-10">
         <name>.debug_info</name>
         <load_address>0x15a7</load_address>
         <run_address>0x15a7</run_address>
         <size>0xc2</size>
         <input_file_ref idref="fl-4"/>
      </object_component>
      <object_component id="oc-26">
         <name>.debug_info</name>
         <load_address>0x1669</load_address>
         <run_address>0x1669</run_address>
         <size>0x221</size>
         <input_file_ref idref="fl-4"/>
      </object_component>
      <object_component id="oc-42">
         <name>.debug_info</name>
         <load_address>0x188a</load_address>
         <run_address>0x188a</run_address>
         <size>0x16f</size>
         <input_file_ref idref="fl-c0"/>
      </object_component>
      <object_component id="oc-1c">
         <name>.debug_info</name>
         <load_address>0x19f9</load_address>
         <run_address>0x19f9</run_address>
         <size>0x1df</size>
         <input_file_ref idref="fl-c0"/>
      </object_component>
      <object_component id="oc-3d">
         <name>.debug_info</name>
         <load_address>0x1bd8</load_address>
         <run_address>0x1bd8</run_address>
         <size>0x46</size>
         <input_file_ref idref="fl-c0"/>
      </object_component>
      <object_component id="oc-73">
         <name>.debug_info</name>
         <load_address>0x1c1e</load_address>
         <run_address>0x1c1e</run_address>
         <size>0x2c</size>
         <input_file_ref idref="fl-c0"/>
      </object_component>
      <object_component id="oc-71">
         <name>.debug_info</name>
         <load_address>0x1c4a</load_address>
         <run_address>0x1c4a</run_address>
         <size>0x165</size>
         <input_file_ref idref="fl-c1"/>
      </object_component>
      <object_component id="oc-15">
         <name>.debug_info</name>
         <load_address>0x1daf</load_address>
         <run_address>0x1daf</run_address>
         <size>0x245</size>
         <input_file_ref idref="fl-c1"/>
      </object_component>
      <object_component id="oc-2d">
         <name>.debug_info</name>
         <load_address>0x1ff4</load_address>
         <run_address>0x1ff4</run_address>
         <size>0x60</size>
         <input_file_ref idref="fl-c1"/>
      </object_component>
      <object_component id="oc-9f">
         <name>.debug_info</name>
         <load_address>0x2054</load_address>
         <run_address>0x2054</run_address>
         <size>0x46</size>
         <input_file_ref idref="fl-c1"/>
      </object_component>
      <object_component id="oc-6c">
         <name>.debug_info</name>
         <load_address>0x209a</load_address>
         <run_address>0x209a</run_address>
         <size>0x39</size>
         <input_file_ref idref="fl-c1"/>
      </object_component>
      <object_component id="oc-21">
         <name>.debug_info</name>
         <load_address>0x20d3</load_address>
         <run_address>0x20d3</run_address>
         <size>0x100</size>
         <input_file_ref idref="fl-c2"/>
      </object_component>
      <object_component id="oc-59">
         <name>.debug_info</name>
         <load_address>0x21d3</load_address>
         <run_address>0x21d3</run_address>
         <size>0x1a4</size>
         <input_file_ref idref="fl-c2"/>
      </object_component>
      <object_component id="oc-16c">
         <name>.debug_info</name>
         <load_address>0x2377</load_address>
         <run_address>0x2377</run_address>
         <size>0x117</size>
         <input_file_ref idref="fl-c3"/>
      </object_component>
      <object_component id="oc-38">
         <name>.debug_info</name>
         <load_address>0x248e</load_address>
         <run_address>0x248e</run_address>
         <size>0x111</size>
         <input_file_ref idref="fl-c7"/>
      </object_component>
      <object_component id="oc-24e">
         <name>.debug_info</name>
         <load_address>0x259f</load_address>
         <run_address>0x259f</run_address>
         <size>0x419</size>
         <input_file_ref idref="fl-c8"/>
      </object_component>
      <object_component id="oc-178">
         <name>.debug_info</name>
         <load_address>0x29b8</load_address>
         <run_address>0x29b8</run_address>
         <size>0x19b</size>
         <input_file_ref idref="fl-c8"/>
      </object_component>
      <object_component id="oc-2a9">
         <name>.debug_info</name>
         <load_address>0x2b53</load_address>
         <run_address>0x2b53</run_address>
         <size>0x39</size>
         <input_file_ref idref="fl-c8"/>
      </object_component>
      <object_component id="oc-2c5">
         <name>.debug_info</name>
         <load_address>0x2b8c</load_address>
         <run_address>0x2b8c</run_address>
         <size>0x39</size>
         <input_file_ref idref="fl-c8"/>
      </object_component>
      <object_component id="oc-2ae">
         <name>.debug_info</name>
         <load_address>0x2bc5</load_address>
         <run_address>0x2bc5</run_address>
         <size>0x39</size>
         <input_file_ref idref="fl-c8"/>
      </object_component>
      <object_component id="oc-2b3">
         <name>.debug_info</name>
         <load_address>0x2bfe</load_address>
         <run_address>0x2bfe</run_address>
         <size>0xcd</size>
         <input_file_ref idref="fl-c8"/>
      </object_component>
      <object_component id="oc-89">
         <name>.debug_info</name>
         <load_address>0x2ccb</load_address>
         <run_address>0x2ccb</run_address>
         <size>0x148</size>
         <input_file_ref idref="fl-c9"/>
      </object_component>
      <object_component id="oc-1eb">
         <name>.debug_info</name>
         <load_address>0x2e13</load_address>
         <run_address>0x2e13</run_address>
         <size>0x1e9</size>
         <input_file_ref idref="fl-cb"/>
      </object_component>
      <object_component id="oc-13a">
         <name>.debug_info</name>
         <load_address>0x2ffc</load_address>
         <run_address>0x2ffc</run_address>
         <size>0x1f4</size>
         <input_file_ref idref="fl-cb"/>
      </object_component>
      <object_component id="oc-146">
         <name>.debug_info</name>
         <load_address>0x31f0</load_address>
         <run_address>0x31f0</run_address>
         <size>0x1cb</size>
         <input_file_ref idref="fl-cb"/>
      </object_component>
      <object_component id="oc-140">
         <name>.debug_info</name>
         <load_address>0x33bb</load_address>
         <run_address>0x33bb</run_address>
         <size>0x1c9</size>
         <input_file_ref idref="fl-cb"/>
      </object_component>
      <object_component id="oc-f2">
         <name>.debug_info</name>
         <load_address>0x3584</load_address>
         <run_address>0x3584</run_address>
         <size>0x1e0</size>
         <input_file_ref idref="fl-cb"/>
      </object_component>
      <object_component id="oc-21f">
         <name>.debug_info</name>
         <load_address>0x3764</load_address>
         <run_address>0x3764</run_address>
         <size>0x19b</size>
         <input_file_ref idref="fl-cc"/>
      </object_component>
      <object_component id="oc-1c2">
         <name>.debug_info</name>
         <load_address>0x38ff</load_address>
         <run_address>0x38ff</run_address>
         <size>0x19e</size>
         <input_file_ref idref="fl-cc"/>
      </object_component>
      <object_component id="oc-221">
         <name>.debug_info</name>
         <load_address>0x3a9d</load_address>
         <run_address>0x3a9d</run_address>
         <size>0xf0</size>
         <input_file_ref idref="fl-cc"/>
      </object_component>
      <object_component id="oc-dc">
         <name>.debug_info</name>
         <load_address>0x3b8d</load_address>
         <run_address>0x3b8d</run_address>
         <size>0x188</size>
         <input_file_ref idref="fl-cc"/>
      </object_component>
      <object_component id="oc-d6">
         <name>.debug_info</name>
         <load_address>0x3d15</load_address>
         <run_address>0x3d15</run_address>
         <size>0x1ba</size>
         <input_file_ref idref="fl-cc"/>
      </object_component>
      <object_component id="oc-130">
         <name>.debug_info</name>
         <load_address>0x3ecf</load_address>
         <run_address>0x3ecf</run_address>
         <size>0x204</size>
         <input_file_ref idref="fl-cc"/>
      </object_component>
      <object_component id="oc-136">
         <name>.debug_info</name>
         <load_address>0x40d3</load_address>
         <run_address>0x40d3</run_address>
         <size>0x206</size>
         <input_file_ref idref="fl-cc"/>
      </object_component>
      <object_component id="oc-e2">
         <name>.debug_info</name>
         <load_address>0x42d9</load_address>
         <run_address>0x42d9</run_address>
         <size>0x1ab</size>
         <input_file_ref idref="fl-cc"/>
      </object_component>
      <object_component id="oc-2be">
         <name>.debug_info</name>
         <load_address>0x4484</load_address>
         <run_address>0x4484</run_address>
         <size>0xe8</size>
         <input_file_ref idref="fl-cd"/>
      </object_component>
      <object_component id="oc-270">
         <name>.debug_info</name>
         <load_address>0x456c</load_address>
         <run_address>0x456c</run_address>
         <size>0xf6</size>
         <input_file_ref idref="fl-cd"/>
      </object_component>
      <object_component id="oc-1e0">
         <name>.debug_info</name>
         <load_address>0x4662</load_address>
         <run_address>0x4662</run_address>
         <size>0x1cb</size>
         <input_file_ref idref="fl-cd"/>
      </object_component>
      <object_component id="oc-275">
         <name>.debug_info</name>
         <load_address>0x482d</load_address>
         <run_address>0x482d</run_address>
         <size>0x219</size>
         <input_file_ref idref="fl-cd"/>
      </object_component>
      <object_component id="oc-1f8">
         <name>.debug_info</name>
         <load_address>0x4a46</load_address>
         <run_address>0x4a46</run_address>
         <size>0x1e0</size>
         <input_file_ref idref="fl-cd"/>
      </object_component>
      <object_component id="oc-1f1">
         <name>.debug_info</name>
         <load_address>0x4c26</load_address>
         <run_address>0x4c26</run_address>
         <size>0x1de</size>
         <input_file_ref idref="fl-cd"/>
      </object_component>
      <object_component id="oc-1e5">
         <name>.debug_info</name>
         <load_address>0x4e04</load_address>
         <run_address>0x4e04</run_address>
         <size>0x22e</size>
         <input_file_ref idref="fl-cd"/>
      </object_component>
      <object_component id="oc-21a">
         <name>.debug_info</name>
         <load_address>0x5032</load_address>
         <run_address>0x5032</run_address>
         <size>0x1f8</size>
         <input_file_ref idref="fl-ce"/>
      </object_component>
      <object_component id="oc-216">
         <name>.debug_info</name>
         <load_address>0x522a</load_address>
         <run_address>0x522a</run_address>
         <size>0xff</size>
         <input_file_ref idref="fl-ce"/>
      </object_component>
      <object_component id="oc-1c8">
         <name>.debug_info</name>
         <load_address>0x5329</load_address>
         <run_address>0x5329</run_address>
         <size>0x1b2</size>
         <input_file_ref idref="fl-ce"/>
      </object_component>
      <object_component id="oc-112">
         <name>.debug_info</name>
         <load_address>0x54db</load_address>
         <run_address>0x54db</run_address>
         <size>0x1f7</size>
         <input_file_ref idref="fl-ce"/>
      </object_component>
      <object_component id="oc-1da">
         <name>.debug_info</name>
         <load_address>0x56d2</load_address>
         <run_address>0x56d2</run_address>
         <size>0x1f9</size>
         <input_file_ref idref="fl-ce"/>
      </object_component>
      <object_component id="oc-106">
         <name>.debug_info</name>
         <load_address>0x58cb</load_address>
         <run_address>0x58cb</run_address>
         <size>0x222</size>
         <input_file_ref idref="fl-ce"/>
      </object_component>
      <object_component id="oc-118">
         <name>.debug_info</name>
         <load_address>0x5aed</load_address>
         <run_address>0x5aed</run_address>
         <size>0x1cc</size>
         <input_file_ref idref="fl-ce"/>
      </object_component>
      <object_component id="oc-e6">
         <name>.debug_info</name>
         <load_address>0x5cb9</load_address>
         <run_address>0x5cb9</run_address>
         <size>0x28f</size>
         <input_file_ref idref="fl-ce"/>
      </object_component>
      <object_component id="oc-1cc">
         <name>.debug_info</name>
         <load_address>0x5f48</load_address>
         <run_address>0x5f48</run_address>
         <size>0x1cb</size>
         <input_file_ref idref="fl-ce"/>
      </object_component>
      <object_component id="oc-1d2">
         <name>.debug_info</name>
         <load_address>0x6113</load_address>
         <run_address>0x6113</run_address>
         <size>0x1e0</size>
         <input_file_ref idref="fl-ce"/>
      </object_component>
      <object_component id="oc-23b">
         <name>.debug_info</name>
         <load_address>0x62f3</load_address>
         <run_address>0x62f3</run_address>
         <size>0x1cc</size>
         <input_file_ref idref="fl-cf"/>
      </object_component>
      <object_component id="oc-264">
         <name>.debug_info</name>
         <load_address>0x64bf</load_address>
         <run_address>0x64bf</run_address>
         <size>0xfa</size>
         <input_file_ref idref="fl-cf"/>
      </object_component>
      <object_component id="oc-229">
         <name>.debug_info</name>
         <load_address>0x65b9</load_address>
         <run_address>0x65b9</run_address>
         <size>0x2e8</size>
         <input_file_ref idref="fl-cf"/>
      </object_component>
      <object_component id="oc-22f">
         <name>.debug_info</name>
         <load_address>0x68a1</load_address>
         <run_address>0x68a1</run_address>
         <size>0x2eb</size>
         <input_file_ref idref="fl-cf"/>
      </object_component>
      <object_component id="oc-235">
         <name>.debug_info</name>
         <load_address>0x6b8c</load_address>
         <run_address>0x6b8c</run_address>
         <size>0x2ed</size>
         <input_file_ref idref="fl-cf"/>
      </object_component>
      <object_component id="oc-1a9">
         <name>.debug_info</name>
         <load_address>0x6e79</load_address>
         <run_address>0x6e79</run_address>
         <size>0x1a4</size>
         <input_file_ref idref="fl-cf"/>
      </object_component>
      <object_component id="oc-128">
         <name>.debug_info</name>
         <load_address>0x701d</load_address>
         <run_address>0x701d</run_address>
         <size>0x185</size>
         <input_file_ref idref="fl-cf"/>
      </object_component>
      <object_component id="oc-11c">
         <name>.debug_info</name>
         <load_address>0x71a2</load_address>
         <run_address>0x71a2</run_address>
         <size>0x183</size>
         <input_file_ref idref="fl-cf"/>
      </object_component>
      <object_component id="oc-122">
         <name>.debug_info</name>
         <load_address>0x7325</load_address>
         <run_address>0x7325</run_address>
         <size>0x29a</size>
         <input_file_ref idref="fl-cf"/>
      </object_component>
      <object_component id="oc-15e">
         <name>.debug_info</name>
         <load_address>0x75bf</load_address>
         <run_address>0x75bf</run_address>
         <size>0x1b6</size>
         <input_file_ref idref="fl-cf"/>
      </object_component>
      <object_component id="oc-bc">
         <name>.debug_info</name>
         <load_address>0x7775</load_address>
         <run_address>0x7775</run_address>
         <size>0x1e6</size>
         <input_file_ref idref="fl-cf"/>
      </object_component>
      <object_component id="oc-158">
         <name>.debug_info</name>
         <load_address>0x795b</load_address>
         <run_address>0x795b</run_address>
         <size>0x1b2</size>
         <input_file_ref idref="fl-cf"/>
      </object_component>
      <object_component id="oc-b0">
         <name>.debug_info</name>
         <load_address>0x7b0d</load_address>
         <run_address>0x7b0d</run_address>
         <size>0x224</size>
         <input_file_ref idref="fl-cf"/>
      </object_component>
      <object_component id="oc-b6">
         <name>.debug_info</name>
         <load_address>0x7d31</load_address>
         <run_address>0x7d31</run_address>
         <size>0x206</size>
         <input_file_ref idref="fl-cf"/>
      </object_component>
      <object_component id="oc-152">
         <name>.debug_info</name>
         <load_address>0x7f37</load_address>
         <run_address>0x7f37</run_address>
         <size>0x295</size>
         <input_file_ref idref="fl-cf"/>
      </object_component>
      <object_component id="oc-205">
         <name>.debug_info</name>
         <load_address>0x81cc</load_address>
         <run_address>0x81cc</run_address>
         <size>0x1a3</size>
         <input_file_ref idref="fl-d0"/>
      </object_component>
      <object_component id="oc-27e">
         <name>.debug_info</name>
         <load_address>0x836f</load_address>
         <run_address>0x836f</run_address>
         <size>0xf9</size>
         <input_file_ref idref="fl-d0"/>
      </object_component>
      <object_component id="oc-1ff">
         <name>.debug_info</name>
         <load_address>0x8468</load_address>
         <run_address>0x8468</run_address>
         <size>0x1aa</size>
         <input_file_ref idref="fl-d0"/>
      </object_component>
      <object_component id="oc-10a">
         <name>.debug_info</name>
         <load_address>0x8612</load_address>
         <run_address>0x8612</run_address>
         <size>0x268</size>
         <input_file_ref idref="fl-d0"/>
      </object_component>
      <object_component id="oc-20f">
         <name>.debug_info</name>
         <load_address>0x887a</load_address>
         <run_address>0x887a</run_address>
         <size>0x18a</size>
         <input_file_ref idref="fl-d0"/>
      </object_component>
      <object_component id="oc-209">
         <name>.debug_info</name>
         <load_address>0x8a04</load_address>
         <run_address>0x8a04</run_address>
         <size>0x18c</size>
         <input_file_ref idref="fl-d0"/>
      </object_component>
      <object_component id="oc-c2">
         <name>.debug_info</name>
         <load_address>0x8b90</load_address>
         <run_address>0x8b90</run_address>
         <size>0x1d1</size>
         <input_file_ref idref="fl-d0"/>
      </object_component>
      <object_component id="oc-14c">
         <name>.debug_info</name>
         <load_address>0x8d61</load_address>
         <run_address>0x8d61</run_address>
         <size>0x1b7</size>
         <input_file_ref idref="fl-d0"/>
      </object_component>
      <object_component id="oc-f8">
         <name>.debug_info</name>
         <load_address>0x8f18</load_address>
         <run_address>0x8f18</run_address>
         <size>0x21c</size>
         <input_file_ref idref="fl-d0"/>
      </object_component>
      <object_component id="oc-fe">
         <name>.debug_info</name>
         <load_address>0x9134</load_address>
         <run_address>0x9134</run_address>
         <size>0x1cb</size>
         <input_file_ref idref="fl-d0"/>
      </object_component>
      <object_component id="oc-c8">
         <name>.debug_info</name>
         <load_address>0x92ff</load_address>
         <run_address>0x92ff</run_address>
         <size>0x1c3</size>
         <input_file_ref idref="fl-d0"/>
      </object_component>
      <object_component id="oc-ce">
         <name>.debug_info</name>
         <load_address>0x94c2</load_address>
         <run_address>0x94c2</run_address>
         <size>0x1c9</size>
         <input_file_ref idref="fl-d0"/>
      </object_component>
      <object_component id="oc-1bc">
         <name>.debug_info</name>
         <load_address>0x968b</load_address>
         <run_address>0x968b</run_address>
         <size>0x15a</size>
         <input_file_ref idref="fl-d2"/>
      </object_component>
      <object_component id="oc-2fe">
         <name>.debug_info</name>
         <load_address>0x97e5</load_address>
         <run_address>0x97e5</run_address>
         <size>0x93</size>
      </object_component>
      <object_component id="oc-298">
         <name>.debug_line</name>
         <load_address>0x0</load_address>
         <run_address>0x0</run_address>
         <size>0x151</size>
         <input_file_ref idref="fl-2"/>
      </object_component>
      <object_component id="oc-23f">
         <name>.debug_line</name>
         <load_address>0x151</load_address>
         <run_address>0x151</run_address>
         <size>0x2d</size>
         <input_file_ref idref="fl-2"/>
      </object_component>
      <object_component id="oc-241">
         <name>.debug_line</name>
         <load_address>0x17e</load_address>
         <run_address>0x17e</run_address>
         <size>0x2d</size>
         <input_file_ref idref="fl-2"/>
      </object_component>
      <object_component id="oc-92">
         <name>.debug_line</name>
         <load_address>0x1ab</load_address>
         <run_address>0x1ab</run_address>
         <size>0xf5</size>
         <input_file_ref idref="fl-2"/>
      </object_component>
      <object_component id="oc-28c">
         <name>.debug_line</name>
         <load_address>0x2a0</load_address>
         <run_address>0x2a0</run_address>
         <size>0x55</size>
         <input_file_ref idref="fl-2"/>
      </object_component>
      <object_component id="oc-35">
         <name>.debug_line</name>
         <load_address>0x2f5</load_address>
         <run_address>0x2f5</run_address>
         <size>0x20</size>
         <input_file_ref idref="fl-2"/>
      </object_component>
      <object_component id="oc-1b2">
         <name>.debug_line</name>
         <load_address>0x315</load_address>
         <run_address>0x315</run_address>
         <size>0x53</size>
         <input_file_ref idref="fl-2"/>
      </object_component>
      <object_component id="oc-ef">
         <name>.debug_line</name>
         <load_address>0x368</load_address>
         <run_address>0x368</run_address>
         <size>0x70</size>
         <input_file_ref idref="fl-3"/>
      </object_component>
      <object_component id="oc-6b">
         <name>.debug_line</name>
         <load_address>0x3d8</load_address>
         <run_address>0x3d8</run_address>
         <size>0x34</size>
         <input_file_ref idref="fl-4"/>
      </object_component>
      <object_component id="oc-2a">
         <name>.debug_line</name>
         <load_address>0x40c</load_address>
         <run_address>0x40c</run_address>
         <size>0x34</size>
         <input_file_ref idref="fl-4"/>
      </object_component>
      <object_component id="oc-25">
         <name>.debug_line</name>
         <load_address>0x440</load_address>
         <run_address>0x440</run_address>
         <size>0xac</size>
         <input_file_ref idref="fl-4"/>
      </object_component>
      <object_component id="oc-79">
         <name>.debug_line</name>
         <load_address>0x4ec</load_address>
         <run_address>0x4ec</run_address>
         <size>0x20</size>
         <input_file_ref idref="fl-c0"/>
      </object_component>
      <object_component id="oc-1a">
         <name>.debug_line</name>
         <load_address>0x50c</load_address>
         <run_address>0x50c</run_address>
         <size>0x55</size>
         <input_file_ref idref="fl-c0"/>
      </object_component>
      <object_component id="oc-40">
         <name>.debug_line</name>
         <load_address>0x561</load_address>
         <run_address>0x561</run_address>
         <size>0x3a</size>
         <input_file_ref idref="fl-c0"/>
      </object_component>
      <object_component id="oc-76">
         <name>.debug_line</name>
         <load_address>0x59b</load_address>
         <run_address>0x59b</run_address>
         <size>0x8a</size>
         <input_file_ref idref="fl-c0"/>
      </object_component>
      <object_component id="oc-a5">
         <name>.debug_line</name>
         <load_address>0x625</load_address>
         <run_address>0x625</run_address>
         <size>0x20</size>
         <input_file_ref idref="fl-c1"/>
      </object_component>
      <object_component id="oc-13">
         <name>.debug_line</name>
         <load_address>0x645</load_address>
         <run_address>0x645</run_address>
         <size>0xa9</size>
         <input_file_ref idref="fl-c1"/>
      </object_component>
      <object_component id="oc-30">
         <name>.debug_line</name>
         <load_address>0x6ee</load_address>
         <run_address>0x6ee</run_address>
         <size>0x3a</size>
         <input_file_ref idref="fl-c1"/>
      </object_component>
      <object_component id="oc-a2">
         <name>.debug_line</name>
         <load_address>0x728</load_address>
         <run_address>0x728</run_address>
         <size>0x92</size>
         <input_file_ref idref="fl-c1"/>
      </object_component>
      <object_component id="oc-6f">
         <name>.debug_line</name>
         <load_address>0x7ba</load_address>
         <run_address>0x7ba</run_address>
         <size>0x8e</size>
         <input_file_ref idref="fl-c1"/>
      </object_component>
      <object_component id="oc-68">
         <name>.debug_line</name>
         <load_address>0x848</load_address>
         <run_address>0x848</run_address>
         <size>0x33</size>
         <input_file_ref idref="fl-c2"/>
      </object_component>
      <object_component id="oc-58">
         <name>.debug_line</name>
         <load_address>0x87b</load_address>
         <run_address>0x87b</run_address>
         <size>0x53</size>
         <input_file_ref idref="fl-c2"/>
      </object_component>
      <object_component id="oc-16f">
         <name>.debug_line</name>
         <load_address>0x8ce</load_address>
         <run_address>0x8ce</run_address>
         <size>0x3c</size>
         <input_file_ref idref="fl-c3"/>
      </object_component>
      <object_component id="oc-3b">
         <name>.debug_line</name>
         <load_address>0x90a</load_address>
         <run_address>0x90a</run_address>
         <size>0x88</size>
         <input_file_ref idref="fl-c7"/>
      </object_component>
      <object_component id="oc-2a8">
         <name>.debug_line</name>
         <load_address>0x992</load_address>
         <run_address>0x992</run_address>
         <size>0xb7</size>
         <input_file_ref idref="fl-c8"/>
      </object_component>
      <object_component id="oc-17a">
         <name>.debug_line</name>
         <load_address>0xa49</load_address>
         <run_address>0xa49</run_address>
         <size>0x6c</size>
         <input_file_ref idref="fl-c8"/>
      </object_component>
      <object_component id="oc-2ac">
         <name>.debug_line</name>
         <load_address>0xab5</load_address>
         <run_address>0xab5</run_address>
         <size>0x2e</size>
         <input_file_ref idref="fl-c8"/>
      </object_component>
      <object_component id="oc-2c8">
         <name>.debug_line</name>
         <load_address>0xae3</load_address>
         <run_address>0xae3</run_address>
         <size>0x92</size>
         <input_file_ref idref="fl-c8"/>
      </object_component>
      <object_component id="oc-2b1">
         <name>.debug_line</name>
         <load_address>0xb75</load_address>
         <run_address>0xb75</run_address>
         <size>0x8f</size>
         <input_file_ref idref="fl-c8"/>
      </object_component>
      <object_component id="oc-2b6">
         <name>.debug_line</name>
         <load_address>0xc04</load_address>
         <run_address>0xc04</run_address>
         <size>0x8b</size>
         <input_file_ref idref="fl-c8"/>
      </object_component>
      <object_component id="oc-8c">
         <name>.debug_line</name>
         <load_address>0xc8f</load_address>
         <run_address>0xc8f</run_address>
         <size>0x40</size>
         <input_file_ref idref="fl-c9"/>
      </object_component>
      <object_component id="oc-1ee">
         <name>.debug_line</name>
         <load_address>0xccf</load_address>
         <run_address>0xccf</run_address>
         <size>0x67</size>
         <input_file_ref idref="fl-cb"/>
      </object_component>
      <object_component id="oc-13d">
         <name>.debug_line</name>
         <load_address>0xd36</load_address>
         <run_address>0xd36</run_address>
         <size>0x6f</size>
         <input_file_ref idref="fl-cb"/>
      </object_component>
      <object_component id="oc-14a">
         <name>.debug_line</name>
         <load_address>0xda5</load_address>
         <run_address>0xda5</run_address>
         <size>0x67</size>
         <input_file_ref idref="fl-cb"/>
      </object_component>
      <object_component id="oc-144">
         <name>.debug_line</name>
         <load_address>0xe0c</load_address>
         <run_address>0xe0c</run_address>
         <size>0x67</size>
         <input_file_ref idref="fl-cb"/>
      </object_component>
      <object_component id="oc-f5">
         <name>.debug_line</name>
         <load_address>0xe73</load_address>
         <run_address>0xe73</run_address>
         <size>0x67</size>
         <input_file_ref idref="fl-cb"/>
      </object_component>
      <object_component id="oc-28f">
         <name>.debug_line</name>
         <load_address>0xeda</load_address>
         <run_address>0xeda</run_address>
         <size>0x4e</size>
         <input_file_ref idref="fl-cc"/>
      </object_component>
      <object_component id="oc-269">
         <name>.debug_line</name>
         <load_address>0xf28</load_address>
         <run_address>0xf28</run_address>
         <size>0x54</size>
         <input_file_ref idref="fl-cc"/>
      </object_component>
      <object_component id="oc-291">
         <name>.debug_line</name>
         <load_address>0xf7c</load_address>
         <run_address>0xf7c</run_address>
         <size>0x54</size>
         <input_file_ref idref="fl-cc"/>
      </object_component>
      <object_component id="oc-da">
         <name>.debug_line</name>
         <load_address>0xfd0</load_address>
         <run_address>0xfd0</run_address>
         <size>0x6c</size>
         <input_file_ref idref="fl-cc"/>
      </object_component>
      <object_component id="oc-d4">
         <name>.debug_line</name>
         <load_address>0x103c</load_address>
         <run_address>0x103c</run_address>
         <size>0x6c</size>
         <input_file_ref idref="fl-cc"/>
      </object_component>
      <object_component id="oc-12e">
         <name>.debug_line</name>
         <load_address>0x10a8</load_address>
         <run_address>0x10a8</run_address>
         <size>0x6d</size>
         <input_file_ref idref="fl-cc"/>
      </object_component>
      <object_component id="oc-135">
         <name>.debug_line</name>
         <load_address>0x1115</load_address>
         <run_address>0x1115</run_address>
         <size>0x6f</size>
         <input_file_ref idref="fl-cc"/>
      </object_component>
      <object_component id="oc-e1">
         <name>.debug_line</name>
         <load_address>0x1184</load_address>
         <run_address>0x1184</run_address>
         <size>0x9d</size>
         <input_file_ref idref="fl-cc"/>
      </object_component>
      <object_component id="oc-2d2">
         <name>.debug_line</name>
         <load_address>0x1221</load_address>
         <run_address>0x1221</run_address>
         <size>0x20</size>
         <input_file_ref idref="fl-cd"/>
      </object_component>
      <object_component id="oc-2bd">
         <name>.debug_line</name>
         <load_address>0x1241</load_address>
         <run_address>0x1241</run_address>
         <size>0x4e</size>
         <input_file_ref idref="fl-cd"/>
      </object_component>
      <object_component id="oc-1df">
         <name>.debug_line</name>
         <load_address>0x128f</load_address>
         <run_address>0x128f</run_address>
         <size>0x68</size>
         <input_file_ref idref="fl-cd"/>
      </object_component>
      <object_component id="oc-274">
         <name>.debug_line</name>
         <load_address>0x12f7</load_address>
         <run_address>0x12f7</run_address>
         <size>0x74</size>
         <input_file_ref idref="fl-cd"/>
      </object_component>
      <object_component id="oc-1f7">
         <name>.debug_line</name>
         <load_address>0x136b</load_address>
         <run_address>0x136b</run_address>
         <size>0x67</size>
         <input_file_ref idref="fl-cd"/>
      </object_component>
      <object_component id="oc-1f4">
         <name>.debug_line</name>
         <load_address>0x13d2</load_address>
         <run_address>0x13d2</run_address>
         <size>0x67</size>
         <input_file_ref idref="fl-cd"/>
      </object_component>
      <object_component id="oc-1e9">
         <name>.debug_line</name>
         <load_address>0x1439</load_address>
         <run_address>0x1439</run_address>
         <size>0x72</size>
         <input_file_ref idref="fl-cd"/>
      </object_component>
      <object_component id="oc-288">
         <name>.debug_line</name>
         <load_address>0x14ab</load_address>
         <run_address>0x14ab</run_address>
         <size>0xe2</size>
         <input_file_ref idref="fl-ce"/>
      </object_component>
      <object_component id="oc-286">
         <name>.debug_line</name>
         <load_address>0x158d</load_address>
         <run_address>0x158d</run_address>
         <size>0x4f</size>
         <input_file_ref idref="fl-ce"/>
      </object_component>
      <object_component id="oc-1c6">
         <name>.debug_line</name>
         <load_address>0x15dc</load_address>
         <run_address>0x15dc</run_address>
         <size>0x71</size>
         <input_file_ref idref="fl-ce"/>
      </object_component>
      <object_component id="oc-110">
         <name>.debug_line</name>
         <load_address>0x164d</load_address>
         <run_address>0x164d</run_address>
         <size>0x70</size>
         <input_file_ref idref="fl-ce"/>
      </object_component>
      <object_component id="oc-1d8">
         <name>.debug_line</name>
         <load_address>0x16bd</load_address>
         <run_address>0x16bd</run_address>
         <size>0x67</size>
         <input_file_ref idref="fl-ce"/>
      </object_component>
      <object_component id="oc-104">
         <name>.debug_line</name>
         <load_address>0x1724</load_address>
         <run_address>0x1724</run_address>
         <size>0x85</size>
         <input_file_ref idref="fl-ce"/>
      </object_component>
      <object_component id="oc-116">
         <name>.debug_line</name>
         <load_address>0x17a9</load_address>
         <run_address>0x17a9</run_address>
         <size>0x79</size>
         <input_file_ref idref="fl-ce"/>
      </object_component>
      <object_component id="oc-e9">
         <name>.debug_line</name>
         <load_address>0x1822</load_address>
         <run_address>0x1822</run_address>
         <size>0xca</size>
         <input_file_ref idref="fl-ce"/>
      </object_component>
      <object_component id="oc-1cf">
         <name>.debug_line</name>
         <load_address>0x18ec</load_address>
         <run_address>0x18ec</run_address>
         <size>0x69</size>
         <input_file_ref idref="fl-ce"/>
      </object_component>
      <object_component id="oc-1d5">
         <name>.debug_line</name>
         <load_address>0x1955</load_address>
         <run_address>0x1955</run_address>
         <size>0x68</size>
         <input_file_ref idref="fl-ce"/>
      </object_component>
      <object_component id="oc-296">
         <name>.debug_line</name>
         <load_address>0x19bd</load_address>
         <run_address>0x19bd</run_address>
         <size>0x54</size>
         <input_file_ref idref="fl-cf"/>
      </object_component>
      <object_component id="oc-2bb">
         <name>.debug_line</name>
         <load_address>0x1a11</load_address>
         <run_address>0x1a11</run_address>
         <size>0x4e</size>
         <input_file_ref idref="fl-cf"/>
      </object_component>
      <object_component id="oc-22c">
         <name>.debug_line</name>
         <load_address>0x1a5f</load_address>
         <run_address>0x1a5f</run_address>
         <size>0xa5</size>
         <input_file_ref idref="fl-cf"/>
      </object_component>
      <object_component id="oc-232">
         <name>.debug_line</name>
         <load_address>0x1b04</load_address>
         <run_address>0x1b04</run_address>
         <size>0xb0</size>
         <input_file_ref idref="fl-cf"/>
      </object_component>
      <object_component id="oc-238">
         <name>.debug_line</name>
         <load_address>0x1bb4</load_address>
         <run_address>0x1bb4</run_address>
         <size>0xb0</size>
         <input_file_ref idref="fl-cf"/>
      </object_component>
      <object_component id="oc-1ac">
         <name>.debug_line</name>
         <load_address>0x1c64</load_address>
         <run_address>0x1c64</run_address>
         <size>0x78</size>
         <input_file_ref idref="fl-cf"/>
      </object_component>
      <object_component id="oc-12b">
         <name>.debug_line</name>
         <load_address>0x1cdc</load_address>
         <run_address>0x1cdc</run_address>
         <size>0x66</size>
         <input_file_ref idref="fl-cf"/>
      </object_component>
      <object_component id="oc-11f">
         <name>.debug_line</name>
         <load_address>0x1d42</load_address>
         <run_address>0x1d42</run_address>
         <size>0x6a</size>
         <input_file_ref idref="fl-cf"/>
      </object_component>
      <object_component id="oc-125">
         <name>.debug_line</name>
         <load_address>0x1dac</load_address>
         <run_address>0x1dac</run_address>
         <size>0x7b</size>
         <input_file_ref idref="fl-cf"/>
      </object_component>
      <object_component id="oc-161">
         <name>.debug_line</name>
         <load_address>0x1e27</load_address>
         <run_address>0x1e27</run_address>
         <size>0x6c</size>
         <input_file_ref idref="fl-cf"/>
      </object_component>
      <object_component id="oc-bf">
         <name>.debug_line</name>
         <load_address>0x1e93</load_address>
         <run_address>0x1e93</run_address>
         <size>0x6e</size>
         <input_file_ref idref="fl-cf"/>
      </object_component>
      <object_component id="oc-15b">
         <name>.debug_line</name>
         <load_address>0x1f01</load_address>
         <run_address>0x1f01</run_address>
         <size>0x6c</size>
         <input_file_ref idref="fl-cf"/>
      </object_component>
      <object_component id="oc-b3">
         <name>.debug_line</name>
         <load_address>0x1f6d</load_address>
         <run_address>0x1f6d</run_address>
         <size>0x86</size>
         <input_file_ref idref="fl-cf"/>
      </object_component>
      <object_component id="oc-b9">
         <name>.debug_line</name>
         <load_address>0x1ff3</load_address>
         <run_address>0x1ff3</run_address>
         <size>0x74</size>
         <input_file_ref idref="fl-cf"/>
      </object_component>
      <object_component id="oc-155">
         <name>.debug_line</name>
         <load_address>0x2067</load_address>
         <run_address>0x2067</run_address>
         <size>0x82</size>
         <input_file_ref idref="fl-cf"/>
      </object_component>
      <object_component id="oc-282">
         <name>.debug_line</name>
         <load_address>0x20e9</load_address>
         <run_address>0x20e9</run_address>
         <size>0x54</size>
         <input_file_ref idref="fl-d0"/>
      </object_component>
      <object_component id="oc-2c1">
         <name>.debug_line</name>
         <load_address>0x213d</load_address>
         <run_address>0x213d</run_address>
         <size>0x4f</size>
         <input_file_ref idref="fl-d0"/>
      </object_component>
      <object_component id="oc-202">
         <name>.debug_line</name>
         <load_address>0x218c</load_address>
         <run_address>0x218c</run_address>
         <size>0x79</size>
         <input_file_ref idref="fl-d0"/>
      </object_component>
      <object_component id="oc-10d">
         <name>.debug_line</name>
         <load_address>0x2205</load_address>
         <run_address>0x2205</run_address>
         <size>0x7a</size>
         <input_file_ref idref="fl-d0"/>
      </object_component>
      <object_component id="oc-212">
         <name>.debug_line</name>
         <load_address>0x227f</load_address>
         <run_address>0x227f</run_address>
         <size>0x68</size>
         <input_file_ref idref="fl-d0"/>
      </object_component>
      <object_component id="oc-20c">
         <name>.debug_line</name>
         <load_address>0x22e7</load_address>
         <run_address>0x22e7</run_address>
         <size>0x69</size>
         <input_file_ref idref="fl-d0"/>
      </object_component>
      <object_component id="oc-c5">
         <name>.debug_line</name>
         <load_address>0x2350</load_address>
         <run_address>0x2350</run_address>
         <size>0x6c</size>
         <input_file_ref idref="fl-d0"/>
      </object_component>
      <object_component id="oc-14f">
         <name>.debug_line</name>
         <load_address>0x23bc</load_address>
         <run_address>0x23bc</run_address>
         <size>0x68</size>
         <input_file_ref idref="fl-d0"/>
      </object_component>
      <object_component id="oc-fb">
         <name>.debug_line</name>
         <load_address>0x2424</load_address>
         <run_address>0x2424</run_address>
         <size>0x69</size>
         <input_file_ref idref="fl-d0"/>
      </object_component>
      <object_component id="oc-101">
         <name>.debug_line</name>
         <load_address>0x248d</load_address>
         <run_address>0x248d</run_address>
         <size>0x67</size>
         <input_file_ref idref="fl-d0"/>
      </object_component>
      <object_component id="oc-cb">
         <name>.debug_line</name>
         <load_address>0x24f4</load_address>
         <run_address>0x24f4</run_address>
         <size>0x6b</size>
         <input_file_ref idref="fl-d0"/>
      </object_component>
      <object_component id="oc-d1">
         <name>.debug_line</name>
         <load_address>0x255f</load_address>
         <run_address>0x255f</run_address>
         <size>0x67</size>
         <input_file_ref idref="fl-d0"/>
      </object_component>
      <object_component id="oc-1bf">
         <name>.debug_line</name>
         <load_address>0x25c6</load_address>
         <run_address>0x25c6</run_address>
         <size>0x67</size>
         <input_file_ref idref="fl-d2"/>
      </object_component>
      <object_component id="oc-91">
         <name>.debug_frame</name>
         <load_address>0x0</load_address>
         <run_address>0x0</run_address>
         <size>0x88</size>
         <input_file_ref idref="fl-2"/>
      </object_component>
      <object_component id="oc-f0">
         <name>.debug_frame</name>
         <load_address>0x88</load_address>
         <run_address>0x88</run_address>
         <size>0x3c</size>
         <input_file_ref idref="fl-3"/>
      </object_component>
      <object_component id="oc-24">
         <name>.debug_frame</name>
         <load_address>0xc4</load_address>
         <run_address>0xc4</run_address>
         <size>0x84</size>
         <input_file_ref idref="fl-4"/>
      </object_component>
      <object_component id="oc-1b">
         <name>.debug_frame</name>
         <load_address>0x148</load_address>
         <run_address>0x148</run_address>
         <size>0x34</size>
         <input_file_ref idref="fl-c0"/>
      </object_component>
      <object_component id="oc-14">
         <name>.debug_frame</name>
         <load_address>0x17c</load_address>
         <run_address>0x17c</run_address>
         <size>0x40</size>
         <input_file_ref idref="fl-c1"/>
      </object_component>
      <object_component id="oc-57">
         <name>.debug_frame</name>
         <load_address>0x1bc</load_address>
         <run_address>0x1bc</run_address>
         <size>0x38</size>
         <input_file_ref idref="fl-c2"/>
      </object_component>
      <object_component id="oc-16b">
         <name>.debug_frame</name>
         <load_address>0x1f4</load_address>
         <run_address>0x1f4</run_address>
         <size>0x34</size>
         <input_file_ref idref="fl-c3"/>
      </object_component>
      <object_component id="oc-17b">
         <name>.debug_frame</name>
         <load_address>0x228</load_address>
         <run_address>0x228</run_address>
         <size>0x3c</size>
         <input_file_ref idref="fl-c8"/>
      </object_component>
      <object_component id="oc-88">
         <name>.debug_frame</name>
         <load_address>0x264</load_address>
         <run_address>0x264</run_address>
         <size>0x34</size>
         <input_file_ref idref="fl-c9"/>
      </object_component>
      <object_component id="oc-1ef">
         <name>.debug_frame</name>
         <load_address>0x298</load_address>
         <run_address>0x298</run_address>
         <size>0x45</size>
         <input_file_ref idref="fl-cb"/>
      </object_component>
      <object_component id="oc-13e">
         <name>.debug_frame</name>
         <load_address>0x2dd</load_address>
         <run_address>0x2dd</run_address>
         <size>0x45</size>
         <input_file_ref idref="fl-cb"/>
      </object_component>
      <object_component id="oc-149">
         <name>.debug_frame</name>
         <load_address>0x322</load_address>
         <run_address>0x322</run_address>
         <size>0x45</size>
         <input_file_ref idref="fl-cb"/>
      </object_component>
      <object_component id="oc-143">
         <name>.debug_frame</name>
         <load_address>0x367</load_address>
         <run_address>0x367</run_address>
         <size>0x45</size>
         <input_file_ref idref="fl-cb"/>
      </object_component>
      <object_component id="oc-f6">
         <name>.debug_frame</name>
         <load_address>0x3ac</load_address>
         <run_address>0x3ac</run_address>
         <size>0x45</size>
         <input_file_ref idref="fl-cb"/>
      </object_component>
      <object_component id="oc-db">
         <name>.debug_frame</name>
         <load_address>0x3f1</load_address>
         <run_address>0x3f1</run_address>
         <size>0x46</size>
         <input_file_ref idref="fl-cc"/>
      </object_component>
      <object_component id="oc-d5">
         <name>.debug_frame</name>
         <load_address>0x437</load_address>
         <run_address>0x437</run_address>
         <size>0x45</size>
         <input_file_ref idref="fl-cc"/>
      </object_component>
      <object_component id="oc-12f">
         <name>.debug_frame</name>
         <load_address>0x47c</load_address>
         <run_address>0x47c</run_address>
         <size>0x45</size>
         <input_file_ref idref="fl-cc"/>
      </object_component>
      <object_component id="oc-134">
         <name>.debug_frame</name>
         <load_address>0x4c1</load_address>
         <run_address>0x4c1</run_address>
         <size>0x45</size>
         <input_file_ref idref="fl-cc"/>
      </object_component>
      <object_component id="oc-e0">
         <name>.debug_frame</name>
         <load_address>0x506</load_address>
         <run_address>0x506</run_address>
         <size>0x45</size>
         <input_file_ref idref="fl-cc"/>
      </object_component>
      <object_component id="oc-1e3">
         <name>.debug_frame</name>
         <load_address>0x54b</load_address>
         <run_address>0x54b</run_address>
         <size>0x45</size>
         <input_file_ref idref="fl-cd"/>
      </object_component>
      <object_component id="oc-278">
         <name>.debug_frame</name>
         <load_address>0x590</load_address>
         <run_address>0x590</run_address>
         <size>0x45</size>
         <input_file_ref idref="fl-cd"/>
      </object_component>
      <object_component id="oc-1fb">
         <name>.debug_frame</name>
         <load_address>0x5d5</load_address>
         <run_address>0x5d5</run_address>
         <size>0x4a</size>
         <input_file_ref idref="fl-cd"/>
      </object_component>
      <object_component id="oc-1f5">
         <name>.debug_frame</name>
         <load_address>0x61f</load_address>
         <run_address>0x61f</run_address>
         <size>0x4a</size>
         <input_file_ref idref="fl-cd"/>
      </object_component>
      <object_component id="oc-1e8">
         <name>.debug_frame</name>
         <load_address>0x669</load_address>
         <run_address>0x669</run_address>
         <size>0x4a</size>
         <input_file_ref idref="fl-cd"/>
      </object_component>
      <object_component id="oc-1c7">
         <name>.debug_frame</name>
         <load_address>0x6b3</load_address>
         <run_address>0x6b3</run_address>
         <size>0x46</size>
         <input_file_ref idref="fl-ce"/>
      </object_component>
      <object_component id="oc-111">
         <name>.debug_frame</name>
         <load_address>0x6f9</load_address>
         <run_address>0x6f9</run_address>
         <size>0x45</size>
         <input_file_ref idref="fl-ce"/>
      </object_component>
      <object_component id="oc-1d9">
         <name>.debug_frame</name>
         <load_address>0x73e</load_address>
         <run_address>0x73e</run_address>
         <size>0x45</size>
         <input_file_ref idref="fl-ce"/>
      </object_component>
      <object_component id="oc-105">
         <name>.debug_frame</name>
         <load_address>0x783</load_address>
         <run_address>0x783</run_address>
         <size>0x45</size>
         <input_file_ref idref="fl-ce"/>
      </object_component>
[...]
            <object_component_ref idref="oc-1fa"/>
            <object_component_ref idref="oc-1f3"/>
            <object_component_ref idref="oc-1e7"/>
            <object_component_ref idref="oc-217"/>
            <object_component_ref idref="oc-1ca"/>
            <object_component_ref idref="oc-114"/>
            <object_component_ref idref="oc-1dc"/>
            <object_component_ref idref="oc-108"/>
            <object_component_ref idref="oc-11a"/>
            <object_component_ref idref="oc-e8"/>
            <object_component_ref idref="oc-1ce"/>
            <object_component_ref idref="oc-1d4"/>
            <object_component_ref idref="oc-265"/>
            <object_component_ref idref="oc-22b"/>
            <object_component_ref idref="oc-231"/>
            <object_component_ref idref="oc-237"/>
            <object_component_ref idref="oc-1ab"/>
            <object_component_ref idref="oc-12a"/>
            <object_component_ref idref="oc-11e"/>
            <object_component_ref idref="oc-124"/>
            <object_component_ref idref="oc-160"/>
            <object_component_ref idref="oc-be"/>
            <object_component_ref idref="oc-15a"/>
            <object_component_ref idref="oc-b2"/>
            <object_component_ref idref="oc-b8"/>
            <object_component_ref idref="oc-154"/>
            <object_component_ref idref="oc-27f"/>
            <object_component_ref idref="oc-201"/>
            <object_component_ref idref="oc-10c"/>
            <object_component_ref idref="oc-211"/>
            <object_component_ref idref="oc-20b"/>
            <object_component_ref idref="oc-c4"/>
            <object_component_ref idref="oc-14e"/>
            <object_component_ref idref="oc-fa"/>
            <object_component_ref idref="oc-100"/>
            <object_component_ref idref="oc-ca"/>
            <object_component_ref idref="oc-d0"/>
            <object_component_ref idref="oc-1bd"/>
         </contents>
      </logical_group>
      <logical_group id="lg-2f0" display="never" color="cyan">
         <name>.debug_pubtypes</name>
         <load_address>0x0</load_address>
         <run_address>0x0</run_address>
         <size>0x36b</size>
         <contents>
            <object_component_ref idref="oc-28a"/>
            <object_component_ref idref="oc-33"/>
            <object_component_ref idref="oc-1b0"/>
            <object_component_ref idref="oc-3e"/>
            <object_component_ref idref="oc-74"/>
            <object_component_ref idref="oc-2e"/>
            <object_component_ref idref="oc-a0"/>
            <object_component_ref idref="oc-6d"/>
            <object_component_ref idref="oc-2aa"/>
            <object_component_ref idref="oc-2c6"/>
            <object_component_ref idref="oc-2af"/>
            <object_component_ref idref="oc-2b4"/>
         </contents>
      </logical_group>
      <load_segment id="lg-307" display="no" color="cyan">
         <name>SEGMENT_0</name>
         <load_address>0x20004000</load_address>
         <run_address>0x20004000</run_address>
         <size>0x1a9c</size>
         <flags>0x5</flags>
         <contents>
            <logical_group_ref idref="lg-3"/>
            <logical_group_ref idref="lg-6"/>
            <logical_group_ref idref="lg-7"/>
            <logical_group_ref idref="lg-8"/>
         </contents>
      </load_segment>
      <load_segment id="lg-308" display="no" color="cyan">
         <name>SEGMENT_1</name>
         <run_address>0x20017000</run_address>
         <size>0x20</size>
         <flags>0x6</flags>
         <contents>
            <logical_group_ref idref="lg-a"/>
         </contents>
      </load_segment>
      <load_segment id="lg-309" display="no" color="cyan">
         <name>SEGMENT_2</name>
         <run_address>0x2002fae8</run_address>
         <size>0x518</size>
         <flags>0x6</flags>
         <contents>
            <logical_group_ref idref="lg-d"/>
         </contents>
      </load_segment>
   </logical_group_list>
   <placement_map>
      <memory_area display="yes" color="green">
         <name>SRAM_CODE</name>
         <page_id>0x0</page_id>
         <origin>0x20004000</origin>
         <length>0x12fff</length>
         <used_space>0x1a9a</used_space>
         <unused_space>0x11565</unused_space>
         <attributes>RWX</attributes>
         <usage_details>
            <allocated_space>
               <start_address>0x20004000</start_address>
               <size>0x400</size>
               <logical_group_ref idref="lg-3"/>
            </allocated_space>
            <allocated_space>
               <start_address>0x20004400</start_address>
               <size>0x1342</size>
               <logical_group_ref idref="lg-6"/>
            </allocated_space>
            <available_space>
               <start_address>0x20005742</start_address>
               <size>0x2</size>
            </available_space>
            <allocated_space>
               <start_address>0x20005744</start_address>
               <size>0x324</size>
               <logical_group_ref idref="lg-7"/>
            </allocated_space>
            <allocated_space>
               <start_address>0x20005a68</start_address>
               <size>0x34</size>
               <logical_group_ref idref="lg-8"/>
            </allocated_space>
            <available_space>
               <start_address>0x20005a9c</start_address>
               <size>0x11563</size>
            </available_space>
         </usage_details>
      </memory_area>
      <memory_area display="yes" color="green">
         <name>SRAM_DATA</name>
         <page_id>0x0</page_id>
         <origin>0x20017000</origin>
         <length>0x19000</length>
         <used_space>0x538</used_space>
         <unused_space>0x18ac8</unused_space>
         <attributes>RWX</attributes>
         <usage_details>
            <allocated_space>
               <start_address>0x20017000</start_address>
               <size>0x20</size>
               <logical_group_ref idref="lg-a"/>
            </allocated_space>
            <available_space>
               <start_address>0x20017020</start_address>
               <size>0x18ac8</size>
            </available_space>
            <allocated_space>
               <start_address>0x2002fae8</start_address>
               <size>0x518</size>
               <logical_group_ref idref="lg-d"/>
            </allocated_space>
         </usage_details>
      </memory_area>
   </placement_map>
   <cptbl_list>
      <cptbl>
         <name>__TI_cinit_table</name>
         <cprec>
            <name>.data</name>
            <load_address>0x20005a68</load_address>
            <load_size>0x23</load_size>
            <run_address>0x20017000</run_address>
            <run_size>0x20</run_size>
            <compression>lzss</compression>
         </cprec>
      </cptbl>
   </cptbl_list>
   <handler_table>
      <handler_table_name>__TI_handler_table</handler_table_name>
      <handler>
         <index>0x0</index>
         <name>__TI_decompress_lzss</name>
      </handler>
      <handler>
         <index>0x1</index>
         <name>__TI_decompress_none</name>
      </handler>
   </handler_table>
   <symbol_table>
      <symbol id="sm-1">
         <name>__TI_CINIT_Base</name>
         <value>0x20005a94</value>
      </symbol>
      <symbol id="sm-2">
         <name>__TI_CINIT_Limit</name>
         <value>0x20005a9c</value>
      </symbol>
      <symbol id="sm-3">
         <name>__TI_Handler_Table_Base</name>
         <value>0x20005a8c</value>
      </symbol>
      <symbol id="sm-4">
         <name>__TI_Handler_Table_Limit</name>
         <value>0x20005a94</value>
      </symbol>
      <symbol id="sm-5">
         <name>binit</name>
         <value>0xffffffff</value>
      </symbol>
      <symbol id="sm-6">
         <name>__binit__</name>
         <value>0xffffffff</value>
      </symbol>
      <symbol id="sm-7">
         <name>__STACK_SIZE</name>
         <value>0x518</value>
      </symbol>
      <symbol id="sm-8">
         <name>__STACK_END</name>
         <value>0x20030000</value>
      </symbol>
      <symbol id="sm-9">
         <name>__c_args__</name>
         <value>0xffffffff</value>
      </symbol>
      <symbol id="sm-a">
         <name>__TI_pprof_out_hndl</name>
         <value>0xffffffff</value>
      </symbol>
      <symbol id="sm-b">
         <name>__TI_prof_data_start</name>
         <value>0xffffffff</value>
      </symbol>
      <symbol id="sm-c">
         <name>__TI_prof_data_size</name>
         <value>0xffffffff</value>
      </symbol>
      <symbol id="sm-63">
         <name>Tx_UART</name>
         <value>0x2000443b</value>
         <object_component_ref idref="oc-8d"/>
      </symbol>
      <symbol id="sm-64">
         <name>dirBaseUart</name>
         <value>0x20017018</value>
         <object_component_ref idref="oc-163"/>
      </symbol>
      <symbol id="sm-65">
         <name>dirBaseSpi</name>
         <value>0x20017014</value>
         <object_component_ref idref="oc-163"/>
      </symbol>
      <symbol id="sm-66">
         <name>main</name>
         <value>0x2000449d</value>
         <object_component_ref idref="oc-8d"/>
      </symbol>
      <symbol id="sm-67">
         <name>car</name>
         <value>0x2001701c</value>
         <object_component_ref idref="oc-163"/>
      </symbol>
      <symbol id="sm-68">
         <name>str</name>
         <value>0x20017000</value>
         <object_component_ref idref="oc-166"/>
      </symbol>
      <symbol id="sm-69">
         <name>RT_Spi</name>
         <value>0x20004401</value>
         <object_component_ref idref="oc-8d"/>
      </symbol>
      <symbol id="sm-75">
         <name>PinMuxConfig</name>
         <value>0x20004889</value>
         <object_component_ref idref="oc-eb"/>
      </symbol>
      <symbol id="sm-94">
         <name>ResetISR</name>
         <value>0x2000571d</value>
         <object_component_ref idref="oc-23"/>
      </symbol>
      <symbol id="sm-95">
         <name>g_pfnVectors</name>
         <value>0x20004000</value>
         <object_component_ref idref="oc-f"/>
      </symbol>
      <symbol id="sm-ad">
         <name>__TI_decompress_none</name>
         <value>0x2000570f</value>
         <object_component_ref idref="oc-18"/>
      </symbol>
      <symbol id="sm-d0">
         <name>__TI_decompress_lzss</name>
         <value>0x200050ef</value>
         <object_component_ref idref="oc-12"/>
      </symbol>
      <symbol id="sm-e2">
         <name>__stack</name>
         <value>0x2002fae8</value>
         <object_component_ref idref="oc-20"/>
      </symbol>
      <symbol id="sm-e3">
         <name>_c_int00_noargs</name>
         <value>0x200054a9</value>
         <object_component_ref idref="oc-55"/>
      </symbol>
      <symbol id="sm-ee">
         <name>C$$EXIT</name>
         <value>0x2000573f</value>
         <object_component_ref idref="oc-16a"/>
      </symbol>
      <symbol id="sm-ef">
         <name>abort</name>
         <value>0x2000573f</value>
         <object_component_ref idref="oc-16a"/>
      </symbol>
      <symbol id="sm-10d">
         <name>memcpy</name>
         <value>0x20004d39</value>
         <object_component_ref idref="oc-37"/>
      </symbol>
      <symbol id="sm-10e">
         <name>__aeabi_memcpy</name>
         <value>0x20004d39</value>
         <object_component_ref idref="oc-37"/>
      </symbol>
      <symbol id="sm-10f">
         <name>__aeabi_memcpy8</name>
         <value>0x20004d39</value>
         <object_component_ref idref="oc-37"/>
      </symbol>
      <symbol id="sm-110">
         <name>__aeabi_memcpy4</name>
         <value>0x20004d39</value>
         <object_component_ref idref="oc-37"/>
      </symbol>
      <symbol id="sm-138">
         <name>__TI_auto_init_nobinit_nopinit</name>
         <value>0x200052d5</value>
         <object_component_ref idref="oc-176"/>
      </symbol>
      <symbol id="sm-142">
         <name>_system_pre_init</name>
         <value>0x2000573b</value>
         <object_component_ref idref="oc-87"/>
      </symbol>
      <symbol id="sm-175">
         <name>GPIOIntEnable</name>
         <value>0x20005615</value>
         <object_component_ref idref="oc-145"/>
      </symbol>
      <symbol id="sm-176">
         <name>GPIOIntTypeSet</name>
         <value>0x20004f79</value>
         <object_component_ref idref="oc-139"/>
      </symbol>
      <symbol id="sm-177">
         <name>GPIOIntClear</name>
         <value>0x200056d3</value>
         <object_component_ref idref="oc-13f"/>
      </symbol>
      <symbol id="sm-178">
         <name>GPIODirModeSet</name>
         <value>0x20005395</value>
         <object_component_ref idref="oc-1ea"/>
      </symbol>
      <symbol id="sm-179">
         <name>GPIOPinWrite</name>
         <value>0x2000553b</value>
         <object_component_ref idref="oc-f1"/>
      </symbol>
      <symbol id="sm-1cb">
         <name>IntPrioritySet</name>
         <value>0x200051b1</value>
         <object_component_ref idref="oc-133"/>
      </symbol>
      <symbol id="sm-1cc">
         <name>IntVTableBaseSet</name>
         <value>0x200056e9</value>
         <object_component_ref idref="oc-d3"/>
      </symbol>
      <symbol id="sm-1cd">
         <name>IntEnable</name>
         <value>0x20004bf1</value>
         <object_component_ref idref="oc-df"/>
      </symbol>
      <symbol id="sm-1ce">
         <name>IntRegister</name>
         <value>0x2000555d</value>
         <object_component_ref idref="oc-12d"/>
      </symbol>
      <symbol id="sm-1cf">
         <name>IntMasterEnable</name>
         <value>0x2000572b</value>
         <object_component_ref idref="oc-d9"/>
      </symbol>
      <symbol id="sm-20e">
         <name>PinTypeUART</name>
         <value>0x20005649</value>
         <object_component_ref idref="oc-1f6"/>
      </symbol>
      <symbol id="sm-20f">
         <name>PinTypeGPIO</name>
         <value>0x200053cb</value>
         <object_component_ref idref="oc-1e4"/>
      </symbol>
      <symbol id="sm-210">
         <name>PinConfigSet</name>
         <value>0x20004e69</value>
         <object_component_ref idref="oc-273"/>
      </symbol>
      <symbol id="sm-211">
         <name>PinTypeSPI</name>
         <value>0x2000562f</value>
         <object_component_ref idref="oc-1f0"/>
      </symbol>
      <symbol id="sm-212">
         <name>PinModeSet</name>
         <value>0x20005319</value>
         <object_component_ref idref="oc-1de"/>
      </symbol>
      <symbol id="sm-298">
         <name>PRCMPeripheralReset</name>
         <value>0x20005159</value>
         <object_component_ref idref="oc-115"/>
      </symbol>
      <symbol id="sm-299">
         <name>PRCMPeripheralClkEnable</name>
         <value>0x20005359</value>
         <object_component_ref idref="oc-10f"/>
      </symbol>
      <symbol id="sm-29a">
         <name>PRCMPeripheralClockGet</name>
         <value>0x20004dd5</value>
         <object_component_ref idref="oc-103"/>
      </symbol>
      <symbol id="sm-29b">
         <name>PRCMCC3200MCUInit</name>
         <value>0x20004711</value>
         <object_component_ref idref="oc-e5"/>
      </symbol>
      <symbol id="sm-29c">
         <name>PRCMHIBRegWrite</name>
         <value>0x200056a9</value>
         <object_component_ref idref="oc-1d1"/>
      </symbol>
      <symbol id="sm-29d">
         <name>PRCMSysResetCauseGet</name>
         <value>0x2000542d</value>
         <object_component_ref idref="oc-1c5"/>
      </symbol>
      <symbol id="sm-29e">
         <name>PRCMPeripheralClkDisable</name>
         <value>0x20005459</value>
         <object_component_ref idref="oc-1d7"/>
      </symbol>
      <symbol id="sm-29f">
         <name>PRCMHIBRegRead</name>
         <value>0x20005693</value>
         <object_component_ref idref="oc-1cb"/>
      </symbol>
      <symbol id="sm-354">
         <name>SPITransfer</name>
         <value>0x20004ef1</value>
         <object_component_ref idref="oc-151"/>
      </symbol>
      <symbol id="sm-355">
         <name>SPIDataPut</name>
         <value>0x2000559d</value>
         <object_component_ref idref="oc-157"/>
      </symbol>
      <symbol id="sm-356">
         <name>SPIEnable</name>
         <value>0x20005663</value>
         <object_component_ref idref="oc-127"/>
      </symbol>
      <symbol id="sm-357">
         <name>SPIDataGet</name>
         <value>0x2000557d</value>
         <object_component_ref idref="oc-15d"/>
      </symbol>
      <symbol id="sm-358">
         <name>SPIConfigSetExpClk</name>
         <value>0x20004c99</value>
         <object_component_ref idref="oc-121"/>
      </symbol>
      <symbol id="sm-359">
         <name>SPIReset</name>
         <value>0x20005519</value>
         <object_component_ref idref="oc-11b"/>
      </symbol>
      <symbol id="sm-35a">
         <name>SPIDataPutNonBlocking</name>
         <value>0x20005481</value>
         <object_component_ref idref="oc-bb"/>
      </symbol>
      <symbol id="sm-35b">
         <name>SPIIntStatus</name>
         <value>0x20004ffd</value>
         <object_component_ref idref="oc-af"/>
      </symbol>
      <symbol id="sm-35c">
         <name>SPIIntClear</name>
         <value>0x20005205</value>
         <object_component_ref idref="oc-b5"/>
      </symbol>
      <symbol id="sm-3ca">
         <name>UARTCharPutNonBlocking</name>
         <value>0x200054d1</value>
         <object_component_ref idref="oc-c1"/>
      </symbol>
      <symbol id="sm-3cb">
         <name>UARTConfigSetExpClk</name>
         <value>0x20005079</value>
         <object_component_ref idref="oc-109"/>
      </symbol>
      <symbol id="sm-3cc">
         <name>UARTDisable</name>
         <value>0x200053fd</value>
         <object_component_ref idref="oc-208"/>
      </symbol>
      <symbol id="sm-3cd">
         <name>UARTIntEnable</name>
         <value>0x2000567b</value>
         <object_component_ref idref="oc-fd"/>
      </symbol>
      <symbol id="sm-3ce">
         <name>UARTCharPut</name>
         <value>0x200055bb</value>
         <object_component_ref idref="oc-14b"/>
      </symbol>
      <symbol id="sm-3cf">
         <name>UARTEnable</name>
         <value>0x200054f5</value>
         <object_component_ref idref="oc-20e"/>
      </symbol>
      <symbol id="sm-3d0">
         <name>UARTIntClear</name>
         <value>0x200056fd</value>
         <object_component_ref idref="oc-cd"/>
      </symbol>
      <symbol id="sm-3d1">
         <name>UARTIntStatus</name>
         <value>0x200055f7</value>
         <object_component_ref idref="oc-c7"/>
      </symbol>
      <symbol id="sm-3d2">
         <name>UARTIntRegister</name>
         <value>0x200055d9</value>
         <object_component_ref idref="oc-f7"/>
      </symbol>
      <symbol id="sm-3d6">
         <name>UtilsDelay</name>
         <value>0x20005735</value>
         <object_component_ref idref="oc-26b"/>
      </symbol>
      <symbol id="sm-3e0">
         <name>CPUcpsie</name>
         <value>0x200056bf</value>
         <object_component_ref idref="oc-1ba"/>
      </symbol>
      <symbol id="sm-3e4">
         <name>__TI_static_base__</name>
         <value>0x20005a68</value>
      </symbol>
      <symbol id="sm-3e7">
         <name>__mpu_init</name>
         <value>0x0</value>
      </symbol>
      <symbol id="sm-3e8">
         <name>_system_post_cinit</name>
         <value>0x0</value>
      </symbol>
   </symbol_table>
   <title>Link successful</title>
</link_info>
