<?xml version="1.0" encoding="ISO-8859-1" ?>
<link_info>
   <banner>TI ARM Linker PC v18.1.2.LTS</banner>
   <copyright>Copyright (c) 1996-2017 Texas Instruments Incorporated</copyright>
   <link_time>0x5bec5488</link_time>
   <link_errors>0x0</link_errors>
   <output_file>SpiConTrf.out</output_file>
   <entry_point>
      <name>_c_int00_noargs</name>
      <address>0x20005409</address>
   </entry_point>
   <input_file_list>
      <input_file id="fl-2">
         <path>.\</path>
         <kind>object</kind>
         <file>main.obj</file>
         <name>main.obj</name>
      </input_file>
      <input_file id="fl-3">
         <path>.\</path>
         <kind>object</kind>
         <file>rom_pin_mux_config.obj</file>
         <name>rom_pin_mux_config.obj</name>
      </input_file>
      <input_file id="fl-4">
         <path>.\</path>
         <kind>object</kind>
         <file>startup_ccs.obj</file>
         <name>startup_ccs.obj</name>
      </input_file>
      <input_file id="fl-9">
         <kind>object</kind>
         <file>&lt;internal&gt;</file>
         <name>&lt;internal&gt;</name>
      </input_file>
      <input_file id="fl-bf">
         <path>C:\ti\ccsv8\tools\compiler\ti-cgt-arm_18.1.2.LTS\lib\</path>
         <kind>archive</kind>
         <file>rtsv7M4_T_le_eabi.lib</file>
         <name>copy_zero_init.c.obj</name>
      </input_file>
      <input_file id="fl-c0">
         <path>C:\ti\ccsv8\tools\compiler\ti-cgt-arm_18.1.2.LTS\lib\</path>
         <kind>archive</kind>
         <file>rtsv7M4_T_le_eabi.lib</file>
         <name>copy_decompress_none.c.obj</name>
      </input_file>
      <input_file id="fl-c1">
         <path>C:\ti\ccsv8\tools\compiler\ti-cgt-arm_18.1.2.LTS\lib\</path>
         <kind>archive</kind>
         <file>rtsv7M4_T_le_eabi.lib</file>
         <name>copy_decompress_lzss.c.obj</name>
      </input_file>
      <input_file id="fl-c2">
         <path>C:\ti\ccsv8\tools\compiler\ti-cgt-arm_18.1.2.LTS\lib\</path>
         <kind>archive</kind>
         <file>rtsv7M4_T_le_eabi.lib</file>
         <name>boot_cortex_m.c.obj</name>
      </input_file>
      <input_file id="fl-c3">
         <path>C:\ti\ccsv8\tools\compiler\ti-cgt-arm_18.1.2.LTS\lib\</path>
         <kind>archive</kind>
         <file>rtsv7M4_T_le_eabi.lib</file>
         <name>exit.c.obj</name>
      </input_file>
      <input_file id="fl-c4">
         <path>C:\ti\ccsv8\tools\compiler\ti-cgt-arm_18.1.2.LTS\lib\</path>
         <kind>archive</kind>
         <file>rtsv7M4_T_le_eabi.lib</file>
         <name>_lock.c.obj</name>
      </input_file>
      <input_file id="fl-c5">
         <path>C:\ti\ccsv8\tools\compiler\ti-cgt-arm_18.1.2.LTS\lib\</path>
         <kind>archive</kind>
         <file>rtsv7M4_T_le_eabi.lib</file>
         <name>args_main.c.obj</name>
      </input_file>
      <input_file id="fl-c6">
         <path>C:\ti\ccsv8\tools\compiler\ti-cgt-arm_18.1.2.LTS\lib\</path>
         <kind>archive</kind>
         <file>rtsv7M4_T_le_eabi.lib</file>
         <name>memset_t2.asm.obj</name>
      </input_file>
      <input_file id="fl-c7">
         <path>C:\ti\ccsv8\tools\compiler\ti-cgt-arm_18.1.2.LTS\lib\</path>
         <kind>archive</kind>
         <file>rtsv7M4_T_le_eabi.lib</file>
         <name>memcpy_t2.asm.obj</name>
      </input_file>
      <input_file id="fl-c8">
         <path>C:\ti\ccsv8\tools\compiler\ti-cgt-arm_18.1.2.LTS\lib\</path>
         <kind>archive</kind>
         <file>rtsv7M4_T_le_eabi.lib</file>
         <name>autoinit.c.obj</name>
      </input_file>
      <input_file id="fl-c9">
         <path>C:\ti\ccsv8\tools\compiler\ti-cgt-arm_18.1.2.LTS\lib\</path>
         <kind>archive</kind>
         <file>rtsv7M4_T_le_eabi.lib</file>
         <name>pre_init.c.obj</name>
      </input_file>
      <input_file id="fl-ca">
         <path>C:\ti\ccsv8\tools\compiler\ti-cgt-arm_18.1.2.LTS\lib\</path>
         <kind>archive</kind>
         <file>rtsv7M4_T_le_eabi.lib</file>
         <name>cpy_tbl.c.obj</name>
      </input_file>
      <input_file id="fl-cb">
         <path>C:\ti\CC3200SDK_1.3.0\cc3200-sdk\driverlib\ccs\Release\</path>
         <kind>archive</kind>
         <file>driverlib.a</file>
         <name>gpio.obj</name>
      </input_file>
      <input_file id="fl-cc">
         <path>C:\ti\CC3200SDK_1.3.0\cc3200-sdk\driverlib\ccs\Release\</path>
         <kind>archive</kind>
         <file>driverlib.a</file>
         <name>interrupt.obj</name>
      </input_file>
      <input_file id="fl-cd">
         <path>C:\ti\CC3200SDK_1.3.0\cc3200-sdk\driverlib\ccs\Release\</path>
         <kind>archive</kind>
         <file>driverlib.a</file>
         <name>pin.obj</name>
      </input_file>
      <input_file id="fl-ce">
         <path>C:\ti\CC3200SDK_1.3.0\cc3200-sdk\driverlib\ccs\Release\</path>
         <kind>archive</kind>
         <file>driverlib.a</file>
         <name>prcm.obj</name>
      </input_file>
      <input_file id="fl-cf">
         <path>C:\ti\CC3200SDK_1.3.0\cc3200-sdk\driverlib\ccs\Release\</path>
         <kind>archive</kind>
         <file>driverlib.a</file>
         <name>spi.obj</name>
      </input_file>
      <input_file id="fl-d0">
         <path>C:\ti\CC3200SDK_1.3.0\cc3200-sdk\driverlib\ccs\Release\</path>
         <kind>archive</kind>
         <file>driverlib.a</file>
         <name>uart.obj</name>
      </input_file>
      <input_file id="fl-d1">
         <path>C:\ti\CC3200SDK_1.3.0\cc3200-sdk\driverlib\ccs\Release\</path>
         <kind>archive</kind>
         <file>driverlib.a</file>
         <name>utils.obj</name>
      </input_file>
      <input_file id="fl-d2">
         <path>C:\ti\CC3200SDK_1.3.0\cc3200-sdk\driverlib\ccs\Release\</path>
         <kind>archive</kind>
         <file>driverlib.a</file>
         <name>cpu.obj</name>
      </input_file>
      <input_file id="fl-d3">
         <path>C:\ti\CC3200SDK_1.3.0\cc3200-sdk\driverlib\ccs\Release\</path>
         <kind>archive</kind>
         <file>driverlib.a</file>
         <name>flash.obj</name>
      </input_file>
      <input_file id="fl-d4">
         <path>C:\ti\ccsv8\tools\compiler\ti-cgt-arm_18.1.2.LTS\lib\</path>
         <kind>archive</kind>
         <file>rtsv7M4_T_le_eabi.lib</file>
         <name>ull_div_t2.asm.obj</name>
      </input_file>
      <input_file id="fl-d5">
         <path>C:\ti\ccsv8\tools\compiler\ti-cgt-arm_18.1.2.LTS\lib\</path>
         <kind>archive</kind>
         <file>rtsv7M4_T_le_eabi.lib</file>
         <name>div0.asm.obj</name>
      </input_file>
   </input_file_list>
   <object_component_list>
      <object_component id="oc-f">
         <name>.intvecs</name>
         <load_address>0x20004000</load_address>
         <run_address>0x20004000</run_address>
         <size>0x400</size>
         <input_file_ref idref="fl-4"/>
      </object_component>
      <object_component id="oc-8d">
         <name>.text</name>
         <load_address>0x20004400</load_address>
         <run_address>0x20004400</run_address>
         <size>0x270</size>
         <input_file_ref idref="fl-2"/>
      </object_component>
      <object_component id="oc-e5">
         <name>.text:PRCMCC3200MCUInit</name>
         <load_address>0x20004670</load_address>
         <run_address>0x20004670</run_address>
         <size>0x178</size>
         <input_file_ref idref="fl-ce"/>
      </object_component>
      <object_component id="oc-eb">
         <name>.text</name>
         <load_address>0x200047e8</load_address>
         <run_address>0x200047e8</run_address>
         <size>0x110</size>
         <input_file_ref idref="fl-3"/>
      </object_component>
      <object_component id="oc-22d">
         <name>.text:SPITransfer32</name>
         <load_address>0x200048f8</load_address>
         <run_address>0x200048f8</run_address>
         <size>0xd0</size>
         <input_file_ref idref="fl-cf"/>
      </object_component>
      <object_component id="oc-227">
         <name>.text:SPITransfer16</name>
         <load_address>0x200049c8</load_address>
         <run_address>0x200049c8</run_address>
         <size>0xce</size>
         <input_file_ref idref="fl-cf"/>
      </object_component>
      <object_component id="oc-221">
         <name>.text:SPITransfer8</name>
         <load_address>0x20004a96</load_address>
         <run_address>0x20004a96</run_address>
         <size>0xb8</size>
         <input_file_ref idref="fl-cf"/>
      </object_component>
      <object_component id="oc-df">
         <name>.text:IntEnable</name>
         <load_address>0x20004b50</load_address>
         <run_address>0x20004b50</run_address>
         <size>0xa8</size>
         <input_file_ref idref="fl-cc"/>
      </object_component>
      <object_component id="oc-121">
         <name>.text:SPIConfigSetExpClk</name>
         <load_address>0x20004bf8</load_address>
         <run_address>0x20004bf8</run_address>
         <size>0xa0</size>
         <input_file_ref idref="fl-cf"/>
      </object_component>
      <object_component id="oc-37">
         <name>.text</name>
         <load_address>0x20004c98</load_address>
         <run_address>0x20004c98</run_address>
         <size>0x9c</size>
         <input_file_ref idref="fl-c7"/>
      </object_component>
      <object_component id="oc-103">
         <name>.text:PRCMPeripheralClockGet</name>
         <load_address>0x20004d34</load_address>
         <run_address>0x20004d34</run_address>
         <size>0x94</size>
         <input_file_ref idref="fl-ce"/>
      </object_component>
      <object_component id="oc-26c">
         <name>.text:PinConfigSet</name>
         <load_address>0x20004dc8</load_address>
         <run_address>0x20004dc8</run_address>
         <size>0x88</size>
         <input_file_ref idref="fl-cd"/>
      </object_component>
      <object_component id="oc-14b">
         <name>.text:SPITransfer</name>
         <load_address>0x20004e50</load_address>
         <run_address>0x20004e50</run_address>
         <size>0x88</size>
         <input_file_ref idref="fl-cf"/>
      </object_component>
      <object_component id="oc-139">
         <name>.text:GPIOIntTypeSet</name>
         <load_address>0x20004ed8</load_address>
         <run_address>0x20004ed8</run_address>
         <size>0x82</size>
         <input_file_ref idref="fl-cb"/>
      </object_component>
      <object_component id="oc-af">
         <name>.text:SPIIntStatus</name>
         <load_address>0x20004f5c</load_address>
         <run_address>0x20004f5c</run_address>
         <size>0x7c</size>
         <input_file_ref idref="fl-cf"/>
      </object_component>
      <object_component id="oc-109">
         <name>.text:UARTConfigSetExpClk</name>
         <load_address>0x20004fd8</load_address>
         <run_address>0x20004fd8</run_address>
         <size>0x76</size>
         <input_file_ref idref="fl-d0"/>
      </object_component>
      <object_component id="oc-12">
         <name>.text:decompress:lzss:__TI_decompress_lzss</name>
         <load_address>0x2000504e</load_address>
         <run_address>0x2000504e</run_address>
         <size>0x68</size>
         <input_file_ref idref="fl-c1"/>
      </object_component>
      <object_component id="oc-115">
         <name>.text:PRCMPeripheralReset</name>
         <load_address>0x200050b8</load_address>
         <run_address>0x200050b8</run_address>
         <size>0x58</size>
         <input_file_ref idref="fl-ce"/>
      </object_component>
      <object_component id="oc-133">
         <name>.text:IntPrioritySet</name>
         <load_address>0x20005110</load_address>
         <run_address>0x20005110</run_address>
         <size>0x54</size>
         <input_file_ref idref="fl-cc"/>
      </object_component>
      <object_component id="oc-b5">
         <name>.text:SPIIntClear</name>
         <load_address>0x20005164</load_address>
         <run_address>0x20005164</run_address>
         <size>0x48</size>
         <input_file_ref idref="fl-cf"/>
      </object_component>
      <object_component id="oc-1a2">
         <name>.text:SPIDmaMaskGet</name>
         <load_address>0x200051ac</load_address>
         <run_address>0x200051ac</run_address>
         <size>0x44</size>
         <input_file_ref idref="fl-cf"/>
      </object_component>
      <object_component id="oc-1f8">
         <name>.text:UARTIntNumberGet</name>
         <load_address>0x200051f0</load_address>
         <run_address>0x200051f0</run_address>
         <size>0x44</size>
         <input_file_ref idref="fl-d0"/>
      </object_component>
      <object_component id="oc-170">
         <name>.text:__TI_auto_init_nobinit_nopinit:__TI_auto_init_nobinit_nopinit</name>
         <load_address>0x20005234</load_address>
         <run_address>0x20005234</run_address>
         <size>0x44</size>
         <input_file_ref idref="fl-c8"/>
      </object_component>
      <object_component id="oc-1d8">
         <name>.text:PinModeSet</name>
         <load_address>0x20005278</load_address>
         <run_address>0x20005278</run_address>
         <size>0x40</size>
         <input_file_ref idref="fl-cd"/>
      </object_component>
      <object_component id="oc-10f">
         <name>.text:PRCMPeripheralClkEnable</name>
         <load_address>0x200052b8</load_address>
         <run_address>0x200052b8</run_address>
         <size>0x3c</size>
         <input_file_ref idref="fl-ce"/>
      </object_component>
      <object_component id="oc-1e4">
         <name>.text:GPIODirModeSet</name>
         <load_address>0x200052f4</load_address>
         <run_address>0x200052f4</run_address>
         <size>0x36</size>
         <input_file_ref idref="fl-cb"/>
      </object_component>
      <object_component id="oc-1de">
         <name>.text:PinTypeGPIO</name>
         <load_address>0x2000532a</load_address>
         <run_address>0x2000532a</run_address>
         <size>0x30</size>
         <input_file_ref idref="fl-cd"/>
      </object_component>
      <object_component id="oc-202">
         <name>.text:UARTDisable</name>
         <load_address>0x2000535c</load_address>
         <run_address>0x2000535c</run_address>
         <size>0x30</size>
         <input_file_ref idref="fl-d0"/>
      </object_component>
      <object_component id="oc-1bf">
         <name>.text:PRCMSysResetCauseGet</name>
         <load_address>0x2000538c</load_address>
         <run_address>0x2000538c</run_address>
         <size>0x2c</size>
         <input_file_ref idref="fl-ce"/>
      </object_component>
      <object_component id="oc-1d1">
         <name>.text:PRCMPeripheralClkDisable</name>
         <load_address>0x200053b8</load_address>
         <run_address>0x200053b8</run_address>
         <size>0x28</size>
         <input_file_ref idref="fl-ce"/>
      </object_component>
      <object_component id="oc-bb">
         <name>.text:SPIDataPutNonBlocking</name>
         <load_address>0x200053e0</load_address>
         <run_address>0x200053e0</run_address>
         <size>0x28</size>
         <input_file_ref idref="fl-cf"/>
      </object_component>
      <object_component id="oc-55">
         <name>.text:_c_int00_noargs:_c_int00_noargs</name>
         <load_address>0x20005408</load_address>
         <run_address>0x20005408</run_address>
         <size>0x28</size>
         <input_file_ref idref="fl-c2"/>
      </object_component>
      <object_component id="oc-c1">
         <name>.text:UARTCharPutNonBlocking</name>
         <load_address>0x20005430</load_address>
         <run_address>0x20005430</run_address>
         <size>0x24</size>
         <input_file_ref idref="fl-d0"/>
      </object_component>
      <object_component id="oc-208">
         <name>.text:UARTEnable</name>
         <load_address>0x20005454</load_address>
         <run_address>0x20005454</run_address>
         <size>0x24</size>
         <input_file_ref idref="fl-d0"/>
      </object_component>
      <object_component id="oc-11b">
         <name>.text:SPIReset</name>
         <load_address>0x20005478</load_address>
         <run_address>0x20005478</run_address>
         <size>0x22</size>
         <input_file_ref idref="fl-cf"/>
      </object_component>
      <object_component id="oc-f1">
         <name>.text:GPIOPinWrite</name>
         <load_address>0x2000549a</load_address>
         <run_address>0x2000549a</run_address>
         <size>0x20</size>
         <input_file_ref idref="fl-cb"/>
      </object_component>
      <object_component id="oc-12d">
         <name>.text:IntRegister</name>
         <load_address>0x200054bc</load_address>
         <run_address>0x200054bc</run_address>
         <size>0x20</size>
         <input_file_ref idref="fl-cc"/>
      </object_component>
      <object_component id="oc-157">
         <name>.text:SPIDataGet</name>
         <load_address>0x200054dc</load_address>
         <run_address>0x200054dc</run_address>
         <size>0x20</size>
         <input_file_ref idref="fl-cf"/>
      </object_component>
      <object_component id="oc-151">
         <name>.text:SPIDataPut</name>
         <load_address>0x200054fc</load_address>
         <run_address>0x200054fc</run_address>
         <size>0x1e</size>
         <input_file_ref idref="fl-cf"/>
      </object_component>
      <object_component id="oc-f7">
         <name>.text:UARTIntRegister</name>
         <load_address>0x2000551a</load_address>
         <run_address>0x2000551a</run_address>
         <size>0x1e</size>
         <input_file_ref idref="fl-d0"/>
      </object_component>
      <object_component id="oc-c7">
         <name>.text:UARTIntStatus</name>
         <load_address>0x20005538</load_address>
         <run_address>0x20005538</run_address>
         <size>0x1e</size>
         <input_file_ref idref="fl-d0"/>
      </object_component>
      <object_component id="oc-145">
         <name>.text:GPIOIntEnable</name>
         <load_address>0x20005556</load_address>
         <run_address>0x20005556</run_address>
         <size>0x1a</size>
         <input_file_ref idref="fl-cb"/>
      </object_component>
      <object_component id="oc-1ea">
         <name>.text:PinTypeSPI</name>
         <load_address>0x20005570</load_address>
         <run_address>0x20005570</run_address>
         <size>0x1a</size>
         <input_file_ref idref="fl-cd"/>
      </object_component>
      <object_component id="oc-1f0">
         <name>.text:PinTypeUART</name>
         <load_address>0x2000558a</load_address>
         <run_address>0x2000558a</run_address>
         <size>0x1a</size>
         <input_file_ref idref="fl-cd"/>
      </object_component>
      <object_component id="oc-127">
         <name>.text:SPIEnable</name>
         <load_address>0x200055a4</load_address>
         <run_address>0x200055a4</run_address>
         <size>0x18</size>
         <input_file_ref idref="fl-cf"/>
      </object_component>
      <object_component id="oc-fd">
         <name>.text:UARTIntEnable</name>
         <load_address>0x200055bc</load_address>
         <run_address>0x200055bc</run_address>
         <size>0x18</size>
         <input_file_ref idref="fl-d0"/>
      </object_component>
      <object_component id="oc-1c5">
         <name>.text:PRCMHIBRegRead</name>
         <load_address>0x200055d4</load_address>
         <run_address>0x200055d4</run_address>
         <size>0x16</size>
         <input_file_ref idref="fl-ce"/>
      </object_component>
      <object_component id="oc-1cb">
         <name>.text:PRCMHIBRegWrite</name>
         <load_address>0x200055ea</load_address>
         <run_address>0x200055ea</run_address>
         <size>0x16</size>
         <input_file_ref idref="fl-ce"/>
      </object_component>
      <object_component id="oc-1b4">
         <name>.text:CPUcpsie</name>
         <load_address>0x20005600</load_address>
         <run_address>0x20005600</run_address>
         <size>0x14</size>
         <input_file_ref idref="fl-d2"/>
      </object_component>
      <object_component id="oc-13f">
         <name>.text:GPIOIntClear</name>
         <load_address>0x20005614</load_address>
         <run_address>0x20005614</run_address>
         <size>0x14</size>
         <input_file_ref idref="fl-cb"/>
      </object_component>
      <object_component id="oc-d3">
         <name>.text:IntVTableBaseSet</name>
         <load_address>0x20005628</load_address>
         <run_address>0x20005628</run_address>
         <size>0x14</size>
         <input_file_ref idref="fl-cc"/>
      </object_component>
      <object_component id="oc-cd">
         <name>.text:UARTIntClear</name>
         <load_address>0x2000563c</load_address>
         <run_address>0x2000563c</run_address>
         <size>0x12</size>
         <input_file_ref idref="fl-d0"/>
      </object_component>
      <object_component id="oc-18">
         <name>.text:decompress:none:__TI_decompress_none</name>
         <load_address>0x2000564e</load_address>
         <run_address>0x2000564e</run_address>
         <size>0xe</size>
         <input_file_ref idref="fl-c0"/>
      </object_component>
      <object_component id="oc-23">
         <name>.text</name>
         <load_address>0x2000565c</load_address>
         <run_address>0x2000565c</run_address>
         <size>0xe</size>
         <input_file_ref idref="fl-4"/>
      </object_component>
      <object_component id="oc-d9">
         <name>.text:IntMasterEnable</name>
         <load_address>0x2000566a</load_address>
         <run_address>0x2000566a</run_address>
         <size>0xa</size>
         <input_file_ref idref="fl-cc"/>
      </object_component>
      <object_component id="oc-264">
         <name>.text:UtilsDelay</name>
         <load_address>0x20005674</load_address>
         <run_address>0x20005674</run_address>
         <size>0x6</size>
         <input_file_ref idref="fl-d1"/>
      </object_component>
      <object_component id="oc-87">
         <name>.text:_system_pre_init</name>
         <load_address>0x2000567a</load_address>
         <run_address>0x2000567a</run_address>
         <size>0x4</size>
         <input_file_ref idref="fl-c9"/>
      </object_component>
      <object_component id="oc-164">
         <name>.text:abort:abort</name>
         <load_address>0x2000567e</load_address>
         <run_address>0x2000567e</run_address>
         <size>0x4</size>
         <input_file_ref idref="fl-c3"/>
      </object_component>
      <object_component id="oc-268">
         <name>.const:g_ulPinToPadMap</name>
         <load_address>0x20005684</load_address>
         <run_address>0x20005684</run_address>
         <size>0x100</size>
         <input_file_ref idref="fl-cd"/>
      </object_component>
      <object_component id="oc-21a">
         <name>.const:g_pulRegs</name>
         <load_address>0x20005784</load_address>
         <run_address>0x20005784</run_address>
         <size>0xd4</size>
         <input_file_ref idref="fl-cc"/>
      </object_component>
      <object_component id="oc-20f">
         <name>.const:PRCM_PeriphRegsList</name>
         <load_address>0x20005858</load_address>
         <run_address>0x20005858</run_address>
         <size>0xa8</size>
         <input_file_ref idref="fl-ce"/>
      </object_component>
      <object_component id="oc-1bb">
         <name>.const</name>
         <load_address>0x20005900</load_address>
         <run_address>0x20005900</run_address>
         <size>0x80</size>
         <input_file_ref idref="fl-cc"/>
      </object_component>
      <object_component id="oc-25c">
         <name>.const</name>
         <load_address>0x20005980</load_address>
         <run_address>0x20005980</run_address>
         <size>0x18</size>
         <input_file_ref idref="fl-cf"/>
      </object_component>
      <object_component id="oc-276">
         <name>.const</name>
         <load_address>0x20005998</load_address>
         <run_address>0x20005998</run_address>
         <size>0x10</size>
         <input_file_ref idref="fl-d0"/>
      </object_component>
      <object_component id="oc-2f5">
         <name>.cinit..data.load</name>
         <load_address>0x200059a8</load_address>
         <run_address>0x200059a8</run_address>
         <size>0x23</size>
      </object_component>
      <object_component id="oc-2f3">
         <name>__TI_handler_table</name>
         <load_address>0x200059cc</load_address>
         <run_address>0x200059cc</run_address>
         <size>0x8</size>
      </object_component>
      <object_component id="oc-2f4">
         <name>__TI_cinit_table</name>
         <load_address>0x200059d4</load_address>
         <run_address>0x200059d4</run_address>
         <size>0x8</size>
      </object_component>
      <object_component id="oc-15d">
         <name>.data</name>
         <load_address>0x20017014</load_address>
         <run_address>0x20017014</run_address>
         <size>0xc</size>
         <input_file_ref idref="fl-2"/>
      </object_component>
      <object_component id="oc-160">
         <name>.data:str</name>
         <load_address>0x20017000</load_address>
         <run_address>0x20017000</run_address>
         <size>0x11</size>
         <input_file_ref idref="fl-2"/>
      </object_component>
      <object_component id="oc-20">
         <name>.stack</name>
         <uninitialized>true</uninitialized>
         <run_address>0x2002fae8</run_address>
         <size>0x4</size>
         <input_file_ref idref="fl-c2"/>
      </object_component>
      <object_component id="oc-2f6">
         <name>.stack</name>
         <uninitialized>true</uninitialized>
         <run_address>0x2002fae8</run_address>
         <size>0x0</size>
      </object_component>
      <object_component id="oc-23b">
         <name>.debug_info</name>
         <load_address>0x0</load_address>
         <run_address>0x0</run_address>
         <size>0x750</size>
         <input_file_ref idref="fl-2"/>
      </object_component>
      <object_component id="oc-15e">
         <name>.debug_info</name>
         <load_address>0x750</load_address>
         <run_address>0x750</run_address>
         <size>0x103</size>
         <input_file_ref idref="fl-2"/>
      </object_component>
      <object_component id="oc-161">
         <name>.debug_info</name>
         <load_address>0x853</load_address>
         <run_address>0x853</run_address>
         <size>0xb7</size>
         <input_file_ref idref="fl-2"/>
      </object_component>
      <object_component id="oc-8e">
         <name>.debug_info</name>
         <load_address>0x90a</load_address>
         <run_address>0x90a</run_address>
         <size>0x5cd</size>
         <input_file_ref idref="fl-2"/>
      </object_component>
      <object_component id="oc-282">
         <name>.debug_info</name>
         <load_address>0xed7</load_address>
         <run_address>0xed7</run_address>
         <size>0x62</size>
         <input_file_ref idref="fl-2"/>
      </object_component>
      <object_component id="oc-32">
         <name>.debug_info</name>
         <load_address>0xf39</load_address>
         <run_address>0xf39</run_address>
         <size>0x84</size>
         <input_file_ref idref="fl-2"/>
      </object_component>
      <object_component id="oc-1a9">
         <name>.debug_info</name>
         <load_address>0xfbd</load_address>
         <run_address>0xfbd</run_address>
         <size>0x2c</size>
         <input_file_ref idref="fl-2"/>
      </object_component>
      <object_component id="oc-ec">
         <name>.debug_info</name>
         <load_address>0xfe9</load_address>
         <run_address>0xfe9</run_address>
         <size>0x380</size>
         <input_file_ref idref="fl-3"/>
      </object_component>
      <object_component id="oc-2b">
         <name>.debug_info</name>
         <load_address>0x1369</load_address>
         <run_address>0x1369</run_address>
         <size>0x151</size>
         <input_file_ref idref="fl-4"/>
      </object_component>
      <object_component id="oc-10">
         <name>.debug_info</name>
         <load_address>0x14ba</load_address>
         <run_address>0x14ba</run_address>
         <size>0xd0</size>
         <input_file_ref idref="fl-4"/>
      </object_component>
      <object_component id="oc-24">
         <name>.debug_info</name>
         <load_address>0x158a</load_address>
         <run_address>0x158a</run_address>
         <size>0x22f</size>
         <input_file_ref idref="fl-4"/>
      </object_component>
      <object_component id="oc-42">
         <name>.debug_info</name>
         <load_address>0x17b9</load_address>
         <run_address>0x17b9</run_address>
         <size>0x16f</size>
         <input_file_ref idref="fl-c0"/>
      </object_component>
      <object_component id="oc-1c">
         <name>.debug_info</name>
         <load_address>0x1928</load_address>
         <run_address>0x1928</run_address>
         <size>0x1df</size>
         <input_file_ref idref="fl-c0"/>
      </object_component>
      <object_component id="oc-3d">
         <name>.debug_info</name>
         <load_address>0x1b07</load_address>
         <run_address>0x1b07</run_address>
         <size>0x46</size>
         <input_file_ref idref="fl-c0"/>
      </object_component>
      <object_component id="oc-73">
         <name>.debug_info</name>
         <load_address>0x1b4d</load_address>
         <run_address>0x1b4d</run_address>
         <size>0x2c</size>
         <input_file_ref idref="fl-c0"/>
      </object_component>
      <object_component id="oc-71">
         <name>.debug_info</name>
         <load_address>0x1b79</load_address>
         <run_address>0x1b79</run_address>
         <size>0x165</size>
         <input_file_ref idref="fl-c1"/>
      </object_component>
      <object_component id="oc-15">
         <name>.debug_info</name>
         <load_address>0x1cde</load_address>
         <run_address>0x1cde</run_address>
         <size>0x245</size>
         <input_file_ref idref="fl-c1"/>
      </object_component>
      <object_component id="oc-2d">
         <name>.debug_info</name>
         <load_address>0x1f23</load_address>
         <run_address>0x1f23</run_address>
         <size>0x60</size>
         <input_file_ref idref="fl-c1"/>
      </object_component>
      <object_component id="oc-9f">
         <name>.debug_info</name>
         <load_address>0x1f83</load_address>
         <run_address>0x1f83</run_address>
         <size>0x46</size>
         <input_file_ref idref="fl-c1"/>
      </object_component>
      <object_component id="oc-6c">
         <name>.debug_info</name>
         <load_address>0x1fc9</load_address>
         <run_address>0x1fc9</run_address>
         <size>0x39</size>
         <input_file_ref idref="fl-c1"/>
      </object_component>
      <object_component id="oc-21">
         <name>.debug_info</name>
         <load_address>0x2002</load_address>
         <run_address>0x2002</run_address>
         <size>0x100</size>
         <input_file_ref idref="fl-c2"/>
      </object_component>
      <object_component id="oc-57">
         <name>.debug_info</name>
         <load_address>0x2102</load_address>
         <run_address>0x2102</run_address>
         <size>0x1a4</size>
         <input_file_ref idref="fl-c2"/>
      </object_component>
      <object_component id="oc-167">
         <name>.debug_info</name>
         <load_address>0x22a6</load_address>
         <run_address>0x22a6</run_address>
         <size>0x117</size>
         <input_file_ref idref="fl-c3"/>
      </object_component>
      <object_component id="oc-39">
         <name>.debug_info</name>
         <load_address>0x23bd</load_address>
         <run_address>0x23bd</run_address>
         <size>0x111</size>
         <input_file_ref idref="fl-c7"/>
      </object_component>
      <object_component id="oc-247">
         <name>.debug_info</name>
         <load_address>0x24ce</load_address>
         <run_address>0x24ce</run_address>
         <size>0x419</size>
         <input_file_ref idref="fl-c8"/>
      </object_component>
      <object_component id="oc-174">
         <name>.debug_info</name>
         <load_address>0x28e7</load_address>
         <run_address>0x28e7</run_address>
         <size>0x19b</size>
         <input_file_ref idref="fl-c8"/>
      </object_component>
      <object_component id="oc-2a2">
         <name>.debug_info</name>
         <load_address>0x2a82</load_address>
         <run_address>0x2a82</run_address>
         <size>0x39</size>
         <input_file_ref idref="fl-c8"/>
      </object_component>
      <object_component id="oc-2be">
         <name>.debug_info</name>
         <load_address>0x2abb</load_address>
         <run_address>0x2abb</run_address>
         <size>0x39</size>
         <input_file_ref idref="fl-c8"/>
      </object_component>
      <object_component id="oc-2a7">
         <name>.debug_info</name>
         <load_address>0x2af4</load_address>
         <run_address>0x2af4</run_address>
         <size>0x39</size>
         <input_file_ref idref="fl-c8"/>
      </object_component>
      <object_component id="oc-2ac">
         <name>.debug_info</name>
         <load_address>0x2b2d</load_address>
         <run_address>0x2b2d</run_address>
         <size>0xcd</size>
         <input_file_ref idref="fl-c8"/>
      </object_component>
      <object_component id="oc-88">
         <name>.debug_info</name>
         <load_address>0x2bfa</load_address>
         <run_address>0x2bfa</run_address>
         <size>0x148</size>
         <input_file_ref idref="fl-c9"/>
      </object_component>
      <object_component id="oc-1e6">
         <name>.debug_info</name>
         <load_address>0x2d42</load_address>
         <run_address>0x2d42</run_address>
         <size>0x1e9</size>
         <input_file_ref idref="fl-cb"/>
      </object_component>
      <object_component id="oc-13c">
         <name>.debug_info</name>
         <load_address>0x2f2b</load_address>
         <run_address>0x2f2b</run_address>
         <size>0x1f4</size>
         <input_file_ref idref="fl-cb"/>
      </object_component>
      <object_component id="oc-148">
         <name>.debug_info</name>
         <load_address>0x311f</load_address>
         <run_address>0x311f</run_address>
         <size>0x1cb</size>
         <input_file_ref idref="fl-cb"/>
      </object_component>
      <object_component id="oc-142">
         <name>.debug_info</name>
         <load_address>0x32ea</load_address>
         <run_address>0x32ea</run_address>
         <size>0x1c9</size>
         <input_file_ref idref="fl-cb"/>
      </object_component>
      <object_component id="oc-f4">
         <name>.debug_info</name>
         <load_address>0x34b3</load_address>
         <run_address>0x34b3</run_address>
         <size>0x1e0</size>
         <input_file_ref idref="fl-cb"/>
      </object_component>
      <object_component id="oc-219">
         <name>.debug_info</name>
         <load_address>0x3693</load_address>
         <run_address>0x3693</run_address>
         <size>0x19b</size>
         <input_file_ref idref="fl-cc"/>
      </object_component>
      <object_component id="oc-1bc">
         <name>.debug_info</name>
         <load_address>0x382e</load_address>
         <run_address>0x382e</run_address>
         <size>0x19e</size>
         <input_file_ref idref="fl-cc"/>
      </object_component>
      <object_component id="oc-21b">
         <name>.debug_info</name>
         <load_address>0x39cc</load_address>
         <run_address>0x39cc</run_address>
         <size>0xf0</size>
         <input_file_ref idref="fl-cc"/>
      </object_component>
      <object_component id="oc-da">
         <name>.debug_info</name>
         <load_address>0x3abc</load_address>
         <run_address>0x3abc</run_address>
         <size>0x188</size>
         <input_file_ref idref="fl-cc"/>
      </object_component>
      <object_component id="oc-d4">
         <name>.debug_info</name>
         <load_address>0x3c44</load_address>
         <run_address>0x3c44</run_address>
         <size>0x1ba</size>
         <input_file_ref idref="fl-cc"/>
      </object_component>
      <object_component id="oc-12e">
         <name>.debug_info</name>
         <load_address>0x3dfe</load_address>
         <run_address>0x3dfe</run_address>
         <size>0x204</size>
         <input_file_ref idref="fl-cc"/>
      </object_component>
      <object_component id="oc-135">
         <name>.debug_info</name>
         <load_address>0x4002</load_address>
         <run_address>0x4002</run_address>
         <size>0x206</size>
         <input_file_ref idref="fl-cc"/>
      </object_component>
      <object_component id="oc-e1">
         <name>.debug_info</name>
         <load_address>0x4208</load_address>
         <run_address>0x4208</run_address>
         <size>0x1ab</size>
         <input_file_ref idref="fl-cc"/>
      </object_component>
      <object_component id="oc-2b7">
         <name>.debug_info</name>
         <load_address>0x43b3</load_address>
         <run_address>0x43b3</run_address>
         <size>0xe8</size>
         <input_file_ref idref="fl-cd"/>
      </object_component>
      <object_component id="oc-269">
         <name>.debug_info</name>
         <load_address>0x449b</load_address>
         <run_address>0x449b</run_address>
         <size>0xf6</size>
         <input_file_ref idref="fl-cd"/>
      </object_component>
      <object_component id="oc-1da">
         <name>.debug_info</name>
         <load_address>0x4591</load_address>
         <run_address>0x4591</run_address>
         <size>0x1cb</size>
         <input_file_ref idref="fl-cd"/>
      </object_component>
      <object_component id="oc-26e">
         <name>.debug_info</name>
         <load_address>0x475c</load_address>
         <run_address>0x475c</run_address>
         <size>0x219</size>
         <input_file_ref idref="fl-cd"/>
      </object_component>
      <object_component id="oc-1f2">
         <name>.debug_info</name>
         <load_address>0x4975</load_address>
         <run_address>0x4975</run_address>
         <size>0x1e0</size>
         <input_file_ref idref="fl-cd"/>
      </object_component>
      <object_component id="oc-1eb">
         <name>.debug_info</name>
         <load_address>0x4b55</load_address>
         <run_address>0x4b55</run_address>
         <size>0x1de</size>
         <input_file_ref idref="fl-cd"/>
      </object_component>
      <object_component id="oc-1df">
         <name>.debug_info</name>
         <load_address>0x4d33</load_address>
         <run_address>0x4d33</run_address>
         <size>0x22e</size>
         <input_file_ref idref="fl-cd"/>
      </object_component>
      <object_component id="oc-214">
         <name>.debug_info</name>
         <load_address>0x4f61</load_address>
         <run_address>0x4f61</run_address>
         <size>0x1f8</size>
         <input_file_ref idref="fl-ce"/>
      </object_component>
      <object_component id="oc-210">
         <name>.debug_info</name>
         <load_address>0x5159</load_address>
         <run_address>0x5159</run_address>
         <size>0xff</size>
         <input_file_ref idref="fl-ce"/>
      </object_component>
      <object_component id="oc-1c0">
         <name>.debug_info</name>
         <load_address>0x5258</load_address>
         <run_address>0x5258</run_address>
         <size>0x1b2</size>
         <input_file_ref idref="fl-ce"/>
      </object_component>
      <object_component id="oc-110">
         <name>.debug_info</name>
         <load_address>0x540a</load_address>
         <run_address>0x540a</run_address>
         <size>0x1f7</size>
         <input_file_ref idref="fl-ce"/>
      </object_component>
      <object_component id="oc-1d2">
         <name>.debug_info</name>
         <load_address>0x5601</load_address>
         <run_address>0x5601</run_address>
         <size>0x1f9</size>
         <input_file_ref idref="fl-ce"/>
      </object_component>
      <object_component id="oc-104">
         <name>.debug_info</name>
         <load_address>0x57fa</load_address>
         <run_address>0x57fa</run_address>
         <size>0x222</size>
         <input_file_ref idref="fl-ce"/>
      </object_component>
      <object_component id="oc-116">
         <name>.debug_info</name>
         <load_address>0x5a1c</load_address>
         <run_address>0x5a1c</run_address>
         <size>0x1cc</size>
         <input_file_ref idref="fl-ce"/>
      </object_component>
      <object_component id="oc-e6">
         <name>.debug_info</name>
         <load_address>0x5be8</load_address>
         <run_address>0x5be8</run_address>
         <size>0x28f</size>
         <input_file_ref idref="fl-ce"/>
      </object_component>
      <object_component id="oc-1c6">
         <name>.debug_info</name>
         <load_address>0x5e77</load_address>
         <run_address>0x5e77</run_address>
         <size>0x1cb</size>
         <input_file_ref idref="fl-ce"/>
      </object_component>
      <object_component id="oc-1cc">
         <name>.debug_info</name>
         <load_address>0x6042</load_address>
         <run_address>0x6042</run_address>
         <size>0x1e0</size>
         <input_file_ref idref="fl-ce"/>
      </object_component>
      <object_component id="oc-234">
         <name>.debug_info</name>
         <load_address>0x6222</load_address>
         <run_address>0x6222</run_address>
         <size>0x1cc</size>
         <input_file_ref idref="fl-cf"/>
      </object_component>
      <object_component id="oc-25d">
         <name>.debug_info</name>
         <load_address>0x63ee</load_address>
         <run_address>0x63ee</run_address>
         <size>0xfa</size>
         <input_file_ref idref="fl-cf"/>
      </object_component>
      <object_component id="oc-222">
         <name>.debug_info</name>
         <load_address>0x64e8</load_address>
         <run_address>0x64e8</run_address>
         <size>0x2e8</size>
         <input_file_ref idref="fl-cf"/>
      </object_component>
      <object_component id="oc-228">
         <name>.debug_info</name>
         <load_address>0x67d0</load_address>
         <run_address>0x67d0</run_address>
         <size>0x2eb</size>
         <input_file_ref idref="fl-cf"/>
      </object_component>
      <object_component id="oc-22e">
         <name>.debug_info</name>
         <load_address>0x6abb</load_address>
         <run_address>0x6abb</run_address>
         <size>0x2ed</size>
         <input_file_ref idref="fl-cf"/>
      </object_component>
      <object_component id="oc-1a3">
         <name>.debug_info</name>
         <load_address>0x6da8</load_address>
         <run_address>0x6da8</run_address>
         <size>0x1a4</size>
         <input_file_ref idref="fl-cf"/>
      </object_component>
      <object_component id="oc-128">
         <name>.debug_info</name>
         <load_address>0x6f4c</load_address>
         <run_address>0x6f4c</run_address>
         <size>0x185</size>
         <input_file_ref idref="fl-cf"/>
      </object_component>
      <object_component id="oc-11c">
         <name>.debug_info</name>
         <load_address>0x70d1</load_address>
         <run_address>0x70d1</run_address>
         <size>0x183</size>
         <input_file_ref idref="fl-cf"/>
      </object_component>
      <object_component id="oc-122">
         <name>.debug_info</name>
         <load_address>0x7254</load_address>
         <run_address>0x7254</run_address>
         <size>0x29a</size>
         <input_file_ref idref="fl-cf"/>
      </object_component>
      <object_component id="oc-158">
         <name>.debug_info</name>
         <load_address>0x74ee</load_address>
         <run_address>0x74ee</run_address>
         <size>0x1b6</size>
         <input_file_ref idref="fl-cf"/>
      </object_component>
      <object_component id="oc-bc">
         <name>.debug_info</name>
         <load_address>0x76a4</load_address>
         <run_address>0x76a4</run_address>
         <size>0x1e6</size>
         <input_file_ref idref="fl-cf"/>
      </object_component>
      <object_component id="oc-152">
         <name>.debug_info</name>
         <load_address>0x788a</load_address>
         <run_address>0x788a</run_address>
         <size>0x1b2</size>
         <input_file_ref idref="fl-cf"/>
      </object_component>
      <object_component id="oc-b0">
         <name>.debug_info</name>
         <load_address>0x7a3c</load_address>
         <run_address>0x7a3c</run_address>
         <size>0x224</size>
         <input_file_ref idref="fl-cf"/>
      </object_component>
      <object_component id="oc-b6">
         <name>.debug_info</name>
         <load_address>0x7c60</load_address>
         <run_address>0x7c60</run_address>
         <size>0x206</size>
         <input_file_ref idref="fl-cf"/>
      </object_component>
      <object_component id="oc-14c">
         <name>.debug_info</name>
         <load_address>0x7e66</load_address>
         <run_address>0x7e66</run_address>
         <size>0x295</size>
         <input_file_ref idref="fl-cf"/>
      </object_component>
      <object_component id="oc-1ff">
         <name>.debug_info</name>
         <load_address>0x80fb</load_address>
         <run_address>0x80fb</run_address>
         <size>0x1a3</size>
         <input_file_ref idref="fl-d0"/>
      </object_component>
      <object_component id="oc-277">
         <name>.debug_info</name>
         <load_address>0x829e</load_address>
         <run_address>0x829e</run_address>
         <size>0xf9</size>
         <input_file_ref idref="fl-d0"/>
      </object_component>
      <object_component id="oc-1f9">
         <name>.debug_info</name>
         <load_address>0x8397</load_address>
         <run_address>0x8397</run_address>
         <size>0x1aa</size>
         <input_file_ref idref="fl-d0"/>
      </object_component>
      <object_component id="oc-10a">
         <name>.debug_info</name>
         <load_address>0x8541</load_address>
         <run_address>0x8541</run_address>
         <size>0x268</size>
         <input_file_ref idref="fl-d0"/>
      </object_component>
      <object_component id="oc-209">
         <name>.debug_info</name>
         <load_address>0x87a9</load_address>
         <run_address>0x87a9</run_address>
         <size>0x18a</size>
         <input_file_ref idref="fl-d0"/>
      </object_component>
      <object_component id="oc-203">
         <name>.debug_info</name>
         <load_address>0x8933</load_address>
         <run_address>0x8933</run_address>
         <size>0x18c</size>
         <input_file_ref idref="fl-d0"/>
      </object_component>
      <object_component id="oc-c2">
         <name>.debug_info</name>
         <load_address>0x8abf</load_address>
         <run_address>0x8abf</run_address>
         <size>0x1d1</size>
         <input_file_ref idref="fl-d0"/>
      </object_component>
      <object_component id="oc-f8">
         <name>.debug_info</name>
         <load_address>0x8c90</load_address>
         <run_address>0x8c90</run_address>
         <size>0x21c</size>
         <input_file_ref idref="fl-d0"/>
      </object_component>
      <object_component id="oc-fe">
         <name>.debug_info</name>
         <load_address>0x8eac</load_address>
         <run_address>0x8eac</run_address>
         <size>0x1cb</size>
         <input_file_ref idref="fl-d0"/>
      </object_component>
      <object_component id="oc-c8">
         <name>.debug_info</name>
         <load_address>0x9077</load_address>
         <run_address>0x9077</run_address>
         <size>0x1c3</size>
         <input_file_ref idref="fl-d0"/>
      </object_component>
      <object_component id="oc-ce">
         <name>.debug_info</name>
         <load_address>0x923a</load_address>
         <run_address>0x923a</run_address>
         <size>0x1c9</size>
         <input_file_ref idref="fl-d0"/>
      </object_component>
      <object_component id="oc-1b7">
         <name>.debug_info</name>
         <load_address>0x9403</load_address>
         <run_address>0x9403</run_address>
         <size>0x15a</size>
         <input_file_ref idref="fl-d2"/>
      </object_component>
      <object_component id="oc-2f7">
         <name>.debug_info</name>
         <load_address>0x955d</load_address>
         <run_address>0x955d</run_address>
         <size>0x93</size>
      </object_component>
      <object_component id="oc-291">
         <name>.debug_line</name>
         <load_address>0x0</load_address>
         <run_address>0x0</run_address>
         <size>0x151</size>
         <input_file_ref idref="fl-2"/>
      </object_component>
      <object_component id="oc-238">
         <name>.debug_line</name>
         <load_address>0x151</load_address>
         <run_address>0x151</run_address>
         <size>0x2d</size>
         <input_file_ref idref="fl-2"/>
      </object_component>
      <object_component id="oc-23a">
         <name>.debug_line</name>
         <load_address>0x17e</load_address>
         <run_address>0x17e</run_address>
         <size>0x2d</size>
         <input_file_ref idref="fl-2"/>
      </object_component>
      <object_component id="oc-91">
         <name>.debug_line</name>
         <load_address>0x1ab</load_address>
         <run_address>0x1ab</run_address>
         <size>0xd4</size>
         <input_file_ref idref="fl-2"/>
      </object_component>
      <object_component id="oc-285">
         <name>.debug_line</name>
         <load_address>0x27f</load_address>
         <run_address>0x27f</run_address>
         <size>0x55</size>
         <input_file_ref idref="fl-2"/>
      </object_component>
      <object_component id="oc-35">
         <name>.debug_line</name>
         <load_address>0x2d4</load_address>
         <run_address>0x2d4</run_address>
         <size>0x20</size>
         <input_file_ref idref="fl-2"/>
      </object_component>
      <object_component id="oc-1ac">
         <name>.debug_line</name>
         <load_address>0x2f4</load_address>
         <run_address>0x2f4</run_address>
         <size>0x53</size>
         <input_file_ref idref="fl-2"/>
      </object_component>
      <object_component id="oc-ef">
         <name>.debug_line</name>
         <load_address>0x347</load_address>
         <run_address>0x347</run_address>
         <size>0x70</size>
         <input_file_ref idref="fl-3"/>
      </object_component>
      <object_component id="oc-6b">
         <name>.debug_line</name>
         <load_address>0x3b7</load_address>
         <run_address>0x3b7</run_address>
         <size>0x34</size>
         <input_file_ref idref="fl-4"/>
      </object_component>
      <object_component id="oc-2a">
         <name>.debug_line</name>
         <load_address>0x3eb</load_address>
         <run_address>0x3eb</run_address>
         <size>0x34</size>
         <input_file_ref idref="fl-4"/>
      </object_component>
      <object_component id="oc-27">
         <name>.debug_line</name>
         <load_address>0x41f</load_address>
         <run_address>0x41f</run_address>
         <size>0xac</size>
         <input_file_ref idref="fl-4"/>
      </object_component>
      <object_component id="oc-79">
         <name>.debug_line</name>
         <load_address>0x4cb</load_address>
         <run_address>0x4cb</run_address>
         <size>0x20</size>
         <input_file_ref idref="fl-c0"/>
      </object_component>
      <object_component id="oc-19">
         <name>.debug_line</name>
         <load_address>0x4eb</load_address>
         <run_address>0x4eb</run_address>
         <size>0x55</size>
         <input_file_ref idref="fl-c0"/>
      </object_component>
      <object_component id="oc-40">
         <name>.debug_line</name>
         <load_address>0x540</load_address>
         <run_address>0x540</run_address>
         <size>0x3a</size>
         <input_file_ref idref="fl-c0"/>
      </object_component>
      <object_component id="oc-76">
         <name>.debug_line</name>
         <load_address>0x57a</load_address>
         <run_address>0x57a</run_address>
         <size>0x8a</size>
         <input_file_ref idref="fl-c0"/>
      </object_component>
      <object_component id="oc-a5">
         <name>.debug_line</name>
         <load_address>0x604</load_address>
         <run_address>0x604</run_address>
         <size>0x20</size>
         <input_file_ref idref="fl-c1"/>
      </object_component>
      <object_component id="oc-13">
         <name>.debug_line</name>
         <load_address>0x624</load_address>
         <run_address>0x624</run_address>
         <size>0xa9</size>
         <input_file_ref idref="fl-c1"/>
      </object_component>
      <object_component id="oc-30">
         <name>.debug_line</name>
         <load_address>0x6cd</load_address>
         <run_address>0x6cd</run_address>
         <size>0x3a</size>
         <input_file_ref idref="fl-c1"/>
      </object_component>
      <object_component id="oc-a2">
         <name>.debug_line</name>
         <load_address>0x707</load_address>
         <run_address>0x707</run_address>
         <size>0x92</size>
         <input_file_ref idref="fl-c1"/>
      </object_component>
      <object_component id="oc-6f">
         <name>.debug_line</name>
         <load_address>0x799</load_address>
         <run_address>0x799</run_address>
         <size>0x8e</size>
         <input_file_ref idref="fl-c1"/>
      </object_component>
      <object_component id="oc-68">
         <name>.debug_line</name>
         <load_address>0x827</load_address>
         <run_address>0x827</run_address>
         <size>0x33</size>
         <input_file_ref idref="fl-c2"/>
      </object_component>
      <object_component id="oc-5a">
         <name>.debug_line</name>
         <load_address>0x85a</load_address>
         <run_address>0x85a</run_address>
         <size>0x53</size>
         <input_file_ref idref="fl-c2"/>
      </object_component>
      <object_component id="oc-166">
         <name>.debug_line</name>
         <load_address>0x8ad</load_address>
         <run_address>0x8ad</run_address>
         <size>0x3c</size>
         <input_file_ref idref="fl-c3"/>
      </object_component>
      <object_component id="oc-3b">
         <name>.debug_line</name>
         <load_address>0x8e9</load_address>
         <run_address>0x8e9</run_address>
         <size>0x88</size>
         <input_file_ref idref="fl-c7"/>
      </object_component>
      <object_component id="oc-2a1">
         <name>.debug_line</name>
         <load_address>0x971</load_address>
         <run_address>0x971</run_address>
         <size>0xb7</size>
         <input_file_ref idref="fl-c8"/>
      </object_component>
      <object_component id="oc-172">
         <name>.debug_line</name>
         <load_address>0xa28</load_address>
         <run_address>0xa28</run_address>
         <size>0x6c</size>
         <input_file_ref idref="fl-c8"/>
      </object_component>
      <object_component id="oc-2a5">
         <name>.debug_line</name>
         <load_address>0xa94</load_address>
         <run_address>0xa94</run_address>
         <size>0x2e</size>
         <input_file_ref idref="fl-c8"/>
      </object_component>
      <object_component id="oc-2c1">
         <name>.debug_line</name>
         <load_address>0xac2</load_address>
         <run_address>0xac2</run_address>
         <size>0x92</size>
         <input_file_ref idref="fl-c8"/>
      </object_component>
      <object_component id="oc-2aa">
         <name>.debug_line</name>
         <load_address>0xb54</load_address>
         <run_address>0xb54</run_address>
         <size>0x8f</size>
         <input_file_ref idref="fl-c8"/>
      </object_component>
      <object_component id="oc-2af">
         <name>.debug_line</name>
         <load_address>0xbe3</load_address>
         <run_address>0xbe3</run_address>
         <size>0x8b</size>
         <input_file_ref idref="fl-c8"/>
      </object_component>
      <object_component id="oc-8b">
         <name>.debug_line</name>
         <load_address>0xc6e</load_address>
         <run_address>0xc6e</run_address>
         <size>0x40</size>
         <input_file_ref idref="fl-c9"/>
      </object_component>
      <object_component id="oc-1e9">
         <name>.debug_line</name>
         <load_address>0xcae</load_address>
         <run_address>0xcae</run_address>
         <size>0x67</size>
         <input_file_ref idref="fl-cb"/>
      </object_component>
      <object_component id="oc-13a">
         <name>.debug_line</name>
         <load_address>0xd15</load_address>
         <run_address>0xd15</run_address>
         <size>0x6f</size>
         <input_file_ref idref="fl-cb"/>
      </object_component>
      <object_component id="oc-146">
         <name>.debug_line</name>
         <load_address>0xd84</load_address>
         <run_address>0xd84</run_address>
         <size>0x67</size>
         <input_file_ref idref="fl-cb"/>
      </object_component>
      <object_component id="oc-141">
         <name>.debug_line</name>
         <load_address>0xdeb</load_address>
         <run_address>0xdeb</run_address>
         <size>0x67</size>
         <input_file_ref idref="fl-cb"/>
      </object_component>
      <object_component id="oc-f2">
         <name>.debug_line</name>
         <load_address>0xe52</load_address>
         <run_address>0xe52</run_address>
         <size>0x67</size>
         <input_file_ref idref="fl-cb"/>
      </object_component>
      <object_component id="oc-288">
         <name>.debug_line</name>
         <load_address>0xeb9</load_address>
         <run_address>0xeb9</run_address>
         <size>0x4e</size>
         <input_file_ref idref="fl-cc"/>
      </object_component>
      <object_component id="oc-262">
         <name>.debug_line</name>
         <load_address>0xf07</load_address>
         <run_address>0xf07</run_address>
         <size>0x54</size>
         <input_file_ref idref="fl-cc"/>
      </object_component>
      <object_component id="oc-28a">
         <name>.debug_line</name>
         <load_address>0xf5b</load_address>
         <run_address>0xf5b</run_address>
         <size>0x54</size>
         <input_file_ref idref="fl-cc"/>
      </object_component>
      <object_component id="oc-dd">
         <name>.debug_line</name>
         <load_address>0xfaf</load_address>
         <run_address>0xfaf</run_address>
         <size>0x6c</size>
         <input_file_ref idref="fl-cc"/>
      </object_component>
      <object_component id="oc-d7">
         <name>.debug_line</name>
         <load_address>0x101b</load_address>
         <run_address>0x101b</run_address>
         <size>0x6c</size>
         <input_file_ref idref="fl-cc"/>
      </object_component>
      <object_component id="oc-131">
         <name>.debug_line</name>
         <load_address>0x1087</load_address>
         <run_address>0x1087</run_address>
         <size>0x6d</size>
         <input_file_ref idref="fl-cc"/>
      </object_component>
      <object_component id="oc-138">
         <name>.debug_line</name>
         <load_address>0x10f4</load_address>
         <run_address>0x10f4</run_address>
         <size>0x6f</size>
         <input_file_ref idref="fl-cc"/>
      </object_component>
      <object_component id="oc-e4">
         <name>.debug_line</name>
         <load_address>0x1163</load_address>
         <run_address>0x1163</run_address>
         <size>0x9d</size>
         <input_file_ref idref="fl-cc"/>
      </object_component>
      <object_component id="oc-2cb">
         <name>.debug_line</name>
         <load_address>0x1200</load_address>
         <run_address>0x1200</run_address>
         <size>0x20</size>
         <input_file_ref idref="fl-cd"/>
      </object_component>
      <object_component id="oc-2b6">
         <name>.debug_line</name>
         <load_address>0x1220</load_address>
         <run_address>0x1220</run_address>
         <size>0x4e</size>
         <input_file_ref idref="fl-cd"/>
      </object_component>
      <object_component id="oc-1d9">
         <name>.debug_line</name>
         <load_address>0x126e</load_address>
         <run_address>0x126e</run_address>
         <size>0x68</size>
         <input_file_ref idref="fl-cd"/>
      </object_component>
      <object_component id="oc-26d">
         <name>.debug_line</name>
         <load_address>0x12d6</load_address>
         <run_address>0x12d6</run_address>
         <size>0x74</size>
         <input_file_ref idref="fl-cd"/>
      </object_component>
      <object_component id="oc-1f1">
         <name>.debug_line</name>
         <load_address>0x134a</load_address>
         <run_address>0x134a</run_address>
         <size>0x67</size>
         <input_file_ref idref="fl-cd"/>
      </object_component>
      <object_component id="oc-1ef">
         <name>.debug_line</name>
         <load_address>0x13b1</load_address>
         <run_address>0x13b1</run_address>
         <size>0x67</size>
         <input_file_ref idref="fl-cd"/>
      </object_component>
      <object_component id="oc-1e3">
         <name>.debug_line</name>
         <load_address>0x1418</load_address>
         <run_address>0x1418</run_address>
         <size>0x72</size>
         <input_file_ref idref="fl-cd"/>
      </object_component>
      <object_component id="oc-281">
         <name>.debug_line</name>
         <load_address>0x148a</load_address>
         <run_address>0x148a</run_address>
         <size>0xe2</size>
         <input_file_ref idref="fl-ce"/>
      </object_component>
      <object_component id="oc-27f">
         <name>.debug_line</name>
         <load_address>0x156c</load_address>
         <run_address>0x156c</run_address>
         <size>0x4f</size>
         <input_file_ref idref="fl-ce"/>
      </object_component>
      <object_component id="oc-1c3">
         <name>.debug_line</name>
         <load_address>0x15bb</load_address>
         <run_address>0x15bb</run_address>
         <size>0x71</size>
         <input_file_ref idref="fl-ce"/>
      </object_component>
      <object_component id="oc-113">
         <name>.debug_line</name>
         <load_address>0x162c</load_address>
         <run_address>0x162c</run_address>
         <size>0x70</size>
         <input_file_ref idref="fl-ce"/>
      </object_component>
      <object_component id="oc-1d5">
         <name>.debug_line</name>
         <load_address>0x169c</load_address>
         <run_address>0x169c</run_address>
         <size>0x67</size>
         <input_file_ref idref="fl-ce"/>
      </object_component>
      <object_component id="oc-107">
         <name>.debug_line</name>
         <load_address>0x1703</load_address>
         <run_address>0x1703</run_address>
         <size>0x85</size>
         <input_file_ref idref="fl-ce"/>
      </object_component>
      <object_component id="oc-119">
         <name>.debug_line</name>
         <load_address>0x1788</load_address>
         <run_address>0x1788</run_address>
         <size>0x79</size>
         <input_file_ref idref="fl-ce"/>
      </object_component>
      <object_component id="oc-e9">
         <name>.debug_line</name>
         <load_address>0x1801</load_address>
         <run_address>0x1801</run_address>
         <size>0xca</size>
         <input_file_ref idref="fl-ce"/>
      </object_component>
      <object_component id="oc-1c9">
         <name>.debug_line</name>
         <load_address>0x18cb</load_address>
         <run_address>0x18cb</run_address>
         <size>0x69</size>
         <input_file_ref idref="fl-ce"/>
      </object_component>
      <object_component id="oc-1cf">
         <name>.debug_line</name>
         <load_address>0x1934</load_address>
         <run_address>0x1934</run_address>
         <size>0x68</size>
         <input_file_ref idref="fl-ce"/>
      </object_component>
      <object_component id="oc-28f">
         <name>.debug_line</name>
         <load_address>0x199c</load_address>
         <run_address>0x199c</run_address>
         <size>0x54</size>
         <input_file_ref idref="fl-cf"/>
      </object_component>
      <object_component id="oc-2b4">
         <name>.debug_line</name>
         <load_address>0x19f0</load_address>
         <run_address>0x19f0</run_address>
         <size>0x4e</size>
         <input_file_ref idref="fl-cf"/>
      </object_component>
      <object_component id="oc-225">
         <name>.debug_line</name>
         <load_address>0x1a3e</load_address>
         <run_address>0x1a3e</run_address>
         <size>0xa5</size>
         <input_file_ref idref="fl-cf"/>
      </object_component>
      <object_component id="oc-22b">
         <name>.debug_line</name>
         <load_address>0x1ae3</load_address>
         <run_address>0x1ae3</run_address>
         <size>0xb0</size>
         <input_file_ref idref="fl-cf"/>
      </object_component>
      <object_component id="oc-231">
         <name>.debug_line</name>
         <load_address>0x1b93</load_address>
         <run_address>0x1b93</run_address>
         <size>0xb0</size>
         <input_file_ref idref="fl-cf"/>
      </object_component>
      <object_component id="oc-1a6">
         <name>.debug_line</name>
         <load_address>0x1c43</load_address>
         <run_address>0x1c43</run_address>
         <size>0x78</size>
         <input_file_ref idref="fl-cf"/>
      </object_component>
      <object_component id="oc-12b">
         <name>.debug_line</name>
         <load_address>0x1cbb</load_address>
         <run_address>0x1cbb</run_address>
         <size>0x66</size>
         <input_file_ref idref="fl-cf"/>
      </object_component>
      <object_component id="oc-11f">
         <name>.debug_line</name>
         <load_address>0x1d21</load_address>
         <run_address>0x1d21</run_address>
         <size>0x6a</size>
         <input_file_ref idref="fl-cf"/>
      </object_component>
      <object_component id="oc-125">
         <name>.debug_line</name>
         <load_address>0x1d8b</load_address>
         <run_address>0x1d8b</run_address>
         <size>0x7b</size>
         <input_file_ref idref="fl-cf"/>
      </object_component>
      <object_component id="oc-15b">
         <name>.debug_line</name>
         <load_address>0x1e06</load_address>
         <run_address>0x1e06</run_address>
         <size>0x6c</size>
         <input_file_ref idref="fl-cf"/>
      </object_component>
      <object_component id="oc-bf">
         <name>.debug_line</name>
         <load_address>0x1e72</load_address>
         <run_address>0x1e72</run_address>
         <size>0x6e</size>
         <input_file_ref idref="fl-cf"/>
      </object_component>
      <object_component id="oc-155">
         <name>.debug_line</name>
         <load_address>0x1ee0</load_address>
         <run_address>0x1ee0</run_address>
         <size>0x6c</size>
         <input_file_ref idref="fl-cf"/>
      </object_component>
      <object_component id="oc-b3">
         <name>.debug_line</name>
         <load_address>0x1f4c</load_address>
         <run_address>0x1f4c</run_address>
         <size>0x86</size>
         <input_file_ref idref="fl-cf"/>
      </object_component>
      <object_component id="oc-b9">
         <name>.debug_line</name>
         <load_address>0x1fd2</load_address>
         <run_address>0x1fd2</run_address>
         <size>0x74</size>
         <input_file_ref idref="fl-cf"/>
      </object_component>
      <object_component id="oc-14f">
         <name>.debug_line</name>
         <load_address>0x2046</load_address>
         <run_address>0x2046</run_address>
         <size>0x82</size>
         <input_file_ref idref="fl-cf"/>
      </object_component>
      <object_component id="oc-27b">
         <name>.debug_line</name>
         <load_address>0x20c8</load_address>
         <run_address>0x20c8</run_address>
         <size>0x54</size>
         <input_file_ref idref="fl-d0"/>
      </object_component>
      <object_component id="oc-2ba">
         <name>.debug_line</name>
         <load_address>0x211c</load_address>
         <run_address>0x211c</run_address>
         <size>0x4f</size>
         <input_file_ref idref="fl-d0"/>
      </object_component>
      <object_component id="oc-1fc">
         <name>.debug_line</name>
         <load_address>0x216b</load_address>
         <run_address>0x216b</run_address>
         <size>0x79</size>
         <input_file_ref idref="fl-d0"/>
      </object_component>
      <object_component id="oc-10d">
         <name>.debug_line</name>
         <load_address>0x21e4</load_address>
         <run_address>0x21e4</run_address>
         <size>0x7a</size>
         <input_file_ref idref="fl-d0"/>
      </object_component>
      <object_component id="oc-20c">
         <name>.debug_line</name>
         <load_address>0x225e</load_address>
         <run_address>0x225e</run_address>
         <size>0x68</size>
         <input_file_ref idref="fl-d0"/>
      </object_component>
      <object_component id="oc-206">
         <name>.debug_line</name>
         <load_address>0x22c6</load_address>
         <run_address>0x22c6</run_address>
         <size>0x69</size>
         <input_file_ref idref="fl-d0"/>
      </object_component>
      <object_component id="oc-c5">
         <name>.debug_line</name>
         <load_address>0x232f</load_address>
         <run_address>0x232f</run_address>
         <size>0x6c</size>
         <input_file_ref idref="fl-d0"/>
      </object_component>
      <object_component id="oc-fb">
         <name>.debug_line</name>
         <load_address>0x239b</load_address>
         <run_address>0x239b</run_address>
         <size>0x69</size>
         <input_file_ref idref="fl-d0"/>
      </object_component>
      <object_component id="oc-101">
         <name>.debug_line</name>
         <load_address>0x2404</load_address>
         <run_address>0x2404</run_address>
         <size>0x67</size>
         <input_file_ref idref="fl-d0"/>
      </object_component>
      <object_component id="oc-cb">
         <name>.debug_line</name>
         <load_address>0x246b</load_address>
         <run_address>0x246b</run_address>
         <size>0x6b</size>
         <input_file_ref idref="fl-d0"/>
      </object_component>
      <object_component id="oc-d1">
         <name>.debug_line</name>
         <load_address>0x24d6</load_address>
         <run_address>0x24d6</run_address>
         <size>0x67</size>
         <input_file_ref idref="fl-d0"/>
      </object_component>
      <object_component id="oc-1b5">
         <name>.debug_line</name>
         <load_address>0x253d</load_address>
         <run_address>0x253d</run_address>
         <size>0x67</size>
         <input_file_ref idref="fl-d2"/>
      </object_component>
      <object_component id="oc-92">
         <name>.debug_frame</name>
         <load_address>0x0</load_address>
         <run_address>0x0</run_address>
         <size>0x88</size>
         <input_file_ref idref="fl-2"/>
      </object_component>
      <object_component id="oc-f0">
         <name>.debug_frame</name>
         <load_address>0x88</load_address>
         <run_address>0x88</run_address>
         <size>0x3c</size>
         <input_file_ref idref="fl-3"/>
      </object_component>
      <object_component id="oc-28">
         <name>.debug_frame</name>
         <load_address>0xc4</load_address>
         <run_address>0xc4</run_address>
         <size>0x84</size>
         <input_file_ref idref="fl-4"/>
      </object_component>
      <object_component id="oc-1a">
         <name>.debug_frame</name>
         <load_address>0x148</load_address>
         <run_address>0x148</run_address>
         <size>0x34</size>
         <input_file_ref idref="fl-c0"/>
      </object_component>
      <object_component id="oc-14">
         <name>.debug_frame</name>
         <load_address>0x17c</load_address>
         <run_address>0x17c</run_address>
         <size>0x40</size>
         <input_file_ref idref="fl-c1"/>
      </object_component>
      <object_component id="oc-56">
         <name>.debug_frame</name>
         <load_address>0x1bc</load_address>
         <run_address>0x1bc</run_address>
         <size>0x38</size>
         <input_file_ref idref="fl-c2"/>
      </object_component>
      <object_component id="oc-169">
         <name>.debug_frame</name>
         <load_address>0x1f4</load_address>
         <run_address>0x1f4</run_address>
         <size>0x34</size>
         <input_file_ref idref="fl-c3"/>
      </object_component>
      <object_component id="oc-171">
         <name>.debug_frame</name>
         <load_address>0x228</load_address>
         <run_address>0x228</run_address>
         <size>0x3c</size>
         <input_file_ref idref="fl-c8"/>
      </object_component>
      <object_component id="oc-8c">
         <name>.debug_frame</name>
         <load_address>0x264</load_address>
         <run_address>0x264</run_address>
         <size>0x34</size>
         <input_file_ref idref="fl-c9"/>
      </object_component>
      <object_component id="oc-1e5">
         <name>.debug_frame</name>
         <load_address>0x298</load_address>
         <run_address>0x298</run_address>
         <size>0x45</size>
         <input_file_ref idref="fl-cb"/>
      </object_component>
      <object_component id="oc-13b">
         <name>.debug_frame</name>
         <load_address>0x2dd</load_address>
         <run_address>0x2dd</run_address>
         <size>0x45</size>
         <input_file_ref idref="fl-cb"/>
      </object_component>
      <object_component id="oc-147">
         <name>.debug_frame</name>
         <load_address>0x322</load_address>
         <run_address>0x322</run_address>
         <size>0x45</size>
         <input_file_ref idref="fl-cb"/>
      </object_component>
      <object_component id="oc-140">
         <name>.debug_frame</name>
         <load_address>0x367</load_address>
         <run_address>0x367</run_address>
         <size>0x45</size>
         <input_file_ref idref="fl-cb"/>
      </object_component>
      <object_component id="oc-f3">
         <name>.debug_frame</name>
         <load_address>0x3ac</load_address>
         <run_address>0x3ac</run_address>
         <size>0x45</size>
         <input_file_ref idref="fl-cb"/>
      </object_component>
      <object_component id="oc-de">
         <name>.debug_frame</name>
         <load_address>0x3f1</load_address>
         <run_address>0x3f1</run_address>
         <size>0x46</size>
         <input_file_ref idref="fl-cc"/>
      </object_component>
      <object_component id="oc-d8">
         <name>.debug_frame</name>
         <load_address>0x437</load_address>
         <run_address>0x437</run_address>
         <size>0x45</size>
         <input_file_ref idref="fl-cc"/>
      </object_component>
      <object_component id="oc-132">
         <name>.debug_frame</name>
         <load_address>0x47c</load_address>
         <run_address>0x47c</run_address>
         <size>0x45</size>
         <input_file_ref idref="fl-cc"/>
      </object_component>
      <object_component id="oc-134">
         <name>.debug_frame</name>
         <load_address>0x4c1</load_address>
         <run_address>0x4c1</run_address>
         <size>0x45</size>
         <input_file_ref idref="fl-cc"/>
      </object_component>
      <object_component id="oc-e0">
         <name>.debug_frame</name>
         <load_address>0x506</load_address>
         <run_address>0x506</run_address>
         <size>0x45</size>
         <input_file_ref idref="fl-cc"/>
      </object_component>
      <object_component id="oc-1dd">
         <name>.debug_frame</name>
         <load_address>0x54b</load_address>
         <run_address>0x54b</run_address>
         <size>0x45</size>
         <input_file_ref idref="fl-cd"/>
      </object_component>
      <object_component id="oc-271">
         <name>.debug_frame</name>
         <load_address>0x590</load_address>
         <run_address>0x590</run_address>
         <size>0x45</size>
         <input_file_ref idref="fl-cd"/>
      </object_component>
      <object_component id="oc-1f5">
         <name>.debug_frame</name>
         <load_address>0x5d5</load_address>
         <run_address>0x5d5</run_address>
         <size>0x4a</size>
         <input_file_ref idref="fl-cd"/>
      </object_component>
      <object_component id="oc-1ee">
         <name>.debug_frame</name>
         <load_address>0x61f</load_address>
         <run_address>0x61f</run_address>
         <size>0x4a</size>
         <input_file_ref idref="fl-cd"/>
      </object_component>
      <object_component id="oc-1e2">
         <name>.debug_frame</name>
         <load_address>0x669</load_address>
         <run_address>0x669</run_address>
         <size>0x4a</size>
         <input_file_ref idref="fl-cd"/>
      </object_component>
      <object_component id="oc-1c4">
         <name>.debug_frame</name>
         <load_address>0x6b3</load_address>
         <run_address>0x6b3</run_address>
         <size>0x46</size>
         <input_file_ref idref="fl-ce"/>
      </object_component>
      <object_component id="oc-114">
         <name>.debug_frame</name>
         <load_address>0x6f9</load_address>
         <run_address>0x6f9</run_address>
         <size>0x45</size>
         <input_file_ref idref="fl-ce"/>
      </object_component>
      <object_component id="oc-1d6">
         <name>.debug_frame</name>
         <load_address>0x73e</load_address>
         <run_address>0x73e</run_address>
         <size>0x45</size>
         <input_file_ref idref="fl-ce"/>
      </object_component>
      <object_component id="oc-108">
         <name>.debug_frame</name>
         <load_address>0x783</load_address>
         <run_address>0x783</run_address>
         <size>0x45</size>
         <input_file_ref idref="fl-ce"/>
      </object_component>
      <object_component id="oc-11a">
         <name>.debug_frame</name>
         <load_address>0x7c8</load_address>
         <run_address>0x7c8</run_address>
         <size>0x45</size>
         <input_file_ref idref="fl-ce"/>
      </object_component>
      <object_component id="oc-ea">
         <name>.debug_frame</name>
         <load_address>0x80d</load_address>
         <run_address>0x80d</run_address>
         <size>0x47</size>
         <input_file_ref idref="fl-ce"/>
      </object_component>
      <object_component id="oc-1ca">
         <name>.debug_frame</name>
         <load_address>0x854</load_address>
         <run_address>0x854</run_address>
         <size>0x4a</size>
         <input_file_ref idref="fl-ce"/>
      </object_component>
      <object_component id="oc-1d0">
[...]
            <object_component_ref idref="oc-e2"/>
            <object_component_ref idref="oc-26a"/>
            <object_component_ref idref="oc-1dc"/>
            <object_component_ref idref="oc-270"/>
            <object_component_ref idref="oc-1f4"/>
            <object_component_ref idref="oc-1ed"/>
            <object_component_ref idref="oc-1e0"/>
            <object_component_ref idref="oc-211"/>
            <object_component_ref idref="oc-1c2"/>
            <object_component_ref idref="oc-112"/>
            <object_component_ref idref="oc-1d4"/>
            <object_component_ref idref="oc-106"/>
            <object_component_ref idref="oc-118"/>
            <object_component_ref idref="oc-e8"/>
            <object_component_ref idref="oc-1c8"/>
            <object_component_ref idref="oc-1ce"/>
            <object_component_ref idref="oc-25e"/>
            <object_component_ref idref="oc-224"/>
            <object_component_ref idref="oc-22a"/>
            <object_component_ref idref="oc-230"/>
            <object_component_ref idref="oc-1a5"/>
            <object_component_ref idref="oc-12a"/>
            <object_component_ref idref="oc-11e"/>
            <object_component_ref idref="oc-124"/>
            <object_component_ref idref="oc-15a"/>
            <object_component_ref idref="oc-be"/>
            <object_component_ref idref="oc-154"/>
            <object_component_ref idref="oc-b2"/>
            <object_component_ref idref="oc-b8"/>
            <object_component_ref idref="oc-14e"/>
            <object_component_ref idref="oc-278"/>
            <object_component_ref idref="oc-1fb"/>
            <object_component_ref idref="oc-10c"/>
            <object_component_ref idref="oc-20b"/>
            <object_component_ref idref="oc-205"/>
            <object_component_ref idref="oc-c4"/>
            <object_component_ref idref="oc-fa"/>
            <object_component_ref idref="oc-100"/>
            <object_component_ref idref="oc-ca"/>
            <object_component_ref idref="oc-d0"/>
            <object_component_ref idref="oc-1b9"/>
         </contents>
      </logical_group>
      <logical_group id="lg-2e9" display="never" color="cyan">
         <name>.debug_pubtypes</name>
         <load_address>0x0</load_address>
         <run_address>0x0</run_address>
         <size>0x36b</size>
         <contents>
            <object_component_ref idref="oc-283"/>
            <object_component_ref idref="oc-33"/>
            <object_component_ref idref="oc-1aa"/>
            <object_component_ref idref="oc-3e"/>
            <object_component_ref idref="oc-74"/>
            <object_component_ref idref="oc-2e"/>
            <object_component_ref idref="oc-a0"/>
            <object_component_ref idref="oc-6d"/>
            <object_component_ref idref="oc-2a3"/>
            <object_component_ref idref="oc-2bf"/>
            <object_component_ref idref="oc-2a8"/>
            <object_component_ref idref="oc-2ad"/>
         </contents>
      </logical_group>
      <load_segment id="lg-2ff" display="no" color="cyan">
         <name>SEGMENT_0</name>
         <load_address>0x20004000</load_address>
         <run_address>0x20004000</run_address>
         <size>0x19dc</size>
         <flags>0x5</flags>
         <contents>
            <logical_group_ref idref="lg-3"/>
            <logical_group_ref idref="lg-6"/>
            <logical_group_ref idref="lg-7"/>
            <logical_group_ref idref="lg-8"/>
         </contents>
      </load_segment>
      <load_segment id="lg-300" display="no" color="cyan">
         <name>SEGMENT_1</name>
         <run_address>0x20017000</run_address>
         <size>0x20</size>
         <flags>0x6</flags>
         <contents>
            <logical_group_ref idref="lg-a"/>
         </contents>
      </load_segment>
      <load_segment id="lg-301" display="no" color="cyan">
         <name>SEGMENT_2</name>
         <run_address>0x2002fae8</run_address>
         <size>0x518</size>
         <flags>0x6</flags>
         <contents>
            <logical_group_ref idref="lg-d"/>
         </contents>
      </load_segment>
   </logical_group_list>
   <placement_map>
      <memory_area display="yes" color="green">
         <name>SRAM_CODE</name>
         <page_id>0x0</page_id>
         <origin>0x20004000</origin>
         <length>0x12fff</length>
         <used_space>0x19da</used_space>
         <unused_space>0x11625</unused_space>
         <attributes>RWX</attributes>
         <usage_details>
            <allocated_space>
               <start_address>0x20004000</start_address>
               <size>0x400</size>
               <logical_group_ref idref="lg-3"/>
            </allocated_space>
            <allocated_space>
               <start_address>0x20004400</start_address>
               <size>0x1282</size>
               <logical_group_ref idref="lg-6"/>
            </allocated_space>
            <available_space>
               <start_address>0x20005682</start_address>
               <size>0x2</size>
            </available_space>
            <allocated_space>
               <start_address>0x20005684</start_address>
               <size>0x324</size>
               <logical_group_ref idref="lg-7"/>
            </allocated_space>
            <allocated_space>
               <start_address>0x200059a8</start_address>
               <size>0x34</size>
               <logical_group_ref idref="lg-8"/>
            </allocated_space>
            <available_space>
               <start_address>0x200059dc</start_address>
               <size>0x11623</size>
            </available_space>
         </usage_details>
      </memory_area>
      <memory_area display="yes" color="green">
         <name>SRAM_DATA</name>
         <page_id>0x0</page_id>
         <origin>0x20017000</origin>
         <length>0x19000</length>
         <used_space>0x538</used_space>
         <unused_space>0x18ac8</unused_space>
         <attributes>RWX</attributes>
         <usage_details>
            <allocated_space>
               <start_address>0x20017000</start_address>
               <size>0x20</size>
               <logical_group_ref idref="lg-a"/>
            </allocated_space>
            <available_space>
               <start_address>0x20017020</start_address>
               <size>0x18ac8</size>
            </available_space>
            <allocated_space>
               <start_address>0x2002fae8</start_address>
               <size>0x518</size>
               <logical_group_ref idref="lg-d"/>
            </allocated_space>
         </usage_details>
      </memory_area>
   </placement_map>
   <cptbl_list>
      <cptbl>
         <name>__TI_cinit_table</name>
         <cprec>
            <name>.data</name>
            <load_address>0x200059a8</load_address>
            <load_size>0x23</load_size>
            <run_address>0x20017000</run_address>
            <run_size>0x20</run_size>
            <compression>lzss</compression>
         </cprec>
      </cptbl>
   </cptbl_list>
   <handler_table>
      <handler_table_name>__TI_handler_table</handler_table_name>
      <handler>
         <index>0x0</index>
         <name>__TI_decompress_lzss</name>
      </handler>
      <handler>
         <index>0x1</index>
         <name>__TI_decompress_none</name>
      </handler>
   </handler_table>
   <symbol_table>
      <symbol id="sm-1">
         <name>__TI_CINIT_Base</name>
         <value>0x200059d4</value>
      </symbol>
      <symbol id="sm-2">
         <name>__TI_CINIT_Limit</name>
         <value>0x200059dc</value>
      </symbol>
      <symbol id="sm-3">
         <name>__TI_Handler_Table_Base</name>
         <value>0x200059cc</value>
      </symbol>
      <symbol id="sm-4">
         <name>__TI_Handler_Table_Limit</name>
         <value>0x200059d4</value>
      </symbol>
      <symbol id="sm-5">
         <name>binit</name>
         <value>0xffffffff</value>
      </symbol>
      <symbol id="sm-6">
         <name>__binit__</name>
         <value>0xffffffff</value>
      </symbol>
      <symbol id="sm-7">
         <name>__STACK_SIZE</name>
         <value>0x518</value>
      </symbol>
      <symbol id="sm-8">
         <name>__STACK_END</name>
         <value>0x20030000</value>
      </symbol>
      <symbol id="sm-9">
         <name>__c_args__</name>
         <value>0xffffffff</value>
      </symbol>
      <symbol id="sm-a">
         <name>__TI_pprof_out_hndl</name>
         <value>0xffffffff</value>
      </symbol>
      <symbol id="sm-b">
         <name>__TI_prof_data_start</name>
         <value>0xffffffff</value>
      </symbol>
      <symbol id="sm-c">
         <name>__TI_prof_data_size</name>
         <value>0xffffffff</value>
      </symbol>
      <symbol id="sm-60">
         <name>Tx_UART</name>
         <value>0x2000443b</value>
         <object_component_ref idref="oc-8d"/>
      </symbol>
      <symbol id="sm-61">
         <name>dirBaseUart</name>
         <value>0x20017018</value>
         <object_component_ref idref="oc-15d"/>
      </symbol>
      <symbol id="sm-62">
         <name>dirBaseSpi</name>
         <value>0x20017014</value>
         <object_component_ref idref="oc-15d"/>
      </symbol>
      <symbol id="sm-63">
         <name>main</name>
         <value>0x2000449d</value>
         <object_component_ref idref="oc-8d"/>
      </symbol>
      <symbol id="sm-64">
         <name>car</name>
         <value>0x2001701c</value>
         <object_component_ref idref="oc-15d"/>
      </symbol>
      <symbol id="sm-65">
         <name>str</name>
         <value>0x20017000</value>
         <object_component_ref idref="oc-160"/>
      </symbol>
      <symbol id="sm-66">
         <name>RT_Spi</name>
         <value>0x20004401</value>
         <object_component_ref idref="oc-8d"/>
      </symbol>
      <symbol id="sm-73">
         <name>PinMuxConfig</name>
         <value>0x200047e9</value>
         <object_component_ref idref="oc-eb"/>
      </symbol>
      <symbol id="sm-92">
         <name>ResetISR</name>
         <value>0x2000565d</value>
         <object_component_ref idref="oc-23"/>
      </symbol>
      <symbol id="sm-93">
         <name>g_pfnVectors</name>
         <value>0x20004000</value>
         <object_component_ref idref="oc-f"/>
      </symbol>
      <symbol id="sm-ab">
         <name>__TI_decompress_none</name>
         <value>0x2000564f</value>
         <object_component_ref idref="oc-18"/>
      </symbol>
      <symbol id="sm-ce">
         <name>__TI_decompress_lzss</name>
         <value>0x2000504f</value>
         <object_component_ref idref="oc-12"/>
      </symbol>
      <symbol id="sm-e0">
         <name>__stack</name>
         <value>0x2002fae8</value>
         <object_component_ref idref="oc-20"/>
      </symbol>
      <symbol id="sm-e1">
         <name>_c_int00_noargs</name>
         <value>0x20005409</value>
         <object_component_ref idref="oc-55"/>
      </symbol>
      <symbol id="sm-ec">
         <name>C$$EXIT</name>
         <value>0x2000567f</value>
         <object_component_ref idref="oc-164"/>
      </symbol>
      <symbol id="sm-ed">
         <name>abort</name>
         <value>0x2000567f</value>
         <object_component_ref idref="oc-164"/>
      </symbol>
      <symbol id="sm-10b">
         <name>memcpy</name>
         <value>0x20004c99</value>
         <object_component_ref idref="oc-37"/>
      </symbol>
      <symbol id="sm-10c">
         <name>__aeabi_memcpy</name>
         <value>0x20004c99</value>
         <object_component_ref idref="oc-37"/>
      </symbol>
      <symbol id="sm-10d">
         <name>__aeabi_memcpy8</name>
         <value>0x20004c99</value>
         <object_component_ref idref="oc-37"/>
      </symbol>
      <symbol id="sm-10e">
         <name>__aeabi_memcpy4</name>
         <value>0x20004c99</value>
         <object_component_ref idref="oc-37"/>
      </symbol>
      <symbol id="sm-136">
         <name>__TI_auto_init_nobinit_nopinit</name>
         <value>0x20005235</value>
         <object_component_ref idref="oc-170"/>
      </symbol>
      <symbol id="sm-140">
         <name>_system_pre_init</name>
         <value>0x2000567b</value>
         <object_component_ref idref="oc-87"/>
      </symbol>
      <symbol id="sm-173">
         <name>GPIOIntEnable</name>
         <value>0x20005557</value>
         <object_component_ref idref="oc-145"/>
      </symbol>
      <symbol id="sm-174">
         <name>GPIOIntTypeSet</name>
         <value>0x20004ed9</value>
         <object_component_ref idref="oc-139"/>
      </symbol>
      <symbol id="sm-175">
         <name>GPIOIntClear</name>
         <value>0x20005615</value>
         <object_component_ref idref="oc-13f"/>
      </symbol>
      <symbol id="sm-176">
         <name>GPIODirModeSet</name>
         <value>0x200052f5</value>
         <object_component_ref idref="oc-1e4"/>
      </symbol>
      <symbol id="sm-177">
         <name>GPIOPinWrite</name>
         <value>0x2000549b</value>
         <object_component_ref idref="oc-f1"/>
      </symbol>
      <symbol id="sm-1c9">
         <name>IntPrioritySet</name>
         <value>0x20005111</value>
         <object_component_ref idref="oc-133"/>
      </symbol>
      <symbol id="sm-1ca">
         <name>IntVTableBaseSet</name>
         <value>0x20005629</value>
         <object_component_ref idref="oc-d3"/>
      </symbol>
      <symbol id="sm-1cb">
         <name>IntEnable</name>
         <value>0x20004b51</value>
         <object_component_ref idref="oc-df"/>
      </symbol>
      <symbol id="sm-1cc">
         <name>IntRegister</name>
         <value>0x200054bd</value>
         <object_component_ref idref="oc-12d"/>
      </symbol>
      <symbol id="sm-1cd">
         <name>IntMasterEnable</name>
         <value>0x2000566b</value>
         <object_component_ref idref="oc-d9"/>
      </symbol>
      <symbol id="sm-20c">
         <name>PinTypeUART</name>
         <value>0x2000558b</value>
         <object_component_ref idref="oc-1f0"/>
      </symbol>
      <symbol id="sm-20d">
         <name>PinTypeGPIO</name>
         <value>0x2000532b</value>
         <object_component_ref idref="oc-1de"/>
      </symbol>
      <symbol id="sm-20e">
         <name>PinConfigSet</name>
         <value>0x20004dc9</value>
         <object_component_ref idref="oc-26c"/>
      </symbol>
      <symbol id="sm-20f">
         <name>PinTypeSPI</name>
         <value>0x20005571</value>
         <object_component_ref idref="oc-1ea"/>
      </symbol>
      <symbol id="sm-210">
         <name>PinModeSet</name>
         <value>0x20005279</value>
         <object_component_ref idref="oc-1d8"/>
      </symbol>
      <symbol id="sm-296">
         <name>PRCMPeripheralReset</name>
         <value>0x200050b9</value>
         <object_component_ref idref="oc-115"/>
      </symbol>
      <symbol id="sm-297">
         <name>PRCMPeripheralClkEnable</name>
         <value>0x200052b9</value>
         <object_component_ref idref="oc-10f"/>
      </symbol>
      <symbol id="sm-298">
         <name>PRCMPeripheralClockGet</name>
         <value>0x20004d35</value>
         <object_component_ref idref="oc-103"/>
      </symbol>
      <symbol id="sm-299">
         <name>PRCMCC3200MCUInit</name>
         <value>0x20004671</value>
         <object_component_ref idref="oc-e5"/>
      </symbol>
      <symbol id="sm-29a">
         <name>PRCMHIBRegWrite</name>
         <value>0x200055eb</value>
         <object_component_ref idref="oc-1cb"/>
      </symbol>
      <symbol id="sm-29b">
         <name>PRCMSysResetCauseGet</name>
         <value>0x2000538d</value>
         <object_component_ref idref="oc-1bf"/>
      </symbol>
      <symbol id="sm-29c">
         <name>PRCMPeripheralClkDisable</name>
         <value>0x200053b9</value>
         <object_component_ref idref="oc-1d1"/>
      </symbol>
      <symbol id="sm-29d">
         <name>PRCMHIBRegRead</name>
         <value>0x200055d5</value>
         <object_component_ref idref="oc-1c5"/>
      </symbol>
      <symbol id="sm-352">
         <name>SPITransfer</name>
         <value>0x20004e51</value>
         <object_component_ref idref="oc-14b"/>
      </symbol>
      <symbol id="sm-353">
         <name>SPIDataPut</name>
         <value>0x200054fd</value>
         <object_component_ref idref="oc-151"/>
      </symbol>
      <symbol id="sm-354">
         <name>SPIEnable</name>
         <value>0x200055a5</value>
         <object_component_ref idref="oc-127"/>
      </symbol>
      <symbol id="sm-355">
         <name>SPIDataGet</name>
         <value>0x200054dd</value>
         <object_component_ref idref="oc-157"/>
      </symbol>
      <symbol id="sm-356">
         <name>SPIConfigSetExpClk</name>
         <value>0x20004bf9</value>
         <object_component_ref idref="oc-121"/>
      </symbol>
      <symbol id="sm-357">
         <name>SPIReset</name>
         <value>0x20005479</value>
         <object_component_ref idref="oc-11b"/>
      </symbol>
      <symbol id="sm-358">
         <name>SPIDataPutNonBlocking</name>
         <value>0x200053e1</value>
         <object_component_ref idref="oc-bb"/>
      </symbol>
      <symbol id="sm-359">
         <name>SPIIntStatus</name>
         <value>0x20004f5d</value>
         <object_component_ref idref="oc-af"/>
      </symbol>
      <symbol id="sm-35a">
         <name>SPIIntClear</name>
         <value>0x20005165</value>
         <object_component_ref idref="oc-b5"/>
      </symbol>
      <symbol id="sm-3bf">
         <name>UARTCharPutNonBlocking</name>
         <value>0x20005431</value>
         <object_component_ref idref="oc-c1"/>
      </symbol>
      <symbol id="sm-3c0">
         <name>UARTConfigSetExpClk</name>
         <value>0x20004fd9</value>
         <object_component_ref idref="oc-109"/>
      </symbol>
      <symbol id="sm-3c1">
         <name>UARTDisable</name>
         <value>0x2000535d</value>
         <object_component_ref idref="oc-202"/>
      </symbol>
      <symbol id="sm-3c2">
         <name>UARTIntEnable</name>
         <value>0x200055bd</value>
         <object_component_ref idref="oc-fd"/>
      </symbol>
      <symbol id="sm-3c3">
         <name>UARTEnable</name>
         <value>0x20005455</value>
         <object_component_ref idref="oc-208"/>
      </symbol>
      <symbol id="sm-3c4">
         <name>UARTIntClear</name>
         <value>0x2000563d</value>
         <object_component_ref idref="oc-cd"/>
      </symbol>
      <symbol id="sm-3c5">
         <name>UARTIntStatus</name>
         <value>0x20005539</value>
         <object_component_ref idref="oc-c7"/>
      </symbol>
      <symbol id="sm-3c6">
         <name>UARTIntRegister</name>
         <value>0x2000551b</value>
         <object_component_ref idref="oc-f7"/>
      </symbol>
      <symbol id="sm-3ca">
         <name>UtilsDelay</name>
         <value>0x20005675</value>
         <object_component_ref idref="oc-264"/>
      </symbol>
      <symbol id="sm-3d4">
         <name>CPUcpsie</name>
         <value>0x20005601</value>
         <object_component_ref idref="oc-1b4"/>
      </symbol>
      <symbol id="sm-3d8">
         <name>__TI_static_base__</name>
         <value>0x200059a8</value>
      </symbol>
      <symbol id="sm-3db">
         <name>__mpu_init</name>
         <value>0x0</value>
      </symbol>
      <symbol id="sm-3dc">
         <name>_system_post_cinit</name>
         <value>0x0</value>
      </symbol>
   </symbol_table>
   <title>Link successful</title>
</link_info>
