******************************************************************************
                  TI ARM Linker PC v18.1.2                     
******************************************************************************
>> Linked Wed Nov 14 17:59:52 2018

OUTPUT FILE NAME:   <SpiConTrf.out>
ENTRY POINT SYMBOL: "_c_int00_noargs"  address: 20005409


MEMORY CONFIGURATION

         name            origin    length      used     unused   attr    fill
----------------------  --------  ---------  --------  --------  ----  --------
  SRAM_CODE             20004000   00012fff  000019da  00011625  RW X
  SRAM_DATA             20017000   00019000  00000538  00018ac8  RW X


SEGMENT ALLOCATION MAP

run origin  load origin   length   init length attrs members
----------  ----------- ---------- ----------- ----- -------
20004000    20004000    000019dc   000019dc    r-x
  20004000    20004000    00000400   00000400    r-- .intvecs
  20004400    20004400    00001282   00001282    r-x .text
  20005684    20005684    00000324   00000324    r-- .const
  200059a8    200059a8    00000034   00000034    r-- .cinit
20017000    20017000    00000020   00000000    rw-
  20017000    20017000    00000020   00000000    rw- .data
2002fae8    2002fae8    00000518   00000000    rw-
  2002fae8    2002fae8    00000518   00000000    rw- .stack


SECTION ALLOCATION MAP

 output                                  attributes/
section   page    origin      length       input sections
--------  ----  ----------  ----------   ----------------
.intvecs   0    20004000    00000400     
                  20004000    00000400     startup_ccs.obj (.intvecs)

.init_array 
*          0    20004000    00000000     UNINITIALIZED

.text      0    20004400    00001282     
                  20004400    00000270     main.obj (.text)
                  20004670    00000178     driverlib.a : prcm.obj (.text:PRCMCC3200MCUInit)
                  200047e8    00000110     rom_pin_mux_config.obj (.text)
                  200048f8    000000d0     driverlib.a : spi.obj (.text:SPITransfer32)
                  200049c8    000000ce                 : spi.obj (.text:SPITransfer16)
                  20004a96    000000b8                 : spi.obj (.text:SPITransfer8)
                  20004b4e    00000002     --HOLE-- [fill = 0]
                  20004b50    000000a8                 : interrupt.obj (.text:IntEnable)
                  20004bf8    000000a0                 : spi.obj (.text:SPIConfigSetExpClk)
                  20004c98    0000009c     rtsv7M4_T_le_eabi.lib : memcpy_t2.asm.obj (.text)
                  20004d34    00000094     driverlib.a : prcm.obj (.text:PRCMPeripheralClockGet)
                  20004dc8    00000088                 : pin.obj (.text:PinConfigSet)
                  20004e50    00000088                 : spi.obj (.text:SPITransfer)
                  20004ed8    00000082                 : gpio.obj (.text:GPIOIntTypeSet)
                  20004f5a    00000002     --HOLE-- [fill = 0]
                  20004f5c    0000007c                 : spi.obj (.text:SPIIntStatus)
                  20004fd8    00000076                 : uart.obj (.text:UARTConfigSetExpClk)
                  2000504e    00000068     rtsv7M4_T_le_eabi.lib : copy_decompress_lzss.c.obj (.text:decompress:lzss:__TI_decompress_lzss)
                  200050b6    00000002     --HOLE-- [fill = 0]
                  200050b8    00000058     driverlib.a : prcm.obj (.text:PRCMPeripheralReset)
                  20005110    00000054                 : interrupt.obj (.text:IntPrioritySet)
                  20005164    00000048                 : spi.obj (.text:SPIIntClear)
                  200051ac    00000044                 : spi.obj (.text:SPIDmaMaskGet)
                  200051f0    00000044                 : uart.obj (.text:UARTIntNumberGet)
                  20005234    00000044     rtsv7M4_T_le_eabi.lib : autoinit.c.obj (.text:__TI_auto_init_nobinit_nopinit:__TI_auto_init_nobinit_nopinit)
                  20005278    00000040     driverlib.a : pin.obj (.text:PinModeSet)
                  200052b8    0000003c                 : prcm.obj (.text:PRCMPeripheralClkEnable)
                  200052f4    00000036                 : gpio.obj (.text:GPIODirModeSet)
                  2000532a    00000030                 : pin.obj (.text:PinTypeGPIO)
                  2000535a    00000002     --HOLE-- [fill = 0]
                  2000535c    00000030                 : uart.obj (.text:UARTDisable)
                  2000538c    0000002c                 : prcm.obj (.text:PRCMSysResetCauseGet)
                  200053b8    00000028                 : prcm.obj (.text:PRCMPeripheralClkDisable)
                  200053e0    00000028                 : spi.obj (.text:SPIDataPutNonBlocking)
                  20005408    00000028     rtsv7M4_T_le_eabi.lib : boot_cortex_m.c.obj (.text:_c_int00_noargs:_c_int00_noargs)
                  20005430    00000024     driverlib.a : uart.obj (.text:UARTCharPutNonBlocking)
                  20005454    00000024                 : uart.obj (.text:UARTEnable)
                  20005478    00000022                 : spi.obj (.text:SPIReset)
                  2000549a    00000020                 : gpio.obj (.text:GPIOPinWrite)
                  200054ba    00000002     --HOLE-- [fill = 0]
                  200054bc    00000020                 : interrupt.obj (.text:IntRegister)
                  200054dc    00000020                 : spi.obj (.text:SPIDataGet)
                  200054fc    0000001e                 : spi.obj (.text:SPIDataPut)
                  2000551a    0000001e                 : uart.obj (.text:UARTIntRegister)
                  20005538    0000001e                 : uart.obj (.text:UARTIntStatus)
                  20005556    0000001a                 : gpio.obj (.text:GPIOIntEnable)
                  20005570    0000001a                 : pin.obj (.text:PinTypeSPI)
                  2000558a    0000001a                 : pin.obj (.text:PinTypeUART)
                  200055a4    00000018                 : spi.obj (.text:SPIEnable)
                  200055bc    00000018                 : uart.obj (.text:UARTIntEnable)
                  200055d4    00000016                 : prcm.obj (.text:PRCMHIBRegRead)
                  200055ea    00000016                 : prcm.obj (.text:PRCMHIBRegWrite)
                  20005600    00000014                 : cpu.obj (.text:CPUcpsie)
                  20005614    00000014                 : gpio.obj (.text:GPIOIntClear)
                  20005628    00000014                 : interrupt.obj (.text:IntVTableBaseSet)
                  2000563c    00000012                 : uart.obj (.text:UARTIntClear)
                  2000564e    0000000e     rtsv7M4_T_le_eabi.lib : copy_decompress_none.c.obj (.text:decompress:none:__TI_decompress_none)
                  2000565c    0000000e     startup_ccs.obj (.text)
                  2000566a    0000000a     driverlib.a : interrupt.obj (.text:IntMasterEnable)
                  20005674    00000006                 : utils.obj (.text:UtilsDelay)
                  2000567a    00000004     rtsv7M4_T_le_eabi.lib : pre_init.c.obj (.text:_system_pre_init)
                  2000567e    00000004                           : exit.c.obj (.text:abort:abort)

.const     0    20005684    00000324     
                  20005684    00000100     driverlib.a : pin.obj (.const:g_ulPinToPadMap)
                  20005784    000000d4                 : interrupt.obj (.const:g_pulRegs)
                  20005858    000000a8                 : prcm.obj (.const:PRCM_PeriphRegsList)
                  20005900    00000080                 : interrupt.obj (.const)
                  20005980    00000018                 : spi.obj (.const)
                  20005998    00000010                 : uart.obj (.const)

.cinit     0    200059a8    00000034     
                  200059a8    00000023     (.cinit..data.load) [load image, compression = lzss]
                  200059cb    00000001     --HOLE-- [fill = 0]
                  200059cc    00000008     (__TI_handler_table)
                  200059d4    00000008     (__TI_cinit_table)

.data      0    20017000    00000020     UNINITIALIZED
                  20017000    00000011     main.obj (.data:str)
                  20017011    00000003     --HOLE--
                  20017014    0000000c     main.obj (.data)

.stack     0    2002fae8    00000518     UNINITIALIZED
                  2002fae8    00000004     rtsv7M4_T_le_eabi.lib : boot_cortex_m.c.obj (.stack)
                  2002faec    00000514     --HOLE--

MODULE SUMMARY

       Module                       code   ro data   rw data
       ------                       ----   -------   -------
    .\
       startup_ccs.obj              14     1024      0      
       main.obj                     624    0         29     
       rom_pin_mux_config.obj       272    0         0      
    +--+----------------------------+------+---------+---------+
       Total:                       910    1024      29     
                                                            
    C:/ti/CC3200SDK_1.3.0/cc3200-sdk/driverlib/ccs/Release/driverlib.a
       spi.obj                      1318   24        0      
       prcm.obj                     800    168       0      
       interrupt.obj                314    340       0      
       pin.obj                      300    256       0      
       uart.obj                     408    16        0      
       gpio.obj                     262    0         0      
       cpu.obj                      20     0         0      
       utils.obj                    6      0         0      
    +--+----------------------------+------+---------+---------+
       Total:                       3428   804       0      
                                                            
    C:\ti\ccsv8\tools\compiler\ti-cgt-arm_18.1.2.LTS\lib\rtsv7M4_T_le_eabi.lib
       memcpy_t2.asm.obj            156    0         0      
       copy_decompress_lzss.c.obj   104    0         0      
       autoinit.c.obj               68     0         0      
       boot_cortex_m.c.obj          40     0         0      
       copy_decompress_none.c.obj   14     0         0      
       exit.c.obj                   4      0         0      
       pre_init.c.obj               4      0         0      
    +--+----------------------------+------+---------+---------+
       Total:                       390    0         0      
                                                            
       Stack:                       0      0         1304   
       Linker Generated:            0      51        0      
    +--+----------------------------+------+---------+---------+
       Grand Total:                 4728   1879      1333   


LINKER GENERATED COPY TABLES

__TI_cinit_table @ 200059d4 records: 1, size/record: 8, table size: 8
	.data: load addr=200059a8, load size=00000023 bytes, run addr=20017000, run size=00000020 bytes, compression=lzss


LINKER GENERATED HANDLER TABLE

__TI_handler_table @ 200059cc records: 2, size/record: 4, table size: 8
	index: 0, handler: __TI_decompress_lzss
	index: 1, handler: __TI_decompress_none


GLOBAL SYMBOLS: SORTED ALPHABETICALLY BY Name 

address   name                          
-------   ----                          
2000567f  C$$EXIT                       
20005601  CPUcpsie                      
200052f5  GPIODirModeSet                
20005615  GPIOIntClear                  
20005557  GPIOIntEnable                 
20004ed9  GPIOIntTypeSet                
2000549b  GPIOPinWrite                  
20004b51  IntEnable                     
2000566b  IntMasterEnable               
20005111  IntPrioritySet                
200054bd  IntRegister                   
20005629  IntVTableBaseSet              
20004671  PRCMCC3200MCUInit             
200055d5  PRCMHIBRegRead                
200055eb  PRCMHIBRegWrite               
200053b9  PRCMPeripheralClkDisable      
200052b9  PRCMPeripheralClkEnable       
20004d35  PRCMPeripheralClockGet        
200050b9  PRCMPeripheralReset           
2000538d  PRCMSysResetCauseGet          
20004dc9  PinConfigSet                  
20005279  PinModeSet                    
200047e9  PinMuxConfig                  
2000532b  PinTypeGPIO                   
20005571  PinTypeSPI                    
2000558b  PinTypeUART                   
20004401  RT_Spi                        
2000565d  ResetISR                      
20004bf9  SPIConfigSetExpClk            
200054dd  SPIDataGet                    
200054fd  SPIDataPut                    
200053e1  SPIDataPutNonBlocking         
200055a5  SPIEnable                     
20005165  SPIIntClear                   
20004f5d  SPIIntStatus                  
20005479  SPIReset                      
20004e51  SPITransfer                   
2000443b  Tx_UART                       
20005431  UARTCharPutNonBlocking        
20004fd9  UARTConfigSetExpClk           
2000535d  UARTDisable                   
20005455  UARTEnable                    
2000563d  UARTIntClear                  
200055bd  UARTIntEnable                 
2000551b  UARTIntRegister               
20005539  UARTIntStatus                 
20005675  UtilsDelay                    
20030000  __STACK_END                   
00000518  __STACK_SIZE                  
200059d4  __TI_CINIT_Base               
200059dc  __TI_CINIT_Limit              
200059cc  __TI_Handler_Table_Base       
200059d4  __TI_Handler_Table_Limit      
20005235  __TI_auto_init_nobinit_nopinit
2000504f  __TI_decompress_lzss          
2000564f  __TI_decompress_none          
ffffffff  __TI_pprof_out_hndl           
ffffffff  __TI_prof_data_size           
ffffffff  __TI_prof_data_start          
200059a8  __TI_static_base__            
20004c99  __aeabi_memcpy                
20004c99  __aeabi_memcpy4               
20004c99  __aeabi_memcpy8               
ffffffff  __binit__                     
ffffffff  __c_args__                    
UNDEFED   __mpu_init                    
2002fae8  __stack                       
20005409  _c_int00_noargs               
UNDEFED   _system_post_cinit            
2000567b  _system_pre_init              
2000567f  abort                         
ffffffff  binit                         
2001701c  car                           
20017014  dirBaseSpi                    
20017018  dirBaseUart                   
20004000  g_pfnVectors                  
2000449d  main                          
20004c99  memcpy                        
20017000  str                           


GLOBAL SYMBOLS: SORTED BY Symbol Address 

address   name                          
-------   ----                          
00000518  __STACK_SIZE                  
20004000  g_pfnVectors                  
20004401  RT_Spi                        
2000443b  Tx_UART                       
2000449d  main                          
20004671  PRCMCC3200MCUInit             
200047e9  PinMuxConfig                  
20004b51  IntEnable                     
20004bf9  SPIConfigSetExpClk            
20004c99  __aeabi_memcpy                
20004c99  __aeabi_memcpy4               
20004c99  __aeabi_memcpy8               
20004c99  memcpy                        
20004d35  PRCMPeripheralClockGet        
20004dc9  PinConfigSet                  
20004e51  SPITransfer                   
20004ed9  GPIOIntTypeSet                
20004f5d  SPIIntStatus                  
20004fd9  UARTConfigSetExpClk           
2000504f  __TI_decompress_lzss          
200050b9  PRCMPeripheralReset           
20005111  IntPrioritySet                
20005165  SPIIntClear                   
20005235  __TI_auto_init_nobinit_nopinit
20005279  PinModeSet                    
200052b9  PRCMPeripheralClkEnable       
200052f5  GPIODirModeSet                
2000532b  PinTypeGPIO                   
2000535d  UARTDisable                   
2000538d  PRCMSysResetCauseGet          
200053b9  PRCMPeripheralClkDisable      
200053e1  SPIDataPutNonBlocking         
20005409  _c_int00_noargs               
20005431  UARTCharPutNonBlocking        
20005455  UARTEnable                    
20005479  SPIReset                      
2000549b  GPIOPinWrite                  
200054bd  IntRegister                   
200054dd  SPIDataGet                    
200054fd  SPIDataPut                    
2000551b  UARTIntRegister               
20005539  UARTIntStatus                 
20005557  GPIOIntEnable                 
20005571  PinTypeSPI                    
2000558b  PinTypeUART                   
200055a5  SPIEnable                     
200055bd  UARTIntEnable                 
200055d5  PRCMHIBRegRead                
200055eb  PRCMHIBRegWrite               
20005601  CPUcpsie                      
20005615  GPIOIntClear                  
20005629  IntVTableBaseSet              
2000563d  UARTIntClear                  
2000564f  __TI_decompress_none          
2000565d  ResetISR                      
2000566b  IntMasterEnable               
20005675  UtilsDelay                    
2000567b  _system_pre_init              
2000567f  C$$EXIT                       
2000567f  abort                         
200059a8  __TI_static_base__            
200059cc  __TI_Handler_Table_Base       
200059d4  __TI_CINIT_Base               
200059d4  __TI_Handler_Table_Limit      
200059dc  __TI_CINIT_Limit              
20017000  str                           
20017014  dirBaseSpi                    
20017018  dirBaseUart                   
2001701c  car                           
2002fae8  __stack                       
20030000  __STACK_END                   
ffffffff  __TI_pprof_out_hndl           
ffffffff  __TI_prof_data_size           
ffffffff  __TI_prof_data_start          
ffffffff  __binit__                     
ffffffff  __c_args__                    
ffffffff  binit                         
UNDEFED   __mpu_init                    
UNDEFED   _system_post_cinit            

[79 symbols]
