******************************************************************************
                  TI ARM Linker PC v18.1.2                     
******************************************************************************
>> Linked Wed Oct 24 20:56:33 2018

OUTPUT FILE NAME:   <SpiConTrf.out>
ENTRY POINT SYMBOL: "_c_int00_noargs"  address: 200054a9


MEMORY CONFIGURATION

         name            origin    length      used     unused   attr    fill
----------------------  --------  ---------  --------  --------  ----  --------
  SRAM_CODE             20004000   00012fff  00001a9a  00011565  RW X
  SRAM_DATA             20017000   00019000  00000538  00018ac8  RW X


SEGMENT ALLOCATION MAP

run origin  load origin   length   init length attrs members
----------  ----------- ---------- ----------- ----- -------
20004000    20004000    00001a9c   00001a9c    r-x
  20004000    20004000    00000400   00000400    r-- .intvecs
  20004400    20004400    00001342   00001342    r-x .text
  20005744    20005744    00000324   00000324    r-- .const
  20005a68    20005a68    00000034   00000034    r-- .cinit
20017000    20017000    00000020   00000000    rw-
  20017000    20017000    00000020   00000000    rw- .data
2002fae8    2002fae8    00000518   00000000    rw-
  2002fae8    2002fae8    00000518   00000000    rw- .stack


SECTION ALLOCATION MAP

 output                                  attributes/
section   page    origin      length       input sections
--------  ----  ----------  ----------   ----------------
.intvecs   0    20004000    00000400     
                  20004000    00000400     startup_ccs.obj (.intvecs)

.init_array 
*          0    20004000    00000000     UNINITIALIZED

.text      0    20004400    00001342     
                  20004400    00000310     main.obj (.text)
                  20004710    00000178     driverlib.a : prcm.obj (.text:PRCMCC3200MCUInit)
                  20004888    00000110     rom_pin_mux_config.obj (.text)
                  20004998    000000d0     driverlib.a : spi.obj (.text:SPITransfer32)
                  20004a68    000000ce                 : spi.obj (.text:SPITransfer16)
                  20004b36    000000b8                 : spi.obj (.text:SPITransfer8)
                  20004bee    00000002     --HOLE-- [fill = 0]
                  20004bf0    000000a8                 : interrupt.obj (.text:IntEnable)
                  20004c98    000000a0                 : spi.obj (.text:SPIConfigSetExpClk)
                  20004d38    0000009c     rtsv7M4_T_le_eabi.lib : memcpy_t2.asm.obj (.text)
                  20004dd4    00000094     driverlib.a : prcm.obj (.text:PRCMPeripheralClockGet)
                  20004e68    00000088                 : pin.obj (.text:PinConfigSet)
                  20004ef0    00000088                 : spi.obj (.text:SPITransfer)
                  20004f78    00000082                 : gpio.obj (.text:GPIOIntTypeSet)
                  20004ffa    00000002     --HOLE-- [fill = 0]
                  20004ffc    0000007c                 : spi.obj (.text:SPIIntStatus)
                  20005078    00000076                 : uart.obj (.text:UARTConfigSetExpClk)
                  200050ee    00000068     rtsv7M4_T_le_eabi.lib : copy_decompress_lzss.c.obj (.text:decompress:lzss:__TI_decompress_lzss)
                  20005156    00000002     --HOLE-- [fill = 0]
                  20005158    00000058     driverlib.a : prcm.obj (.text:PRCMPeripheralReset)
                  200051b0    00000054                 : interrupt.obj (.text:IntPrioritySet)
                  20005204    00000048                 : spi.obj (.text:SPIIntClear)
                  2000524c    00000044                 : spi.obj (.text:SPIDmaMaskGet)
                  20005290    00000044                 : uart.obj (.text:UARTIntNumberGet)
                  200052d4    00000044     rtsv7M4_T_le_eabi.lib : autoinit.c.obj (.text:__TI_auto_init_nobinit_nopinit:__TI_auto_init_nobinit_nopinit)
                  20005318    00000040     driverlib.a : pin.obj (.text:PinModeSet)
                  20005358    0000003c                 : prcm.obj (.text:PRCMPeripheralClkEnable)
                  20005394    00000036                 : gpio.obj (.text:GPIODirModeSet)
                  200053ca    00000030                 : pin.obj (.text:PinTypeGPIO)
                  200053fa    00000002     --HOLE-- [fill = 0]
                  200053fc    00000030                 : uart.obj (.text:UARTDisable)
                  2000542c    0000002c                 : prcm.obj (.text:PRCMSysResetCauseGet)
                  20005458    00000028                 : prcm.obj (.text:PRCMPeripheralClkDisable)
                  20005480    00000028                 : spi.obj (.text:SPIDataPutNonBlocking)
                  200054a8    00000028     rtsv7M4_T_le_eabi.lib : boot_cortex_m.c.obj (.text:_c_int00_noargs:_c_int00_noargs)
                  200054d0    00000024     driverlib.a : uart.obj (.text:UARTCharPutNonBlocking)
                  200054f4    00000024                 : uart.obj (.text:UARTEnable)
                  20005518    00000022                 : spi.obj (.text:SPIReset)
                  2000553a    00000020                 : gpio.obj (.text:GPIOPinWrite)
                  2000555a    00000002     --HOLE-- [fill = 0]
                  2000555c    00000020                 : interrupt.obj (.text:IntRegister)
                  2000557c    00000020                 : spi.obj (.text:SPIDataGet)
                  2000559c    0000001e                 : spi.obj (.text:SPIDataPut)
                  200055ba    0000001e                 : uart.obj (.text:UARTCharPut)
                  200055d8    0000001e                 : uart.obj (.text:UARTIntRegister)
                  200055f6    0000001e                 : uart.obj (.text:UARTIntStatus)
                  20005614    0000001a                 : gpio.obj (.text:GPIOIntEnable)
                  2000562e    0000001a                 : pin.obj (.text:PinTypeSPI)
                  20005648    0000001a                 : pin.obj (.text:PinTypeUART)
                  20005662    00000018                 : spi.obj (.text:SPIEnable)
                  2000567a    00000018                 : uart.obj (.text:UARTIntEnable)
                  20005692    00000016                 : prcm.obj (.text:PRCMHIBRegRead)
                  200056a8    00000016                 : prcm.obj (.text:PRCMHIBRegWrite)
                  200056be    00000014                 : cpu.obj (.text:CPUcpsie)
                  200056d2    00000014                 : gpio.obj (.text:GPIOIntClear)
                  200056e6    00000002     --HOLE-- [fill = 0]
                  200056e8    00000014                 : interrupt.obj (.text:IntVTableBaseSet)
                  200056fc    00000012                 : uart.obj (.text:UARTIntClear)
                  2000570e    0000000e     rtsv7M4_T_le_eabi.lib : copy_decompress_none.c.obj (.text:decompress:none:__TI_decompress_none)
                  2000571c    0000000e     startup_ccs.obj (.text)
                  2000572a    0000000a     driverlib.a : interrupt.obj (.text:IntMasterEnable)
                  20005734    00000006                 : utils.obj (.text:UtilsDelay)
                  2000573a    00000004     rtsv7M4_T_le_eabi.lib : pre_init.c.obj (.text:_system_pre_init)
                  2000573e    00000004                           : exit.c.obj (.text:abort:abort)

.const     0    20005744    00000324     
                  20005744    00000100     driverlib.a : pin.obj (.const:g_ulPinToPadMap)
                  20005844    000000d4                 : interrupt.obj (.const:g_pulRegs)
                  20005918    000000a8                 : prcm.obj (.const:PRCM_PeriphRegsList)
                  200059c0    00000080                 : interrupt.obj (.const)
                  20005a40    00000018                 : spi.obj (.const)
                  20005a58    00000010                 : uart.obj (.const)

.cinit     0    20005a68    00000034     
                  20005a68    00000023     (.cinit..data.load) [load image, compression = lzss]
                  20005a8b    00000001     --HOLE-- [fill = 0]
                  20005a8c    00000008     (__TI_handler_table)
                  20005a94    00000008     (__TI_cinit_table)

.data      0    20017000    00000020     UNINITIALIZED
                  20017000    00000011     main.obj (.data:str)
                  20017011    00000003     --HOLE--
                  20017014    0000000c     main.obj (.data)

.stack     0    2002fae8    00000518     UNINITIALIZED
                  2002fae8    00000004     rtsv7M4_T_le_eabi.lib : boot_cortex_m.c.obj (.stack)
                  2002faec    00000514     --HOLE--

MODULE SUMMARY

       Module                       code   ro data   rw data
       ------                       ----   -------   -------
    .\
       startup_ccs.obj              14     1024      0      
       main.obj                     784    0         29     
       rom_pin_mux_config.obj       272    0         0      
    +--+----------------------------+------+---------+---------+
       Total:                       1070   1024      29     
                                                            
    C:/ti/CC3200SDK_1.3.0/cc3200-sdk/driverlib/ccs/Release/driverlib.a
       spi.obj                      1318   24        0      
       prcm.obj                     800    168       0      
       interrupt.obj                314    340       0      
       pin.obj                      300    256       0      
       uart.obj                     438    16        0      
       gpio.obj                     262    0         0      
       cpu.obj                      20     0         0      
       utils.obj                    6      0         0      
    +--+----------------------------+------+---------+---------+
       Total:                       3458   804       0      
                                                            
    C:\ti\ccsv8\tools\compiler\ti-cgt-arm_18.1.2.LTS\lib\rtsv7M4_T_le_eabi.lib
       memcpy_t2.asm.obj            156    0         0      
       copy_decompress_lzss.c.obj   104    0         0      
       autoinit.c.obj               68     0         0      
       boot_cortex_m.c.obj          40     0         0      
       copy_decompress_none.c.obj   14     0         0      
       exit.c.obj                   4      0         0      
       pre_init.c.obj               4      0         0      
    +--+----------------------------+------+---------+---------+
       Total:                       390    0         0      
                                                            
       Stack:                       0      0         1304   
       Linker Generated:            0      51        0      
    +--+----------------------------+------+---------+---------+
       Grand Total:                 4918   1879      1333   


LINKER GENERATED COPY TABLES

__TI_cinit_table @ 20005a94 records: 1, size/record: 8, table size: 8
	.data: load addr=20005a68, load size=00000023 bytes, run addr=20017000, run size=00000020 bytes, compression=lzss


LINKER GENERATED HANDLER TABLE

__TI_handler_table @ 20005a8c records: 2, size/record: 4, table size: 8
	index: 0, handler: __TI_decompress_lzss
	index: 1, handler: __TI_decompress_none


GLOBAL SYMBOLS: SORTED ALPHABETICALLY BY Name 

address   name                          
-------   ----                          
2000573f  C$$EXIT                       
200056bf  CPUcpsie                      
20005395  GPIODirModeSet                
200056d3  GPIOIntClear                  
20005615  GPIOIntEnable                 
20004f79  GPIOIntTypeSet                
2000553b  GPIOPinWrite                  
20004bf1  IntEnable                     
2000572b  IntMasterEnable               
200051b1  IntPrioritySet                
2000555d  IntRegister                   
200056e9  IntVTableBaseSet              
20004711  PRCMCC3200MCUInit             
20005693  PRCMHIBRegRead                
200056a9  PRCMHIBRegWrite               
20005459  PRCMPeripheralClkDisable      
20005359  PRCMPeripheralClkEnable       
20004dd5  PRCMPeripheralClockGet        
20005159  PRCMPeripheralReset           
2000542d  PRCMSysResetCauseGet          
20004e69  PinConfigSet                  
20005319  PinModeSet                    
20004889  PinMuxConfig                  
200053cb  PinTypeGPIO                   
2000562f  PinTypeSPI                    
20005649  PinTypeUART                   
20004401  RT_Spi                        
2000571d  ResetISR                      
20004c99  SPIConfigSetExpClk            
2000557d  SPIDataGet                    
2000559d  SPIDataPut                    
20005481  SPIDataPutNonBlocking         
20005663  SPIEnable                     
20005205  SPIIntClear                   
20004ffd  SPIIntStatus                  
20005519  SPIReset                      
20004ef1  SPITransfer                   
2000443b  Tx_UART                       
200055bb  UARTCharPut                   
200054d1  UARTCharPutNonBlocking        
20005079  UARTConfigSetExpClk           
200053fd  UARTDisable                   
200054f5  UARTEnable                    
200056fd  UARTIntClear                  
2000567b  UARTIntEnable                 
200055d9  UARTIntRegister               
200055f7  UARTIntStatus                 
20005735  UtilsDelay                    
20030000  __STACK_END                   
00000518  __STACK_SIZE                  
20005a94  __TI_CINIT_Base               
20005a9c  __TI_CINIT_Limit              
20005a8c  __TI_Handler_Table_Base       
20005a94  __TI_Handler_Table_Limit      
200052d5  __TI_auto_init_nobinit_nopinit
200050ef  __TI_decompress_lzss          
2000570f  __TI_decompress_none          
ffffffff  __TI_pprof_out_hndl           
ffffffff  __TI_prof_data_size           
ffffffff  __TI_prof_data_start          
20005a68  __TI_static_base__            
20004d39  __aeabi_memcpy                
20004d39  __aeabi_memcpy4               
20004d39  __aeabi_memcpy8               
ffffffff  __binit__                     
ffffffff  __c_args__                    
UNDEFED   __mpu_init                    
2002fae8  __stack                       
200054a9  _c_int00_noargs               
UNDEFED   _system_post_cinit            
2000573b  _system_pre_init              
2000573f  abort                         
ffffffff  binit                         
2001701c  car                           
20017014  dirBaseSpi                    
20017018  dirBaseUart                   
20004000  g_pfnVectors                  
2000449d  main                          
20004d39  memcpy                        
20017000  str                           


GLOBAL SYMBOLS: SORTED BY Symbol Address 

address   name                          
-------   ----                          
00000518  __STACK_SIZE                  
20004000  g_pfnVectors                  
20004401  RT_Spi                        
2000443b  Tx_UART                       
2000449d  main                          
20004711  PRCMCC3200MCUInit             
20004889  PinMuxConfig                  
20004bf1  IntEnable                     
20004c99  SPIConfigSetExpClk            
20004d39  __aeabi_memcpy                
20004d39  __aeabi_memcpy4               
20004d39  __aeabi_memcpy8               
20004d39  memcpy                        
20004dd5  PRCMPeripheralClockGet        
20004e69  PinConfigSet                  
20004ef1  SPITransfer                   
20004f79  GPIOIntTypeSet                
20004ffd  SPIIntStatus                  
20005079  UARTConfigSetExpClk           
200050ef  __TI_decompress_lzss          
20005159  PRCMPeripheralReset           
200051b1  IntPrioritySet                
20005205  SPIIntClear                   
200052d5  __TI_auto_init_nobinit_nopinit
20005319  PinModeSet                    
20005359  PRCMPeripheralClkEnable       
20005395  GPIODirModeSet                
200053cb  PinTypeGPIO                   
200053fd  UARTDisable                   
2000542d  PRCMSysResetCauseGet          
20005459  PRCMPeripheralClkDisable      
20005481  SPIDataPutNonBlocking         
200054a9  _c_int00_noargs               
200054d1  UARTCharPutNonBlocking        
200054f5  UARTEnable                    
20005519  SPIReset                      
2000553b  GPIOPinWrite                  
2000555d  IntRegister                   
2000557d  SPIDataGet                    
2000559d  SPIDataPut                    
200055bb  UARTCharPut                   
200055d9  UARTIntRegister               
200055f7  UARTIntStatus                 
20005615  GPIOIntEnable                 
2000562f  PinTypeSPI                    
20005649  PinTypeUART                   
20005663  SPIEnable                     
2000567b  UARTIntEnable                 
20005693  PRCMHIBRegRead                
200056a9  PRCMHIBRegWrite               
200056bf  CPUcpsie                      
200056d3  GPIOIntClear                  
200056e9  IntVTableBaseSet              
200056fd  UARTIntClear                  
2000570f  __TI_decompress_none          
2000571d  ResetISR                      
2000572b  IntMasterEnable               
20005735  UtilsDelay                    
2000573b  _system_pre_init              
2000573f  C$$EXIT                       
2000573f  abort                         
20005a68  __TI_static_base__            
20005a8c  __TI_Handler_Table_Base       
20005a94  __TI_CINIT_Base               
20005a94  __TI_Handler_Table_Limit      
20005a9c  __TI_CINIT_Limit              
20017000  str                           
20017014  dirBaseSpi                    
20017018  dirBaseUart                   
2001701c  car                           
2002fae8  __stack                       
20030000  __STACK_END                   
ffffffff  __TI_pprof_out_hndl           
ffffffff  __TI_prof_data_size           
ffffffff  __TI_prof_data_start          
ffffffff  __binit__                     
ffffffff  __c_args__                    
ffffffff  binit                         
UNDEFED   __mpu_init                    
UNDEFED   _system_post_cinit            

[80 symbols]
